Archive member included to satisfy reference by file (symbol)

contiki-srf06-cc26xx.a(contiki-main.o)
                              obj_srf06-cc26xx/startup_gcc.o (main)
contiki-srf06-cc26xx.a(sensors.o)
                              contiki-srf06-cc26xx.a(contiki-main.o) (sensors_process)
contiki-srf06-cc26xx.a(leds.o)
                              contiki-srf06-cc26xx.a(contiki-main.o) (leds_init)
contiki-srf06-cc26xx.a(leds-arch.o)
                              contiki-srf06-cc26xx.a(leds.o) (leds_arch_init)
contiki-srf06-cc26xx.a(sensortag-senso)
                              contiki-srf06-cc26xx.a(sensors.o) (sensors_flags)
contiki-srf06-cc26xx.a(bmp-280-sensor.)
                              contiki-srf06-cc26xx.a(sensortag-senso) (bmp_280_sensor)
contiki-srf06-cc26xx.a(tmp-007-sensor.)
                              contiki-srf06-cc26xx.a(sensortag-senso) (tmp_007_sensor)
contiki-srf06-cc26xx.a(opt-3001-sensor)
                              contiki-srf06-cc26xx.a(sensortag-senso) (opt_3001_sensor)
contiki-srf06-cc26xx.a(hdc-1000-sensor)
                              contiki-srf06-cc26xx.a(sensortag-senso) (hdc_1000_sensor)
contiki-srf06-cc26xx.a(mpu-9250-sensor)
                              contiki-srf06-cc26xx.a(sensortag-senso) (mpu_9250_sensor)
contiki-srf06-cc26xx.a(button-sensor.o)
                              contiki-srf06-cc26xx.a(sensortag-senso) (button_right_sensor)
contiki-srf06-cc26xx.a(reed-relay.o)
                              contiki-srf06-cc26xx.a(sensortag-senso) (reed_relay_sensor)
contiki-srf06-cc26xx.a(board.o)
                              contiki-srf06-cc26xx.a(contiki-main.o) (board_init)
contiki-srf06-cc26xx.a(board-i2c.o)
                              contiki-srf06-cc26xx.a(board.o) (board_i2c_wakeup)
contiki-srf06-cc26xx.a(cfs-coffee.o)
                              test-coffee.co (cfs_open)
contiki-srf06-cc26xx.a(xmem.o)
                              contiki-srf06-cc26xx.a(cfs-coffee.o) (xmem_pread)
contiki-srf06-cc26xx.a(clock.o)
                              contiki-srf06-cc26xx.a(contiki-main.o) (clock_init)
contiki-srf06-cc26xx.a(rtimer-arch.o)
                              contiki-srf06-cc26xx.a(mpu-9250-sensor) (rtimer_arch_now)
contiki-srf06-cc26xx.a(soc-rtc.o)
                              contiki-srf06-cc26xx.a(contiki-main.o) (soc_rtc_init)
contiki-srf06-cc26xx.a(contiki-watchdo)
                              contiki-srf06-cc26xx.a(contiki-main.o) (watchdog_init)
contiki-srf06-cc26xx.a(putchar.o)
                              contiki-srf06-cc26xx.a(contiki-main.o) (putchar)
contiki-srf06-cc26xx.a(ieee-addr.o)
                              contiki-srf06-cc26xx.a(contiki-main.o) (ieee_addr_cpy_to)
contiki-srf06-cc26xx.a(cc26xx-uart.o)
                              contiki-srf06-cc26xx.a(contiki-main.o) (cc26xx_uart_init)
contiki-srf06-cc26xx.a(lpm.o)
                              contiki-srf06-cc26xx.a(button-sensor.o) (lpm_shutdown)
contiki-srf06-cc26xx.a(gpio-interrupt.)
                              contiki-srf06-cc26xx.a(button-sensor.o) (gpio_interrupt_register_handler)
contiki-srf06-cc26xx.a(oscillators.o)
                              contiki-srf06-cc26xx.a(contiki-main.o) (oscillators_select_lf_xosc)
contiki-srf06-cc26xx.a(ieee-mode.o)
                              contiki-srf06-cc26xx.a(contiki-main.o) (ieee_mode_driver)
contiki-srf06-cc26xx.a(random.o)
                              test-coffee.co (random_rand)
contiki-srf06-cc26xx.a(soc-trng.o)
                              contiki-srf06-cc26xx.a(random.o) (soc_trng_rand_synchronous)
contiki-srf06-cc26xx.a(dbg-printf.o)
                              test-coffee.co (printf)
contiki-srf06-cc26xx.a(strformat.o)
                              contiki-srf06-cc26xx.a(dbg-printf.o) (format_str_v)
contiki-srf06-cc26xx.a(autostart.o)
                              contiki-srf06-cc26xx.a(contiki-main.o) (autostart_start)
contiki-srf06-cc26xx.a(energest.o)
                              contiki-srf06-cc26xx.a(contiki-main.o) (energest_init)
contiki-srf06-cc26xx.a(ctimer.o)
                              contiki-srf06-cc26xx.a(contiki-main.o) (ctimer_init)
contiki-srf06-cc26xx.a(etimer.o)
                              contiki-srf06-cc26xx.a(clock.o) (etimer_request_poll)
contiki-srf06-cc26xx.a(process.o)
                              contiki-srf06-cc26xx.a(sensors.o) (process_alloc_event)
contiki-srf06-cc26xx.a(rtimer.o)
                              contiki-srf06-cc26xx.a(contiki-main.o) (rtimer_init)
contiki-srf06-cc26xx.a(timer.o)
                              contiki-srf06-cc26xx.a(button-sensor.o) (timer_set)
contiki-srf06-cc26xx.a(serial-line.o)
                              contiki-srf06-cc26xx.a(contiki-main.o) (serial_line_init)
contiki-srf06-cc26xx.a(list.o)
                              contiki-srf06-cc26xx.a(lpm.o) (list_init)
contiki-srf06-cc26xx.a(ringbuf.o)
                              contiki-srf06-cc26xx.a(serial-line.o) (ringbuf_init)
contiki-srf06-cc26xx.a(rime.o)
[...]
Memory Configuration

Name             Origin             Length             Attributes
FLASH            0x0000000000000000 0x000000000001ffa8 xr
FLASH_CCFG       0x000000000001ffa8 0x0000000000000058 xr
SRAM             0x0000000020000000 0x0000000000005000 xrw
GPRAM            0x0000000011000000 0x0000000000002000 xrw
*default*        0x0000000000000000 0xffffffffffffffff

Linker script and memory map

LOAD obj_srf06-cc26xx/fault-handlers.o
LOAD obj_srf06-cc26xx/ccfg.o
LOAD obj_srf06-cc26xx/startup_gcc.o
LOAD test-coffee.co
LOAD contiki-srf06-cc26xx.a
LOAD /usr/lib/gcc/arm-none-eabi/4.9.3/../../../arm-none-eabi/lib/armv7-m/libm.a
START GROUP
LOAD /usr/lib/gcc/arm-none-eabi/4.9.3/armv7-m/libgcc.a
LOAD /usr/lib/gcc/arm-none-eabi/4.9.3/../../../arm-none-eabi/lib/armv7-m/libc.a
END GROUP
                0x0000000020005000                _estack = (ORIGIN (SRAM) + LENGTH (SRAM))
                0x0000000000000000                _Min_Heap_Size = 0x0
                0x0000000000000100                _Min_Stack_Size = 0x100

.text           0x0000000000000000     0xcd7c
                0x0000000000000000                _text = .
 *(SORT(.vectors))
 .vectors       0x0000000000000000       0xc8 obj_srf06-cc26xx/startup_gcc.o
                0x0000000000000000                g_pfnVectors
 *(SORT(.text*))
 .text.value    0x00000000000000c8       0xb0 contiki-srf06-cc26xx.a(opt-3001-sensor)
 .text.value    0x0000000000000178       0x9c contiki-srf06-cc26xx.a(hdc-1000-sensor)
 *fill*         0x0000000000000214        0x4 00000000
 .text.value    0x0000000000000218      0x238 contiki-srf06-cc26xx.a(mpu-9250-sensor)
 .text.__ieee754_pow
                0x0000000000000450      0xaa0 /usr/lib/gcc/arm-none-eabi/4.9.3/../../../arm-none-eabi/lib/armv7-m/libm.a(lib_a-e_pow.o)
                0x0000000000000450                __ieee754_pow
 .text.scalbn   0x0000000000000ef0       0xf0 /usr/lib/gcc/arm-none-eabi/4.9.3/../../../arm-none-eabi/lib/armv7-m/libm.a(lib_a-s_scalbn.o)
                0x0000000000000ef0                scalbn
 .text.FaultISR
                0x0000000000000fe0       0x18 obj_srf06-cc26xx/fault-handlers.o
                0x0000000000000fe0                FaultISR
 .text.NmiSRHandler
                0x0000000000000ff8        0x4 obj_srf06-cc26xx/startup_gcc.o
                0x0000000000000ff8                NmiSR
 .text.IntDefaultHandler
                0x0000000000000ffc        0x4 obj_srf06-cc26xx/startup_gcc.o
                0x0000000000000ffc                SSI0IntHandler
                0x0000000000000ffc                SWEvent0IntHandler
                0x0000000000000ffc                uDMAIntHandler
                0x0000000000000ffc                WatchdogIntHandler
                0x0000000000000ffc                RFCHardwareIntHandler
                0x0000000000000ffc                Timer1BIntHandler
                0x0000000000000ffc                I2SIntHandler
                0x0000000000000ffc                Timer2BIntHandler
                0x0000000000000ffc                Timer2AIntHandler
                0x0000000000000ffc                Timer1AIntHandler
                0x0000000000000ffc                AONIntHandler
                0x0000000000000ffc                AUXSWEvent0IntHandler
                0x0000000000000ffc                AUXADCIntHandler
                0x0000000000000ffc                PendSVIntHandler
                0x0000000000000ffc                AUXSWEvent1IntHandler
                0x0000000000000ffc                SVCallIntHandler
                0x0000000000000ffc                MPUFaultIntHandler
                0x0000000000000ffc                SysTickIntHandler
                0x0000000000000ffc                BusFaultIntHandler
                0x0000000000000ffc                AONProgIntHandler
                0x0000000000000ffc                AUXCompAIntHandler
                0x0000000000000ffc                SSI1IntHandler
                0x0000000000000ffc                FlashIntHandler
                0x0000000000000ffc                uDMAErrIntHandler
                0x0000000000000ffc                UsageFaultIntHandler
                0x0000000000000ffc                RFCCmdAckIntHandler
                0x0000000000000ffc                CryptoIntHandler
                0x0000000000000ffc                Timer0AIntHandler
                0x0000000000000ffc                I2CIntHandler
                0x0000000000000ffc                DebugMonIntHandler
                0x0000000000000ffc                Timer0BIntHandler
                0x0000000000000ffc                AUXCombEventIntHandler
                0x0000000000000ffc                Timer3AIntHandler
                0x0000000000000ffc                DynProgIntHandler
                0x0000000000000ffc                Timer3BIntHandler
 .text.ResetISR
                0x0000000000001000       0x5c obj_srf06-cc26xx/startup_gcc.o
                0x0000000000001000                ResetISR
 .text.print_result
                0x000000000000105c       0x34 test-coffee.co
 .text.coffee_test_append
                0x0000000000001090       0xcc test-coffee.co
 .text.process_thread_testcoffee_process
                0x000000000000115c      0x404 test-coffee.co
 .text.fade     0x0000000000001560       0x64 contiki-srf06-cc26xx.a(contiki-main.o)
 .text.startup.main
                0x00000000000015c4      0x22c contiki-srf06-cc26xx.a(contiki-main.o)
                0x00000000000015c4                main
 .text.process_thread_sensors_process
                0x00000000000017f0       0xf8 contiki-srf06-cc26xx.a(sensors.o)
 .text.sensors_changed
                0x00000000000018e8       0x50 contiki-srf06-cc26xx.a(sensors.o)
                0x00000000000018e8                sensors_changed
 .text.leds_init
                0x0000000000001938       0x14 contiki-srf06-cc26xx.a(leds.o)
                0x0000000000001938                leds_init
 .text.leds_on  0x000000000000194c       0x14 contiki-srf06-cc26xx.a(leds.o)
                0x000000000000194c                leds_on
 .text.leds_off
                0x0000000000001960       0x14 contiki-srf06-cc26xx.a(leds.o)
                0x0000000000001960                leds_off
 .text.leds_arch_init
                0x0000000000001974       0x38 contiki-srf06-cc26xx.a(leds-arch.o)
                0x0000000000001974                leds_arch_init
 .text.leds_arch_set
                0x00000000000019ac       0x34 contiki-srf06-cc26xx.a(leds-arch.o)
                0x00000000000019ac                leds_arch_set
 .text.status   0x00000000000019e0       0x14 contiki-srf06-cc26xx.a(bmp-280-sensor.)
 .text.notify_ready
                0x00000000000019f4       0x14 contiki-srf06-cc26xx.a(bmp-280-sensor.)
 .text.enable_sensor
                0x0000000000001a08       0x2c contiki-srf06-cc26xx.a(bmp-280-sensor.)
 .text.configure
                0x0000000000001a34       0x94 contiki-srf06-cc26xx.a(bmp-280-sensor.)
 .text.value    0x0000000000001ac8      0x15c contiki-srf06-cc26xx.a(bmp-280-sensor.)
 .text.status   0x0000000000001c24       0x14 contiki-srf06-cc26xx.a(tmp-007-sensor.)
 .text.notify_ready
                0x0000000000001c38       0x14 contiki-srf06-cc26xx.a(tmp-007-sensor.)
 .text.enable_sensor
                0x0000000000001c4c       0x2c contiki-srf06-cc26xx.a(tmp-007-sensor.)
 .text.configure
                0x0000000000001c78       0x94 contiki-srf06-cc26xx.a(tmp-007-sensor.)
 .text.value    0x0000000000001d0c       0xec contiki-srf06-cc26xx.a(tmp-007-sensor.)
 .text.status   0x0000000000001df8        0xc contiki-srf06-cc26xx.a(opt-3001-sensor)
 .text.enable_sensor
                0x0000000000001e04       0x44 contiki-srf06-cc26xx.a(opt-3001-sensor)
 .text.notify_ready
                0x0000000000001e48       0x54 contiki-srf06-cc26xx.a(opt-3001-sensor)
 .text.configure
                0x0000000000001e9c       0x4c contiki-srf06-cc26xx.a(opt-3001-sensor)
 .text.status   0x0000000000001ee8       0x14 contiki-srf06-cc26xx.a(hdc-1000-sensor)
 .text.notify_ready
                0x0000000000001efc       0x60 contiki-srf06-cc26xx.a(hdc-1000-sensor)
 .text.configure
                0x0000000000001f5c       0xb8 contiki-srf06-cc26xx.a(hdc-1000-sensor)
 .text.acc_convert
                0x0000000000002014       0x70 contiki-srf06-cc26xx.a(mpu-9250-sensor)
 .text.status   0x0000000000002084       0x14 contiki-srf06-cc26xx.a(mpu-9250-sensor)
 .text.sensor_sleep
                0x0000000000002098       0x38 contiki-srf06-cc26xx.a(mpu-9250-sensor)
 .text.set_bypass
                0x00000000000020d0       0x5c contiki-srf06-cc26xx.a(mpu-9250-sensor)
 .text.int_status
                0x000000000000212c       0x28 contiki-srf06-cc26xx.a(mpu-9250-sensor)
 .text.configure
                0x0000000000002154       0xdc contiki-srf06-cc26xx.a(mpu-9250-sensor)
 .text.notify_ready
                0x0000000000002230       0x14 contiki-srf06-cc26xx.a(mpu-9250-sensor)
 .text.mag_read
                0x0000000000002244      0x13c contiki-srf06-cc26xx.a(mpu-9250-sensor)
                0x0000000000002244                mag_read
 .text.mag_init
                0x0000000000002380       0xcc contiki-srf06-cc26xx.a(mpu-9250-sensor)
                0x0000000000002380                mag_init
 .text.initialise
                0x000000000000244c      0x1a8 contiki-srf06-cc26xx.a(mpu-9250-sensor)
 .text.status.part.0
                0x00000000000025f4       0x14 contiki-srf06-cc26xx.a(button-sensor.o)
 .text.value_left
                0x0000000000002608       0x24 contiki-srf06-cc26xx.a(button-sensor.o)
 .text.value_right
                0x000000000000262c       0x18 contiki-srf06-cc26xx.a(button-sensor.o)
 .text.status_left
                0x0000000000002644       0x10 contiki-srf06-cc26xx.a(button-sensor.o)
 .text.status_right
                0x0000000000002654       0x10 contiki-srf06-cc26xx.a(button-sensor.o)
 .text.config_buttons
                0x0000000000002664       0x84 contiki-srf06-cc26xx.a(button-sensor.o)
 .text.config_left
                0x00000000000026e8        0xc contiki-srf06-cc26xx.a(button-sensor.o)
 .text.config_right
                0x00000000000026f4        0xc contiki-srf06-cc26xx.a(button-sensor.o)
 .text.button_press_handler
                0x0000000000002700       0x64 contiki-srf06-cc26xx.a(button-sensor.o)
 .text.value    0x0000000000002764       0x10 contiki-srf06-cc26xx.a(reed-relay.o)
 .text.status   0x0000000000002774       0x20 contiki-srf06-cc26xx.a(reed-relay.o)
 .text.configure
                0x0000000000002794       0x6c contiki-srf06-cc26xx.a(reed-relay.o)
 .text.reed_interrupt_handler
                0x0000000000002800       0x28 contiki-srf06-cc26xx.a(reed-relay.o)
 .text.power_domains_on
                0x0000000000002828       0x20 contiki-srf06-cc26xx.a(board.o)
 .text.lpm_wakeup_handler
                0x0000000000002848        0x4 contiki-srf06-cc26xx.a(board.o)
 .text.shutdown_handler
                0x000000000000284c       0x68 contiki-srf06-cc26xx.a(board.o)
 .text.board_init
                0x00000000000028b4      0x118 contiki-srf06-cc26xx.a(board.o)
                0x00000000000028b4                board_init
 .text.i2c_status
                0x00000000000029cc       0x34 contiki-srf06-cc26xx.a(board-i2c.o)
 .text.accessible
                0x0000000000002a00       0x24 contiki-srf06-cc26xx.a(board-i2c.o)
 .text.board_i2c_wakeup
                0x0000000000002a24       0x5c contiki-srf06-cc26xx.a(board-i2c.o)
                0x0000000000002a24                board_i2c_wakeup
 .text.board_i2c_shutdown
                0x0000000000002a80       0xa4 contiki-srf06-cc26xx.a(board-i2c.o)
                0x0000000000002a80                board_i2c_shutdown
 .text.board_i2c_write
                0x0000000000002b24      0x138 contiki-srf06-cc26xx.a(board-i2c.o)
                0x0000000000002b24                board_i2c_write
 .text.board_i2c_write_single
                0x0000000000002c5c       0x70 contiki-srf06-cc26xx.a(board-i2c.o)
                0x0000000000002c5c                board_i2c_write_single
 .text.board_i2c_read
                0x0000000000002ccc      0x118 contiki-srf06-cc26xx.a(board-i2c.o)
                0x0000000000002ccc                board_i2c_read
 .text.board_i2c_write_read
                0x0000000000002de4      0x1cc contiki-srf06-cc26xx.a(board-i2c.o)
                0x0000000000002de4                board_i2c_write_read
 .text.board_i2c_select
                0x0000000000002fb0       0xdc contiki-srf06-cc26xx.a(board-i2c.o)
                0x0000000000002fb0                board_i2c_select
 .text.find_contiguous_pages
                0x000000000000308c       0xac contiki-srf06-cc26xx.a(cfs-coffee.o)
 .text.file_end
                0x0000000000003138       0x64 contiki-srf06-cc26xx.a(cfs-coffee.o)
 .text.read_log_page
                0x000000000000319c      0x170 contiki-srf06-cc26xx.a(cfs-coffee.o)
 .text.load_file.isra.1
                0x000000000000330c       0x54 contiki-srf06-cc26xx.a(cfs-coffee.o)
 .text.find_file
                0x0000000000003360       0xcc contiki-srf06-cc26xx.a(cfs-coffee.o)
 .text.remove_by_page.isra.3
                0x000000000000342c       0xc0 contiki-srf06-cc26xx.a(cfs-coffee.o)
 .text.cfs_close.part.6
                0x00000000000034ec       0x20 contiki-srf06-cc26xx.a(cfs-coffee.o)
 .text.reserve  0x000000000000350c      0x2f4 contiki-srf06-cc26xx.a(cfs-coffee.o)
 .text.cfs_open
                0x0000000000003800       0xac contiki-srf06-cc26xx.a(cfs-coffee.o)
                0x0000000000003800                cfs_open
 .text.cfs_close
                0x00000000000038ac       0x1c contiki-srf06-cc26xx.a(cfs-coffee.o)
                0x00000000000038ac                cfs_close
 .text.cfs_seek
                0x00000000000038c8       0x6c contiki-srf06-cc26xx.a(cfs-coffee.o)
                0x00000000000038c8                cfs_seek
 .text.cfs_remove
                0x0000000000003934       0x20 contiki-srf06-cc26xx.a(cfs-coffee.o)
                0x0000000000003934                cfs_remove
 .text.cfs_read
                0x0000000000003954      0x104 contiki-srf06-cc26xx.a(cfs-coffee.o)
                0x0000000000003954                cfs_read
 .text.merge_log
                0x0000000000003a58      0x1b0 contiki-srf06-cc26xx.a(cfs-coffee.o)
 .text.cfs_write
                0x0000000000003c08      0x40c contiki-srf06-cc26xx.a(cfs-coffee.o)
                0x0000000000003c08                cfs_write
 .text.cfs_coffee_reserve
                0x0000000000004014       0x1c contiki-srf06-cc26xx.a(cfs-coffee.o)
                0x0000000000004014                cfs_coffee_reserve
 .text.cfs_coffee_configure_log
                0x0000000000004030       0x68 contiki-srf06-cc26xx.a(cfs-coffee.o)
                0x0000000000004030                cfs_coffee_configure_log
 .text.cfs_coffee_format
                0x0000000000004098       0x48 contiki-srf06-cc26xx.a(cfs-coffee.o)
                0x0000000000004098                cfs_coffee_format
 .text.xmem_pread
                0x00000000000040e0       0x48 contiki-srf06-cc26xx.a(xmem.o)
                0x00000000000040e0                xmem_pread
 .text.xmem_pwrite
                0x0000000000004128       0x7c contiki-srf06-cc26xx.a(xmem.o)
                0x0000000000004128                xmem_pwrite
 .text.xmem_erase
                0x00000000000041a4       0x40 contiki-srf06-cc26xx.a(xmem.o)
                0x00000000000041a4                xmem_erase
 .text.power_domain_on
                0x00000000000041e4       0x20 contiki-srf06-cc26xx.a(clock.o)
 .text.clock_init
                0x0000000000004204       0x98 contiki-srf06-cc26xx.a(clock.o)
                0x0000000000004204                clock_init
 .text.clock_time
                0x000000000000429c       0x34 contiki-srf06-cc26xx.a(clock.o)
                0x000000000000429c                clock_time
 .text.clock_update
                0x00000000000042d0       0x3c contiki-srf06-cc26xx.a(clock.o)
                0x00000000000042d0                clock_update
 .text.clock_seconds
                0x000000000000430c       0x18 contiki-srf06-cc26xx.a(clock.o)
                0x000000000000430c                clock_seconds
 .text.rtimer_arch_init
                0x0000000000004324        0x4 contiki-srf06-cc26xx.a(rtimer-arch.o)
                0x0000000000004324                rtimer_arch_init
 .text.rtimer_arch_schedule
                0x0000000000004328        0x8 contiki-srf06-cc26xx.a(rtimer-arch.o)
                0x0000000000004328                rtimer_arch_schedule
 .text.rtimer_arch_now
                0x0000000000004330        0x4 contiki-srf06-cc26xx.a(rtimer-arch.o)
                0x0000000000004330                rtimer_arch_now
 .text.soc_rtc_init
                0x0000000000004334       0xa0 contiki-srf06-cc26xx.a(soc-rtc.o)
                0x0000000000004334                soc_rtc_init
 .text.soc_rtc_schedule_one_shot
                0x00000000000043d4       0x70 contiki-srf06-cc26xx.a(soc-rtc.o)
                0x00000000000043d4                soc_rtc_schedule_one_shot
 .text.soc_rtc_last_isr_time
                0x0000000000004444        0xc contiki-srf06-cc26xx.a(soc-rtc.o)
                0x0000000000004444                soc_rtc_last_isr_time
 .text.AONRTCIntHandler
                0x0000000000004450       0x88 contiki-srf06-cc26xx.a(soc-rtc.o)
                0x0000000000004450                AONRTCIntHandler
 .text.lock_config
                0x00000000000044d8       0x18 contiki-srf06-cc26xx.a(contiki-watchdo)
 .text.unlock_config
                0x00000000000044f0       0x2c contiki-srf06-cc26xx.a(contiki-watchdo)
 .text.watchdog_init
                0x000000000000451c       0x1c contiki-srf06-cc26xx.a(contiki-watchdo)
                0x000000000000451c                watchdog_init
 .text.watchdog_start
                0x0000000000004538       0x30 contiki-srf06-cc26xx.a(contiki-watchdo)
                0x0000000000004538                watchdog_start
 .text.watchdog_periodic
                0x0000000000004568       0x1c contiki-srf06-cc26xx.a(contiki-watchdo)
                0x0000000000004568                watchdog_periodic
 .text.putchar  0x0000000000004584       0x10 contiki-srf06-cc26xx.a(putchar.o)
                0x0000000000004584                putchar
 .text.puts     0x0000000000004594       0x30 contiki-srf06-cc26xx.a(putchar.o)
                0x0000000000004594                puts
 .text.dbg_send_bytes
                0x00000000000045c4       0x40 contiki-srf06-cc26xx.a(putchar.o)
                0x00000000000045c4                dbg_send_bytes
 .text.ieee_addr_cpy_to
                0x0000000000004604       0x40 contiki-srf06-cc26xx.a(ieee-addr.o)
                0x0000000000004604                ieee_addr_cpy_to
 .text.power_and_clock
                0x0000000000004644       0x40 contiki-srf06-cc26xx.a(cc26xx-uart.o)
 .text.enable   0x0000000000004684       0xf4 contiki-srf06-cc26xx.a(cc26xx-uart.o)
 .text.accessible
                0x0000000000004778       0x24 contiki-srf06-cc26xx.a(cc26xx-uart.o)
 .text.lpm_drop_handler
                0x000000000000479c       0xcc contiki-srf06-cc26xx.a(cc26xx-uart.o)
 .text.cc26xx_uart_init
                0x0000000000004868       0x28 contiki-srf06-cc26xx.a(cc26xx-uart.o)
                0x0000000000004868                cc26xx_uart_init
 .text.cc26xx_uart_write_byte
                0x0000000000004890       0x28 contiki-srf06-cc26xx.a(cc26xx-uart.o)
                0x0000000000004890                cc26xx_uart_write_byte
 .text.cc26xx_uart_busy
                0x00000000000048b8       0x18 contiki-srf06-cc26xx.a(cc26xx-uart.o)
                0x00000000000048b8                cc26xx_uart_busy
 .text.UART0IntHandler
                0x00000000000048d0       0x54 contiki-srf06-cc26xx.a(cc26xx-uart.o)
                0x00000000000048d0                UART0IntHandler
 .text.lpm_shutdown
                0x0000000000004924      0x19c contiki-srf06-cc26xx.a(lpm.o)
                0x0000000000004924                lpm_shutdown
 .text.lpm_sleep
                0x0000000000004ac0       0x14 contiki-srf06-cc26xx.a(lpm.o)
                0x0000000000004ac0                lpm_sleep
 .text.lpm_drop
                0x0000000000004ad4      0x25c contiki-srf06-cc26xx.a(lpm.o)
                0x0000000000004ad4                lpm_drop
 .text.lpm_register_module
                0x0000000000004d30        0xc contiki-srf06-cc26xx.a(lpm.o)
                0x0000000000004d30                lpm_register_module
 .text.lpm_unregister_module
                0x0000000000004d3c        0xc contiki-srf06-cc26xx.a(lpm.o)
                0x0000000000004d3c                lpm_unregister_module
 .text.lpm_init
                0x0000000000004d48       0x20 contiki-srf06-cc26xx.a(lpm.o)
                0x0000000000004d48                lpm_init
 .text.lpm_pin_set_default_state
                0x0000000000004d68       0x2c contiki-srf06-cc26xx.a(lpm.o)
                0x0000000000004d68                lpm_pin_set_default_state
 .text.gpio_interrupt_register_handler
                0x0000000000004d94       0x2c contiki-srf06-cc26xx.a(gpio-interrupt.)
                0x0000000000004d94                gpio_interrupt_register_handler
 .text.gpio_interrupt_init
                0x0000000000004dc0       0x24 contiki-srf06-cc26xx.a(gpio-interrupt.)
                0x0000000000004dc0                gpio_interrupt_init
 .text.GPIOIntHandler
                0x0000000000004de4       0x30 contiki-srf06-cc26xx.a(gpio-interrupt.)
                0x0000000000004de4                GPIOIntHandler
 .text.oscillators_select_lf_xosc
                0x0000000000004e14       0x50 contiki-srf06-cc26xx.a(oscillators.o)
                0x0000000000004e14                oscillators_select_lf_xosc
 .text.oscillators_select_lf_rcosc
                0x0000000000004e64       0x3c contiki-srf06-cc26xx.a(oscillators.o)
                0x0000000000004e64                oscillators_select_lf_rcosc
 .text.oscillators_request_hf_xosc
                0x0000000000004ea0       0x30 contiki-srf06-cc26xx.a(oscillators.o)
                0x0000000000004ea0                oscillators_request_hf_xosc
 .text.oscillators_switch_to_hf_xosc
                0x0000000000004ed0       0x34 contiki-srf06-cc26xx.a(oscillators.o)
                0x0000000000004ed0                oscillators_switch_to_hf_xosc
 .text.oscillators_switch_to_hf_rc
                0x0000000000004f04       0x38 contiki-srf06-cc26xx.a(oscillators.o)
                0x0000000000004f04                oscillators_switch_to_hf_rc
 .text.request  0x0000000000004f3c       0x20 contiki-srf06-cc26xx.a(ieee-mode.o)
 .text.rx_on    0x0000000000004f5c       0x60 contiki-srf06-cc26xx.a(ieee-mode.o)
 .text.prepare  0x0000000000004fbc       0x1c contiki-srf06-cc26xx.a(ieee-mode.o)
 .text.rf_radio_setup
                0x0000000000004fd8       0x64 contiki-srf06-cc26xx.a(ieee-mode.o)
 .text.soft_on  0x000000000000503c       0x18 contiki-srf06-cc26xx.a(ieee-mode.o)
 .text.pending_packet
                0x0000000000005054       0x48 contiki-srf06-cc26xx.a(ieee-mode.o)
 .text.soft_off
                0x000000000000509c       0x44 contiki-srf06-cc26xx.a(ieee-mode.o)
 .text.get_object
                0x00000000000050e0       0x4c contiki-srf06-cc26xx.a(ieee-mode.o)
 .text.transmitting
                0x000000000000512c       0x4c contiki-srf06-cc26xx.a(ieee-mode.o)
 .text.rx_off   0x0000000000005178       0x6c contiki-srf06-cc26xx.a(ieee-mode.o)
 .text.set_object
                0x00000000000051e4       0x60 contiki-srf06-cc26xx.a(ieee-mode.o)
 .text.get_cca_info
                0x0000000000005244       0x50 contiki-srf06-cc26xx.a(ieee-mode.o)
 .text.check_rat_overflow
                0x0000000000005294       0x80 contiki-srf06-cc26xx.a(ieee-mode.o)
 .text.receiving_packet
                0x0000000000005314       0x34 contiki-srf06-cc26xx.a(ieee-mode.o)
 .text.off      0x0000000000005348       0x6c contiki-srf06-cc26xx.a(ieee-mode.o)
 .text.on       0x00000000000053b4       0xac contiki-srf06-cc26xx.a(ieee-mode.o)
 .text.set_value
                0x0000000000005460      0x168 contiki-srf06-cc26xx.a(ieee-mode.o)
 .text.get_value
                0x00000000000055c8      0x188 contiki-srf06-cc26xx.a(ieee-mode.o)
 .text.transmit
                0x0000000000005750       0xec contiki-srf06-cc26xx.a(ieee-mode.o)
 .text.send     0x000000000000583c       0x24 contiki-srf06-cc26xx.a(ieee-mode.o)
 .text.channel_clear
                0x0000000000005860       0x68 contiki-srf06-cc26xx.a(ieee-mode.o)
 .text.read_frame
                0x00000000000058c8      0x1a0 contiki-srf06-cc26xx.a(ieee-mode.o)
 .text.handle_rat_overflow
                0x0000000000005a68       0x60 contiki-srf06-cc26xx.a(ieee-mode.o)
 .text.init     0x0000000000005ac8      0x118 contiki-srf06-cc26xx.a(ieee-mode.o)
 .text.random_rand
                0x0000000000005be0        0xc contiki-srf06-cc26xx.a(random.o)
                0x0000000000005be0                random_rand
 .text.random_init
                0x0000000000005bec        0x4 contiki-srf06-cc26xx.a(random.o)
                0x0000000000005bec                random_init
 .text.power_up
                0x0000000000005bf0       0x40 contiki-srf06-cc26xx.a(soc-trng.o)
 .text.request  0x0000000000005c30       0x14 contiki-srf06-cc26xx.a(soc-trng.o)
 .text.process_thread_soc_trng_process
                0x0000000000005c44       0x94 contiki-srf06-cc26xx.a(soc-trng.o)
 .text.accessible
                0x0000000000005cd8       0x24 contiki-srf06-cc26xx.a(soc-trng.o)
 .text.soc_trng_rand_synchronous
                0x0000000000005cfc       0xc4 contiki-srf06-cc26xx.a(soc-trng.o)
                0x0000000000005cfc                soc_trng_rand_synchronous
 .text.TRNGIntHandler
                0x0000000000005dc0       0x50 contiki-srf06-cc26xx.a(soc-trng.o)
                0x0000000000005dc0                TRNGIntHandler
 .text.soc_trng_init
                0x0000000000005e10       0x28 contiki-srf06-cc26xx.a(soc-trng.o)
                0x0000000000005e10                soc_trng_init
 .text.write_str
                0x0000000000005e38       0x14 contiki-srf06-cc26xx.a(dbg-printf.o)
 .text.printf   0x0000000000005e4c       0x24 contiki-srf06-cc26xx.a(dbg-printf.o)
                0x0000000000005e4c                printf
 .text.fill_space
                0x0000000000005e70       0x3c contiki-srf06-cc26xx.a(strformat.o)
 .text.format_str_v
                0x0000000000005eac      0x95c contiki-srf06-cc26xx.a(strformat.o)
                0x0000000000005eac                format_str_v
 .text.autostart_start
                0x0000000000006808       0x18 contiki-srf06-cc26xx.a(autostart.o)
                0x0000000000006808                autostart_start
 .text.energest_init
                0x0000000000006820        0x4 contiki-srf06-cc26xx.a(energest.o)
                0x0000000000006820                energest_init
 .text.process_thread_ctimer_process
                0x0000000000006824       0x94 contiki-srf06-cc26xx.a(ctimer.o)
 .text.ctimer_init
                0x00000000000068b8       0x28 contiki-srf06-cc26xx.a(ctimer.o)
                0x00000000000068b8                ctimer_init
 .text.ctimer_set_with_process
                0x00000000000068e0       0x4c contiki-srf06-cc26xx.a(ctimer.o)
                0x00000000000068e0                ctimer_set_with_process
 .text.ctimer_set
                0x000000000000692c       0x18 contiki-srf06-cc26xx.a(ctimer.o)
                0x000000000000692c                ctimer_set
 .text.ctimer_stop
                0x0000000000006944       0x34 contiki-srf06-cc26xx.a(ctimer.o)
                0x0000000000006944                ctimer_stop
 .text.update_time
                0x0000000000006978       0x44 contiki-srf06-cc26xx.a(etimer.o)
 .text.process_thread_etimer_process
                0x00000000000069bc       0xc8 contiki-srf06-cc26xx.a(etimer.o)
 .text.add_timer
                0x0000000000006a84       0x54 contiki-srf06-cc26xx.a(etimer.o)
 .text.etimer_request_poll
                0x0000000000006ad8        0xc contiki-srf06-cc26xx.a(etimer.o)
                0x0000000000006ad8                etimer_request_poll
 .text.etimer_set
                0x0000000000006ae4       0x14 contiki-srf06-cc26xx.a(etimer.o)
                0x0000000000006ae4                etimer_set
 .text.etimer_pending
                0x0000000000006af8       0x10 contiki-srf06-cc26xx.a(etimer.o)
                0x0000000000006af8                etimer_pending
 .text.etimer_next_expiration_time
                0x0000000000006b08       0x14 contiki-srf06-cc26xx.a(etimer.o)
                0x0000000000006b08                etimer_next_expiration_time
 .text.etimer_stop
                0x0000000000006b1c       0x4c contiki-srf06-cc26xx.a(etimer.o)
                0x0000000000006b1c                etimer_stop
 .text.exit_process
                0x0000000000006b68       0xb0 contiki-srf06-cc26xx.a(process.o)
 .text.call_process.part.0
                0x0000000000006c18       0x38 contiki-srf06-cc26xx.a(process.o)
 .text.do_poll  0x0000000000006c50       0x3c contiki-srf06-cc26xx.a(process.o)
 .text.process_alloc_event
                0x0000000000006c8c       0x10 contiki-srf06-cc26xx.a(process.o)
                0x0000000000006c8c                process_alloc_event
 .text.process_init
                0x0000000000006c9c       0x34 contiki-srf06-cc26xx.a(process.o)
                0x0000000000006c9c                process_init
 .text.process_run
                0x0000000000006cd0       0xac contiki-srf06-cc26xx.a(process.o)
                0x0000000000006cd0                process_run
 .text.process_nevents
                0x0000000000006d7c       0x14 contiki-srf06-cc26xx.a(process.o)
                0x0000000000006d7c                process_nevents
 .text.process_post
                0x0000000000006d90       0x40 contiki-srf06-cc26xx.a(process.o)
                0x0000000000006d90                process_post
 .text.process_post_synch
                0x0000000000006dd0       0x18 contiki-srf06-cc26xx.a(process.o)
                0x0000000000006dd0                process_post_synch
 .text.process_start
                0x0000000000006de8       0x40 contiki-srf06-cc26xx.a(process.o)
                0x0000000000006de8                process_start
 .text.process_poll
                0x0000000000006e28       0x18 contiki-srf06-cc26xx.a(process.o)
                0x0000000000006e28                process_poll
 .text.rtimer_init
                0x0000000000006e40        0x4 contiki-srf06-cc26xx.a(rtimer.o)
                0x0000000000006e40                rtimer_init
 .text.rtimer_set
                0x0000000000006e44       0x2c contiki-srf06-cc26xx.a(rtimer.o)
                0x0000000000006e44                rtimer_set
 .text.rtimer_run_next
                0x0000000000006e70       0x28 contiki-srf06-cc26xx.a(rtimer.o)
                0x0000000000006e70                rtimer_run_next
 .text.timer_set
                0x0000000000006e98       0x10 contiki-srf06-cc26xx.a(timer.o)
                0x0000000000006e98                timer_set
 .text.timer_expired
                0x0000000000006ea8       0x1c contiki-srf06-cc26xx.a(timer.o)
                0x0000000000006ea8                timer_expired
 .text.process_thread_serial_line_process
                0x0000000000006ec4       0xac contiki-srf06-cc26xx.a(serial-line.o)
 .text.serial_line_init
                0x0000000000006f70       0x24 contiki-srf06-cc26xx.a(serial-line.o)
                0x0000000000006f70                serial_line_init
 .text.list_init
                0x0000000000006f94        0x8 contiki-srf06-cc26xx.a(list.o)
                0x0000000000006f94                list_init
 .text.list_head
                0x0000000000006f9c        0x4 contiki-srf06-cc26xx.a(list.o)
                0x0000000000006f9c                list_head
 .text.list_add
                0x0000000000006fa0       0x48 contiki-srf06-cc26xx.a(list.o)
                0x0000000000006fa0                list_add
 .text.list_push
                0x0000000000006fe8       0x40 contiki-srf06-cc26xx.a(list.o)
                0x0000000000006fe8                list_push
 .text.list_remove
                0x0000000000007028       0x2c contiki-srf06-cc26xx.a(list.o)
                0x0000000000007028                list_remove
 .text.list_length
                0x0000000000007054       0x14 contiki-srf06-cc26xx.a(list.o)
                0x0000000000007054                list_length
 .text.list_item_next
                0x0000000000007068        0x8 contiki-srf06-cc26xx.a(list.o)
                0x0000000000007068                list_item_next
 .text.ringbuf_init
                0x0000000000007070       0x10 contiki-srf06-cc26xx.a(ringbuf.o)
                0x0000000000007070                ringbuf_init
 .text.ringbuf_get
                0x0000000000007080       0x28 contiki-srf06-cc26xx.a(ringbuf.o)
                0x0000000000007080                ringbuf_get
 .text.packet_sent
                0x00000000000070a8       0x38 contiki-srf06-cc26xx.a(rime.o)
 .text.input    0x00000000000070e0       0x38 contiki-srf06-cc26xx.a(rime.o)
 .text.init     0x0000000000007118       0x28 contiki-srf06-cc26xx.a(rime.o)
 .text.rime_output
                0x0000000000007140       0x24 contiki-srf06-cc26xx.a(rime.o)
                0x0000000000007140                rime_output
 .text.NOROM_PowerCtrlSourceSet
                0x0000000000007164       0x30 contiki-srf06-cc26xx.a(pwr_ctrl.o)
                0x0000000000007164                NOROM_PowerCtrlSourceSet
 .text.TrimAfterColdResetWakeupFromShutDown
                0x0000000000007194       0xe4 contiki-srf06-cc26xx.a(setup.o)
 .text.NOROM_SetupTrimDevice
                0x0000000000007278       0xa4 contiki-srf06-cc26xx.a(setup.o)
                0x0000000000007278                NOROM_SetupTrimDevice
 .text.NOROM_AONRTCCurrentCompareValueGet
                0x000000000000731c       0x24 contiki-srf06-cc26xx.a(aon_rtc.o)
                0x000000000000731c                NOROM_AONRTCCurrentCompareValueGet
 .text.NOROM_OSCClockSourceSet
                0x0000000000007340       0x50 contiki-srf06-cc26xx.a(osc.o)
                0x0000000000007340                NOROM_OSCClockSourceSet
 .text.NOROM_OSCClockSourceGet
                0x0000000000007390       0x24 contiki-srf06-cc26xx.a(osc.o)
                0x0000000000007390                NOROM_OSCClockSourceGet
 .text.NOROM_AONBatMonTemperatureGetDegC
                0x00000000000073b4       0x30 contiki-srf06-cc26xx.a(aon_batmon.o)
                0x00000000000073b4                NOROM_AONBatMonTemperatureGetDegC
 .text.NOROM_SysCtrlSetRechargeBeforePowerDown
                0x00000000000073e4      0x274 contiki-srf06-cc26xx.a(sys_ctrl.o)
                0x00000000000073e4                NOROM_SysCtrlSetRechargeBeforePowerDown
 .text.NOROM_SysCtrlAdjustRechargeAfterPowerDown
                0x0000000000007658       0x64 contiki-srf06-cc26xx.a(sys_ctrl.o)
                0x0000000000007658                NOROM_SysCtrlAdjustRechargeAfterPowerDown
 .text.NOROM_SysCtrl_DCDC_VoltageConditionalControl
                0x00000000000076bc       0x7c contiki-srf06-cc26xx.a(sys_ctrl.o)
                0x00000000000076bc                NOROM_SysCtrl_DCDC_VoltageConditionalControl
 .text.SafeHapiVoid
                0x0000000000007738       0x2c contiki-srf06-cc26xx.a(adi.o)
                0x0000000000007738                SafeHapiVoid
 .text.NOROM_CPUcpsid
                0x0000000000007764        0x8 contiki-srf06-cc26xx.a(cpu.o)
                0x0000000000007764                NOROM_CPUcpsid
 .text.NOROM_CPUcpsie
                0x000000000000776c        0x8 contiki-srf06-cc26xx.a(cpu.o)
                0x000000000000776c                NOROM_CPUcpsie
 .text.NOROM_CPUdelay
                0x0000000000007774        0x8 contiki-srf06-cc26xx.a(cpu.o)
                0x0000000000007774                NOROM_CPUdelay
 .text.NOROM_DDI32RegWrite
                0x000000000000777c       0x34 contiki-srf06-cc26xx.a(ddi.o)
                0x000000000000777c                NOROM_DDI32RegWrite
 .text.NOROM_DDI16BitfieldWrite
                0x00000000000077b0       0x4c contiki-srf06-cc26xx.a(ddi.o)
                0x00000000000077b0                NOROM_DDI16BitfieldWrite
 .text.NOROM_DDI16BitfieldRead
                0x00000000000077fc       0x48 contiki-srf06-cc26xx.a(ddi.o)
                0x00000000000077fc                NOROM_DDI16BitfieldRead
 .text.NOROM_ChipInfo_GetSupportedProtocol_BV
                0x0000000000007844       0x10 contiki-srf06-cc26xx.a(chipinfo.o)
                0x0000000000007844                NOROM_ChipInfo_GetSupportedProtocol_BV
 .text.NOROM_ChipInfo_GetChipFamily
                0x0000000000007854       0x50 contiki-srf06-cc26xx.a(chipinfo.o)
                0x0000000000007854                NOROM_ChipInfo_GetChipFamily
 .text.NOROM_ChipInfo_GetChipType
                0x00000000000078a4       0x5c contiki-srf06-cc26xx.a(chipinfo.o)
                0x00000000000078a4                NOROM_ChipInfo_GetChipType
 .text.NOROM_ChipInfo_GetHwRevision
                0x0000000000007900       0x70 contiki-srf06-cc26xx.a(chipinfo.o)
                0x0000000000007900                NOROM_ChipInfo_GetHwRevision
 .text.NOROM_ThisCodeIsBuiltForCC26xxHwRev22AndLater_HaltIfViolated
                0x0000000000007970       0x14 contiki-srf06-cc26xx.a(chipinfo.o)
                0x0000000000007970                NOROM_ThisCodeIsBuiltForCC26xxHwRev22AndLater_HaltIfViolated
 .text.NOROM_TRNGConfigure
                0x0000000000007984       0x38 contiki-srf06-cc26xx.a(trng.o)
                0x0000000000007984                NOROM_TRNGConfigure
 .text.queuebuf_init
                0x00000000000079bc       0x1c contiki-srf06-cc26xx.a(queuebuf.o)
                0x00000000000079bc                queuebuf_init
 .text.queuebuf_new_from_packetbuf
                0x00000000000079d8       0x48 contiki-srf06-cc26xx.a(queuebuf.o)
                0x00000000000079d8                queuebuf_new_from_packetbuf
 .text.queuebuf_update_attr_from_packetbuf
                0x0000000000007a20        0xc contiki-srf06-cc26xx.a(queuebuf.o)
                0x0000000000007a20                queuebuf_update_attr_from_packetbuf
 .text.queuebuf_update_from_packetbuf
                0x0000000000007a2c       0x1c contiki-srf06-cc26xx.a(queuebuf.o)
                0x0000000000007a2c                queuebuf_update_from_packetbuf
 .text.queuebuf_free
                0x0000000000007a48       0x2c contiki-srf06-cc26xx.a(queuebuf.o)
                0x0000000000007a48                queuebuf_free
 .text.queuebuf_to_packetbuf
                0x0000000000007a74       0x30 contiki-srf06-cc26xx.a(queuebuf.o)
                0x0000000000007a74                queuebuf_to_packetbuf
 .text.queuebuf_attr
                0x0000000000007aa4        0xc contiki-srf06-cc26xx.a(queuebuf.o)
                0x0000000000007aa4                queuebuf_attr
 .text.packetbuf_compact
                0x0000000000007ab0       0x4c contiki-srf06-cc26xx.a(packetbuf.o)
                0x0000000000007ab0                packetbuf_compact
 .text.packetbuf_copyto
                0x0000000000007afc       0x50 contiki-srf06-cc26xx.a(packetbuf.o)
                0x0000000000007afc                packetbuf_copyto
 .text.packetbuf_hdralloc
                0x0000000000007b4c       0x58 contiki-srf06-cc26xx.a(packetbuf.o)
                0x0000000000007b4c                packetbuf_hdralloc
 .text.packetbuf_hdrreduce
                0x0000000000007ba4       0x2c contiki-srf06-cc26xx.a(packetbuf.o)
                0x0000000000007ba4                packetbuf_hdrreduce
 .text.packetbuf_set_datalen
                0x0000000000007bd0        0xc contiki-srf06-cc26xx.a(packetbuf.o)
                0x0000000000007bd0                packetbuf_set_datalen
 .text.packetbuf_dataptr
                0x0000000000007bdc       0x20 contiki-srf06-cc26xx.a(packetbuf.o)
                0x0000000000007bdc                packetbuf_dataptr
 .text.packetbuf_hdrptr
                0x0000000000007bfc        0x8 contiki-srf06-cc26xx.a(packetbuf.o)
                0x0000000000007bfc                packetbuf_hdrptr
 .text.packetbuf_datalen
                0x0000000000007c04        0xc contiki-srf06-cc26xx.a(packetbuf.o)
                0x0000000000007c04                packetbuf_datalen
 .text.packetbuf_totlen
                0x0000000000007c10       0x24 contiki-srf06-cc26xx.a(packetbuf.o)
                0x0000000000007c10                packetbuf_totlen
 .text.packetbuf_attr_clear
                0x0000000000007c34       0x30 contiki-srf06-cc26xx.a(packetbuf.o)
                0x0000000000007c34                packetbuf_attr_clear
 .text.packetbuf_clear
                0x0000000000007c64       0x20 contiki-srf06-cc26xx.a(packetbuf.o)
                0x0000000000007c64                packetbuf_clear
 .text.packetbuf_copyfrom
                0x0000000000007c84       0x40 contiki-srf06-cc26xx.a(packetbuf.o)
                0x0000000000007c84                packetbuf_copyfrom
 .text.packetbuf_attr_copyto
                0x0000000000007cc4       0x3c contiki-srf06-cc26xx.a(packetbuf.o)
                0x0000000000007cc4                packetbuf_attr_copyto
 .text.packetbuf_attr_copyfrom
                0x0000000000007d00       0x3c contiki-srf06-cc26xx.a(packetbuf.o)
                0x0000000000007d00                packetbuf_attr_copyfrom
 .text.packetbuf_set_attr
                0x0000000000007d3c       0x10 contiki-srf06-cc26xx.a(packetbuf.o)
                0x0000000000007d3c                packetbuf_set_attr
 .text.packetbuf_attr
                0x0000000000007d4c        0xc contiki-srf06-cc26xx.a(packetbuf.o)
                0x0000000000007d4c                packetbuf_attr
 .text.packetbuf_set_addr
                0x0000000000007d58       0x18 contiki-srf06-cc26xx.a(packetbuf.o)
                0x0000000000007d58                packetbuf_set_addr
 .text.packetbuf_addr
                0x0000000000007d70       0x10 contiki-srf06-cc26xx.a(packetbuf.o)
                0x0000000000007d70                packetbuf_addr
 .text.packetbuf_holds_broadcast
                0x0000000000007d80       0x10 contiki-srf06-cc26xx.a(packetbuf.o)
                0x0000000000007d80                packetbuf_holds_broadcast
 .text.netstack_init
                0x0000000000007d90       0x38 contiki-srf06-cc26xx.a(netstack.o)
                0x0000000000007d90                netstack_init
 .text.linkaddr_copy
                0x0000000000007dc8        0x8 contiki-srf06-cc26xx.a(linkaddr.o)
                0x0000000000007dc8                linkaddr_copy
 .text.linkaddr_cmp
                0x0000000000007dd0       0x10 contiki-srf06-cc26xx.a(linkaddr.o)
                0x0000000000007dd0                linkaddr_cmp
 .text.input_packet
                0x0000000000007de0        0xc contiki-srf06-cc26xx.a(csma.o)
 .text.on       0x0000000000007dec        0xc contiki-srf06-cc26xx.a(csma.o)
 .text.off      0x0000000000007df8        0xc contiki-srf06-cc26xx.a(csma.o)
 .text.channel_check_interval
                0x0000000000007e04       0x10 contiki-srf06-cc26xx.a(csma.o)
 .text.transmit_packet_list
                0x0000000000007e14       0x34 contiki-srf06-cc26xx.a(csma.o)
 .text.schedule_transmission
                0x0000000000007e48       0x58 contiki-srf06-cc26xx.a(csma.o)
 .text.send_packet
                0x0000000000007ea0      0x164 contiki-srf06-cc26xx.a(csma.o)
 .text.init     0x0000000000008004       0x24 contiki-srf06-cc26xx.a(csma.o)
 .text.tx_done  0x0000000000008028       0x94 contiki-srf06-cc26xx.a(csma.o)
 .text.packet_sent
                0x00000000000080bc       0xe8 contiki-srf06-cc26xx.a(csma.o)
 .text.mac_call_sent_callback
                0x00000000000081a4       0x10 contiki-srf06-cc26xx.a(mac.o)
                0x00000000000081a4                mac_call_sent_callback
 .text.duty_cycle
                0x00000000000081b4        0x4 contiki-srf06-cc26xx.a(contikimac.o)
 .text.init     0x00000000000081b8       0x40 contiki-srf06-cc26xx.a(contikimac.o)
 .text.on       0x00000000000081f8       0x2c contiki-srf06-cc26xx.a(contikimac.o)
 .text.off      0x0000000000008224       0x38 contiki-srf06-cc26xx.a(contikimac.o)
 .text.recv_burst_off
                0x000000000000825c       0x14 contiki-srf06-cc26xx.a(contikimac.o)
 .text.powercycle_turn_radio_off.part.2
                0x0000000000008270       0x10 contiki-srf06-cc26xx.a(contikimac.o)
 .text.turn_off
                0x0000000000008280       0x48 contiki-srf06-cc26xx.a(contikimac.o)
 .text.turn_on  0x00000000000082c8       0x40 contiki-srf06-cc26xx.a(contikimac.o)
 .text.schedule_powercycle_fixed.part.5
                0x0000000000008308       0x2c contiki-srf06-cc26xx.a(contikimac.o)
 .text.input_packet
                0x0000000000008334       0xac contiki-srf06-cc26xx.a(contikimac.o)
 .text.send_packet.isra.8
                0x00000000000083e0      0x228 contiki-srf06-cc26xx.a(contikimac.o)
 .text.qsend_list
                0x0000000000008608       0xec contiki-srf06-cc26xx.a(contikimac.o)
 .text.qsend_packet
                0x00000000000086f4       0x24 contiki-srf06-cc26xx.a(contikimac.o)
 .text.powercycle_wrapper
                0x0000000000008718      0x234 contiki-srf06-cc26xx.a(contikimac.o)
 .text.init     0x000000000000894c        0x4 contiki-srf06-cc26xx.a(nullsec.o)
 .text.input    0x0000000000008950        0xc contiki-srf06-cc26xx.a(nullsec.o)
 .text.send     0x000000000000895c       0x20 contiki-srf06-cc26xx.a(nullsec.o)
 .text.sensor_common_read_reg
                0x000000000000897c       0x1c contiki-srf06-cc26xx.a(sensor-common.o)
                0x000000000000897c                sensor_common_read_reg
 .text.sensor_common_write_reg
                0x0000000000008998       0x38 contiki-srf06-cc26xx.a(sensor-common.o)
                0x0000000000008998                sensor_common_write_reg
 .text.sensor_common_set_error_data
                0x00000000000089d0       0x10 contiki-srf06-cc26xx.a(sensor-common.o)
                0x00000000000089d0                sensor_common_set_error_data
 .text.write_enable
                0x00000000000089e0       0x2c contiki-srf06-cc26xx.a(ext-flash.o)
 .text.verify_part
                0x0000000000008a0c       0x7c contiki-srf06-cc26xx.a(ext-flash.o)
 .text.wait_ready
                0x0000000000008a88       0x64 contiki-srf06-cc26xx.a(ext-flash.o)
 .text.power_down
                0x0000000000008aec       0x50 contiki-srf06-cc26xx.a(ext-flash.o)
 .text.ext_flash_open
                0x0000000000008b3c       0x60 contiki-srf06-cc26xx.a(ext-flash.o)
                0x0000000000008b3c                ext_flash_open
 .text.ext_flash_close
                0x0000000000008b9c       0x10 contiki-srf06-cc26xx.a(ext-flash.o)
                0x0000000000008b9c                ext_flash_close
 .text.ext_flash_read
                0x0000000000008bac       0x54 contiki-srf06-cc26xx.a(ext-flash.o)
                0x0000000000008bac                ext_flash_read
 .text.ext_flash_write
                0x0000000000008c00       0x98 contiki-srf06-cc26xx.a(ext-flash.o)
                0x0000000000008c00                ext_flash_write
 .text.ext_flash_erase
                0x0000000000008c98       0x90 contiki-srf06-cc26xx.a(ext-flash.o)
                0x0000000000008c98                ext_flash_erase
 .text.ext_flash_init
                0x0000000000008d28       0x14 contiki-srf06-cc26xx.a(ext-flash.o)
                0x0000000000008d28                ext_flash_init
 .text.buzzer_init
                0x0000000000008d3c        0xc contiki-srf06-cc26xx.a(buzzer.o)
                0x0000000000008d3c                buzzer_init
 .text.buzzer_stop
                0x0000000000008d48       0x74 contiki-srf06-cc26xx.a(buzzer.o)
                0x0000000000008d48                buzzer_stop
 .text.accessible
                0x0000000000008dbc       0x24 contiki-srf06-cc26xx.a(board-spi.o)
 .text.board_spi_write
                0x0000000000008de0       0x3c contiki-srf06-cc26xx.a(board-spi.o)
                0x0000000000008de0                board_spi_write
 .text.board_spi_read
                0x0000000000008e1c       0x48 contiki-srf06-cc26xx.a(board-spi.o)
                0x0000000000008e1c                board_spi_read
 .text.board_spi_flush
                0x0000000000008e64       0x24 contiki-srf06-cc26xx.a(board-spi.o)
                0x0000000000008e64                board_spi_flush
 .text.board_spi_open
                0x0000000000008e88       0xc0 contiki-srf06-cc26xx.a(board-spi.o)
                0x0000000000008e88                board_spi_open
 .text.board_spi_close
                0x0000000000008f48       0x70 contiki-srf06-cc26xx.a(board-spi.o)
                0x0000000000008f48                board_spi_close
 .text.aux_ctrl_power_up
                0x0000000000008fb8       0x28 contiki-srf06-cc26xx.a(aux-ctrl.o)
                0x0000000000008fb8                aux_ctrl_power_up
 .text.aux_ctrl_register_consumer
                0x0000000000008fe0       0x40 contiki-srf06-cc26xx.a(aux-ctrl.o)
                0x0000000000008fe0                aux_ctrl_register_consumer
 .text.aux_ctrl_power_down
                0x0000000000009020       0x6c contiki-srf06-cc26xx.a(aux-ctrl.o)
                0x0000000000009020                aux_ctrl_power_down
 .text.aux_ctrl_unregister_consumer
                0x000000000000908c       0x28 contiki-srf06-cc26xx.a(aux-ctrl.o)
                0x000000000000908c                aux_ctrl_unregister_consumer
 .text.process_thread_rf_core_process
                0x00000000000090b4       0x58 contiki-srf06-cc26xx.a(rf-core.o)
 .text.rf_core_is_accessible
                0x000000000000910c       0x10 contiki-srf06-cc26xx.a(rf-core.o)
                0x000000000000910c                rf_core_is_accessible
 .text.rf_core_send_cmd
                0x000000000000911c       0xa4 contiki-srf06-cc26xx.a(rf-core.o)
                0x000000000000911c                rf_core_send_cmd
 .text.rf_core_wait_cmd_done
                0x00000000000091c0       0x30 contiki-srf06-cc26xx.a(rf-core.o)
                0x00000000000091c0                rf_core_wait_cmd_done
 .text.rf_core_power_up
                0x00000000000091f0       0xcc contiki-srf06-cc26xx.a(rf-core.o)
                0x00000000000091f0                rf_core_power_up
 .text.rf_core_start_rat
                0x00000000000092bc       0x68 contiki-srf06-cc26xx.a(rf-core.o)
                0x00000000000092bc                rf_core_start_rat
 .text.rf_core_stop_rat
                0x0000000000009324       0x7c contiki-srf06-cc26xx.a(rf-core.o)
                0x0000000000009324                rf_core_stop_rat
 .text.rf_core_power_down
                0x00000000000093a0       0xec contiki-srf06-cc26xx.a(rf-core.o)
                0x00000000000093a0                rf_core_power_down
 .text.rf_core_set_modesel
                0x000000000000948c       0x44 contiki-srf06-cc26xx.a(rf-core.o)
                0x000000000000948c                rf_core_set_modesel
 .text.rf_core_boot
                0x00000000000094d0       0x1c contiki-srf06-cc26xx.a(rf-core.o)
                0x00000000000094d0                rf_core_boot
 .text.rf_core_restart_rat
                0x00000000000094ec       0x18 contiki-srf06-cc26xx.a(rf-core.o)
                0x00000000000094ec                rf_core_restart_rat
 .text.rf_core_setup_interrupts
                0x0000000000009504       0x74 contiki-srf06-cc26xx.a(rf-core.o)
                0x0000000000009504                rf_core_setup_interrupts
 .text.rf_core_cmd_done_en
                0x0000000000009578       0x28 contiki-srf06-cc26xx.a(rf-core.o)
                0x0000000000009578                rf_core_cmd_done_en
 .text.rf_core_cmd_done_dis
                0x00000000000095a0       0x18 contiki-srf06-cc26xx.a(rf-core.o)
                0x00000000000095a0                rf_core_cmd_done_dis
 .text.rf_core_get_last_radio_op
                0x00000000000095b8        0xc contiki-srf06-cc26xx.a(rf-core.o)
                0x00000000000095b8                rf_core_get_last_radio_op
 .text.rf_core_init_radio_op
                0x00000000000095c4       0x20 contiki-srf06-cc26xx.a(rf-core.o)
                0x00000000000095c4                rf_core_init_radio_op
 .text.rf_core_primary_mode_register
                0x00000000000095e4        0xc contiki-srf06-cc26xx.a(rf-core.o)
                0x00000000000095e4                rf_core_primary_mode_register
 .text.RFCCPE1IntHandler
                0x00000000000095f0       0x28 contiki-srf06-cc26xx.a(rf-core.o)
                0x00000000000095f0                RFCCPE1IntHandler
 .text.RFCCPE0IntHandler
                0x0000000000009618       0x5c contiki-srf06-cc26xx.a(rf-core.o)
                0x0000000000009618                RFCCPE0IntHandler
 .text.rf_ble_is_active
                0x0000000000009674        0xc contiki-srf06-cc26xx.a(rf-ble.o)
                0x0000000000009674                rf_ble_is_active
 .text.memb_init
                0x0000000000009680       0x24 contiki-srf06-cc26xx.a(memb.o)
                0x0000000000009680                memb_init
 .text.memb_alloc
                0x00000000000096a4       0x3c contiki-srf06-cc26xx.a(memb.o)
                0x00000000000096a4                memb_alloc
 .text.memb_free
                0x00000000000096e0       0x44 contiki-srf06-cc26xx.a(memb.o)
                0x00000000000096e0                memb_free
 .text.memb_inmemb
                0x0000000000009724       0x1c contiki-srf06-cc26xx.a(memb.o)
                0x0000000000009724                memb_inmemb
 .text.adv_packet_sent
                0x0000000000009740        0x4 contiki-srf06-cc26xx.a(broadcast-annou)
 .text.set_timers
                0x0000000000009744       0x3c contiki-srf06-cc26xx.a(broadcast-annou)
 .text.send_timer
                0x0000000000009780       0x18 contiki-srf06-cc26xx.a(broadcast-annou)
 .text.send_adv
                0x0000000000009798       0x58 contiki-srf06-cc26xx.a(broadcast-annou)
 .text.adv_packet_received
                0x00000000000097f0       0x48 contiki-srf06-cc26xx.a(broadcast-annou)
 .text.new_announcement
                0x0000000000009838       0x18 contiki-srf06-cc26xx.a(broadcast-annou)
 .text.broadcast_announcement_init
                0x0000000000009850       0x30 contiki-srf06-cc26xx.a(broadcast-annou)
                0x0000000000009850                broadcast_announcement_init
 .text.abc_open
                0x0000000000009880       0x20 contiki-srf06-cc26xx.a(abc.o)
                0x0000000000009880                abc_open
 .text.abc_send
                0x00000000000098a0        0x4 contiki-srf06-cc26xx.a(abc.o)
                0x00000000000098a0                abc_send
 .text.abc_input
                0x00000000000098a4        0xc contiki-srf06-cc26xx.a(abc.o)
                0x00000000000098a4                abc_input
 .text.abc_sent
                0x00000000000098b0        0xc contiki-srf06-cc26xx.a(abc.o)
                0x00000000000098b0                abc_sent
 .text.announcement_init
                0x00000000000098bc        0xc contiki-srf06-cc26xx.a(announcement.o)
                0x00000000000098bc                announcement_init
 .text.announcement_register_observer_callback
                0x00000000000098c8        0xc contiki-srf06-cc26xx.a(announcement.o)
                0x00000000000098c8                announcement_register_observer_callback
 .text.announcement_list
                0x00000000000098d4        0xc contiki-srf06-cc26xx.a(announcement.o)
                0x00000000000098d4                announcement_list
 .text.announcement_heard
                0x00000000000098e0       0x3c contiki-srf06-cc26xx.a(announcement.o)
                0x00000000000098e0                announcement_heard
 .text.sent_by_abc
                0x000000000000991c        0xc contiki-srf06-cc26xx.a(broadcast.o)
 .text.recv_from_abc
                0x0000000000009928       0x24 contiki-srf06-cc26xx.a(broadcast.o)
 .text.broadcast_open
                0x000000000000994c       0x24 contiki-srf06-cc26xx.a(broadcast.o)
                0x000000000000994c                broadcast_open
 .text.broadcast_send
                0x0000000000009970       0x1c contiki-srf06-cc26xx.a(broadcast.o)
                0x0000000000009970                broadcast_send
 .text.chameleon_init
                0x000000000000998c        0x4 contiki-srf06-cc26xx.a(chameleon.o)
                0x000000000000998c                chameleon_init
 .text.chameleon_parse
                0x0000000000009990       0x1c contiki-srf06-cc26xx.a(chameleon.o)
                0x0000000000009990                chameleon_parse
 .text.chameleon_create
                0x00000000000099ac       0x20 contiki-srf06-cc26xx.a(chameleon.o)
                0x00000000000099ac                chameleon_create
 .text.chameleon_hdrsize
                0x00000000000099cc        0xc contiki-srf06-cc26xx.a(chameleon.o)
                0x00000000000099cc                chameleon_hdrsize
 .text.channel_init
                0x00000000000099d8        0xc contiki-srf06-cc26xx.a(channel.o)
                0x00000000000099d8                channel_init
 .text.channel_open
                0x00000000000099e4       0x10 contiki-srf06-cc26xx.a(channel.o)
                0x00000000000099e4                channel_open
 .text.channel_lookup
                0x00000000000099f4       0x30 contiki-srf06-cc26xx.a(channel.o)
                0x00000000000099f4                channel_lookup
 .text.channel_set_attributes
                0x0000000000009a24       0x18 contiki-srf06-cc26xx.a(channel.o)
                0x0000000000009a24                channel_set_attributes
 .text.NOROM_SetupGetTrimForXoscHfCtl.part.3
                0x0000000000009a3c       0x20 contiki-srf06-cc26xx.a(setup_rom.o)
 .text.NOROM_SetupGetTrimForRadcExtCfg.part.4
                0x0000000000009a5c       0x20 contiki-srf06-cc26xx.a(setup_rom.o)
 .text.NOROM_SetupAfterColdResetWakeupFromShutDownCfg1
                0x0000000000009a7c       0x7c contiki-srf06-cc26xx.a(setup_rom.o)
                0x0000000000009a7c                NOROM_SetupAfterColdResetWakeupFromShutDownCfg1
 .text.NOROM_SetupAfterColdResetWakeupFromShutDownCfg3
                0x0000000000009af8      0x194 contiki-srf06-cc26xx.a(setup_rom.o)
                0x0000000000009af8                NOROM_SetupAfterColdResetWakeupFromShutDownCfg3
 .text.NOROM_SetupGetTrimForAnabypassValue1
                0x0000000000009c8c       0x64 contiki-srf06-cc26xx.a(setup_rom.o)
                0x0000000000009c8c                NOROM_SetupGetTrimForAnabypassValue1
 .text.NOROM_SetupGetTrimForAmpcompCtrl
                0x0000000000009cf0       0x74 contiki-srf06-cc26xx.a(setup_rom.o)
                0x0000000000009cf0                NOROM_SetupGetTrimForAmpcompCtrl
 .text.NOROM_SetupAfterColdResetWakeupFromShutDownCfg2
                0x0000000000009d64      0x194 contiki-srf06-cc26xx.a(setup_rom.o)
                0x0000000000009d64                NOROM_SetupAfterColdResetWakeupFromShutDownCfg2
 .text.NOROM_SetupSetCacheModeAccordingToCcfgSetting
                0x0000000000009ef8       0x6c contiki-srf06-cc26xx.a(setup_rom.o)
                0x0000000000009ef8                NOROM_SetupSetCacheModeAccordingToCcfgSetting
 .text.mac_sequence_is_duplicate
                0x0000000000009f64       0x50 contiki-srf06-cc26xx.a(mac-sequence.o)
                0x0000000000009f64                mac_sequence_is_duplicate
 .text.mac_sequence_register_seqno
                0x0000000000009fb4       0x6c contiki-srf06-cc26xx.a(mac-sequence.o)
                0x0000000000009fb4                mac_sequence_register_seqno
 .text.parse    0x000000000000a020       0xa4 contiki-srf06-cc26xx.a(framer-802154.o)
 .text.create_frame.isra.0
                0x000000000000a0c4      0x140 contiki-srf06-cc26xx.a(framer-802154.o)
 .text.create   0x000000000000a204        0x8 contiki-srf06-cc26xx.a(framer-802154.o)
 .text.hdr_length
                0x000000000000a20c        0x8 contiki-srf06-cc26xx.a(framer-802154.o)
 .text.header_size
                0x000000000000a214       0x1c contiki-srf06-cc26xx.a(chameleon-bitop)
 .text.get_bits
                0x000000000000a230       0xa8 contiki-srf06-cc26xx.a(chameleon-bitop)
                0x000000000000a230                get_bits
 .text.unpack_header
                0x000000000000a2d8       0xb8 contiki-srf06-cc26xx.a(chameleon-bitop)
 .text.set_bits
                0x000000000000a390       0xcc contiki-srf06-cc26xx.a(chameleon-bitop)
                0x000000000000a390                set_bits
 .text.pack_header
                0x000000000000a45c       0xa8 contiki-srf06-cc26xx.a(chameleon-bitop)
 .text.frame802154_get_pan_id
                0x000000000000a504        0xc contiki-srf06-cc26xx.a(frame802154.o)
                0x000000000000a504                frame802154_get_pan_id
 .text.frame802154_has_panid
                0x000000000000a510       0xb8 contiki-srf06-cc26xx.a(frame802154.o)
                0x000000000000a510                frame802154_has_panid
 .text.field_len
                0x000000000000a5c8       0x9c contiki-srf06-cc26xx.a(frame802154.o)
 .text.frame802154_is_broadcast_addr
                0x000000000000a664       0x20 contiki-srf06-cc26xx.a(frame802154.o)
                0x000000000000a664                frame802154_is_broadcast_addr
 .text.frame802154_hdrlen
                0x000000000000a684       0x34 contiki-srf06-cc26xx.a(frame802154.o)
                0x000000000000a684                frame802154_hdrlen
 .text.frame802154_create_fcf
                0x000000000000a6b8       0x64 contiki-srf06-cc26xx.a(frame802154.o)
                0x000000000000a6b8                frame802154_create_fcf
 .text.frame802154_create
                0x000000000000a71c       0xb8 contiki-srf06-cc26xx.a(frame802154.o)
                0x000000000000a71c                frame802154_create
 .text.frame802154_parse_fcf
                0x000000000000a7d4       0x4c contiki-srf06-cc26xx.a(frame802154.o)
                0x000000000000a7d4                frame802154_parse_fcf
 .text.frame802154_parse
                0x000000000000a820      0x134 contiki-srf06-cc26xx.a(frame802154.o)
                0x000000000000a820                frame802154_parse
 .text.exp2     0x000000000000a954       0x10 /usr/lib/gcc/arm-none-eabi/4.9.3/../../../arm-none-eabi/lib/armv7-m/libm.a(lib_a-w_exp2.o)
                0x000000000000a954                exp2
 .text.pow      0x000000000000a964      0x2f0 /usr/lib/gcc/arm-none-eabi/4.9.3/../../../arm-none-eabi/lib/armv7-m/libm.a(lib_a-w_pow.o)
                0x000000000000a964                pow
 .text.__ieee754_sqrt
                0x000000000000ac54      0x18c /usr/lib/gcc/arm-none-eabi/4.9.3/../../../arm-none-eabi/lib/armv7-m/libm.a(lib_a-e_sqrt.o)
                0x000000000000ac54                __ieee754_sqrt
 .text.fabs     0x000000000000ade0        0x8 /usr/lib/gcc/arm-none-eabi/4.9.3/../../../arm-none-eabi/lib/armv7-m/libm.a(lib_a-s_fabs.o)
                0x000000000000ade0                fabs
 .text.finite   0x000000000000ade8        0xc /usr/lib/gcc/arm-none-eabi/4.9.3/../../../arm-none-eabi/lib/armv7-m/libm.a(lib_a-s_finite.o)
                0x000000000000ade8                finite
 .text.__fpclassifyd
                0x000000000000adf4       0x58 /usr/lib/gcc/arm-none-eabi/4.9.3/../../../arm-none-eabi/lib/armv7-m/libm.a(lib_a-s_fpclassify.o)
                0x000000000000adf4                __fpclassifyd
 .text.matherr  0x000000000000ae4c        0x4 /usr/lib/gcc/arm-none-eabi/4.9.3/../../../arm-none-eabi/lib/armv7-m/libm.a(lib_a-s_matherr.o)
                0x000000000000ae4c                matherr
 .text.nan      0x000000000000ae50        0xc /usr/lib/gcc/arm-none-eabi/4.9.3/../../../arm-none-eabi/lib/armv7-m/libm.a(lib_a-s_nan.o)
                0x000000000000ae50                nan
 .text.rint     0x000000000000ae5c      0x11c /usr/lib/gcc/arm-none-eabi/4.9.3/../../../arm-none-eabi/lib/armv7-m/libm.a(lib_a-s_rint.o)
                0x000000000000ae5c                rint
 .text.copysign
                0x000000000000af78       0x10 /usr/lib/gcc/arm-none-eabi/4.9.3/../../../arm-none-eabi/lib/armv7-m/libm.a(lib_a-s_copysign.o)
                0x000000000000af78                copysign
 .text          0x000000000000af88      0x370 /usr/lib/gcc/arm-none-eabi/4.9.3/armv7-m/libgcc.a(_arm_addsubdf3.o)
                0x000000000000af88                __aeabi_drsub
                0x000000000000af90                __aeabi_dsub
                0x000000000000af90                __subdf3
                0x000000000000af94                __adddf3
                0x000000000000af94                __aeabi_dadd
                0x000000000000b20c                __aeabi_ui2d
                0x000000000000b20c                __floatunsidf
                0x000000000000b22c                __floatsidf
                0x000000000000b22c                __aeabi_i2d
                0x000000000000b250                __extendsfdf2
                0x000000000000b250                __aeabi_f2d
                0x000000000000b28c                __aeabi_ul2d
                0x000000000000b28c                __floatundidf
                0x000000000000b29c                __floatdidf
                0x000000000000b29c                __aeabi_l2d
 .text          0x000000000000b2f8      0x424 /usr/lib/gcc/arm-none-eabi/4.9.3/armv7-m/libgcc.a(_arm_muldivdf3.o)
                0x000000000000b2f8                __aeabi_dmul
                0x000000000000b2f8                __muldf3
                0x000000000000b54c                __aeabi_ddiv
                0x000000000000b54c                __divdf3
 .text          0x000000000000b71c      0x110 /usr/lib/gcc/arm-none-eabi/4.9.3/armv7-m/libgcc.a(_arm_cmpdf2.o)
                0x000000000000b71c                __gtdf2
                0x000000000000b71c                __gedf2
                0x000000000000b724                __ltdf2
                0x000000000000b724                __ledf2
                0x000000000000b72c                __cmpdf2
                0x000000000000b72c                __eqdf2
                0x000000000000b72c                __nedf2
                0x000000000000b7a8                __aeabi_cdrcmple
                0x000000000000b7b8                __aeabi_cdcmple
                0x000000000000b7b8                __aeabi_cdcmpeq
                0x000000000000b7c8                __aeabi_dcmpeq
                0x000000000000b7dc                __aeabi_dcmplt
                0x000000000000b7f0                __aeabi_dcmple
                0x000000000000b804                __aeabi_dcmpge
                0x000000000000b818                __aeabi_dcmpgt
 .text          0x000000000000b82c       0xa0 /usr/lib/gcc/arm-none-eabi/4.9.3/armv7-m/libgcc.a(_arm_truncdfsf2.o)
                0x000000000000b82c                __aeabi_d2f
                0x000000000000b82c                __truncdfsf2
 .text          0x000000000000b8cc      0x21c /usr/lib/gcc/arm-none-eabi/4.9.3/armv7-m/libgcc.a(_arm_addsubsf3.o)
                0x000000000000b8cc                __aeabi_frsub
                0x000000000000b8d4                __subsf3
                0x000000000000b8d4                __aeabi_fsub
                0x000000000000b8d8                __aeabi_fadd
                0x000000000000b8d8                __addsf3
                0x000000000000ba38                __aeabi_ui2f
                0x000000000000ba38                __floatunsisf
                0x000000000000ba40                __aeabi_i2f
                0x000000000000ba40                __floatsisf
                0x000000000000ba5c                __floatundisf
                0x000000000000ba5c                __aeabi_ul2f
                0x000000000000ba6c                __floatdisf
                0x000000000000ba6c                __aeabi_l2f
 .text          0x000000000000bae8      0x2a0 /usr/lib/gcc/arm-none-eabi/4.9.3/armv7-m/libgcc.a(_arm_muldivsf3.o)
                0x000000000000bae8                __mulsf3
                0x000000000000bae8                __aeabi_fmul
                0x000000000000bc50                __divsf3
                0x000000000000bc50                __aeabi_fdiv
 .text          0x000000000000bd88       0x4c /usr/lib/gcc/arm-none-eabi/4.9.3/armv7-m/libgcc.a(_arm_fixsfsi.o)
                0x000000000000bd88                __fixsfsi
                0x000000000000bd88                __aeabi_f2iz
 .text          0x000000000000bdd4       0x30 /usr/lib/gcc/arm-none-eabi/4.9.3/armv7-m/libgcc.a(_aeabi_uldivmod.o)
                0x000000000000bdd4                __aeabi_uldivmod
 .text          0x000000000000be04       0x60 /usr/lib/gcc/arm-none-eabi/4.9.3/armv7-m/libgcc.a(bpabi.o)
                0x000000000000be04                __gnu_ldivmod_helper
                0x000000000000be34                __gnu_uldivmod_helper
 .text          0x000000000000be64        0x4 /usr/lib/gcc/arm-none-eabi/4.9.3/armv7-m/libgcc.a(_dvmd_tls.o)
                0x000000000000be64                __aeabi_ldiv0
                0x000000000000be64                __aeabi_idiv0
 .text          0x000000000000be68      0x2ac /usr/lib/gcc/arm-none-eabi/4.9.3/armv7-m/libgcc.a(_divdi3.o)
                0x000000000000be68                __divdi3
 .text          0x000000000000c114      0x270 /usr/lib/gcc/arm-none-eabi/4.9.3/armv7-m/libgcc.a(_udivdi3.o)
                0x000000000000c114                __udivdi3
 .text.__errno  0x000000000000c384        0xc /usr/lib/gcc/arm-none-eabi/4.9.3/../../../arm-none-eabi/lib/armv7-m/libc.a(lib_a-errno.o)
                0x000000000000c384                __errno
 .text.memcmp   0x000000000000c390       0x64 /usr/lib/gcc/arm-none-eabi/4.9.3/../../../arm-none-eabi/lib/armv7-m/libc.a(lib_a-memcmp.o)
                0x000000000000c390                memcmp
 .text          0x000000000000c3f4       0xec /usr/lib/gcc/arm-none-eabi/4.9.3/../../../arm-none-eabi/lib/armv7-m/libc.a(lib_a-memcpy.o)
                0x000000000000c3f4                memcpy
 .text.memset   0x000000000000c4e0       0x9c /usr/lib/gcc/arm-none-eabi/4.9.3/../../../arm-none-eabi/lib/armv7-m/libc.a(lib_a-memset.o)
                0x000000000000c4e0                memset
 .text          0x000000000000c57c      0x1bc /usr/lib/gcc/arm-none-eabi/4.9.3/../../../arm-none-eabi/lib/armv7-m/libc.a(lib_a-strcmp.o)
                0x000000000000c57c                strcmp
 .text.strlen   0x000000000000c738       0x5c /usr/lib/gcc/arm-none-eabi/4.9.3/../../../arm-none-eabi/lib/armv7-m/libc.a(lib_a-strlen.o)
                0x000000000000c738                strlen
 .text.strncpy  0x000000000000c794       0x68 /usr/lib/gcc/arm-none-eabi/4.9.3/../../../arm-none-eabi/lib/armv7-m/libc.a(lib_a-strncpy.o)
                0x000000000000c794                strncpy
 *(SORT(.rodata*))
 *fill*         0x000000000000c7fc        0x4 00000000
 .rodata.dp_h   0x000000000000c800       0x10 /usr/lib/gcc/arm-none-eabi/4.9.3/../../../arm-none-eabi/lib/armv7-m/libm.a(lib_a-e_pow.o)
 .rodata.dp_l   0x000000000000c810       0x10 /usr/lib/gcc/arm-none-eabi/4.9.3/../../../arm-none-eabi/lib/armv7-m/libm.a(lib_a-e_pow.o)
 .rodata.bp     0x000000000000c820       0x10 /usr/lib/gcc/arm-none-eabi/4.9.3/../../../arm-none-eabi/lib/armv7-m/libm.a(lib_a-e_pow.o)
 .rodata.TWO52  0x000000000000c830       0x10 /usr/lib/gcc/arm-none-eabi/4.9.3/../../../arm-none-eabi/lib/armv7-m/libm.a(lib_a-s_rint.o)
 .rodata.autostart_processes
                0x000000000000c840        0x8 test-coffee.co
                0x000000000000c840                autostart_processes
 .rodata.str1.4
                0x000000000000c848      0x11c test-coffee.co
 .rodata.str1.4
                0x000000000000c964       0xee contiki-srf06-cc26xx.a(contiki-main.o)
 *fill*         0x000000000000ca52        0x2 00000000
 .rodata.str1.4
                0x000000000000ca54        0x8 contiki-srf06-cc26xx.a(sensors.o)
 .rodata.str1.4
                0x000000000000ca5c        0x7 contiki-srf06-cc26xx.a(bmp-280-sensor.)
 *fill*         0x000000000000ca63        0x1 00000000
 .rodata.bmp_280_sensor
                0x000000000000ca64       0x10 contiki-srf06-cc26xx.a(bmp-280-sensor.)
                0x000000000000ca64                bmp_280_sensor
 .rodata.tmp_007_sensor
                0x000000000000ca74       0x10 contiki-srf06-cc26xx.a(tmp-007-sensor.)
                0x000000000000ca74                tmp_007_sensor
 .rodata.str1.4
                0x000000000000ca84        0x7 contiki-srf06-cc26xx.a(tmp-007-sensor.)
 *fill*         0x000000000000ca8b        0x1 00000000
 .rodata.str1.4
                0x000000000000ca8c        0x8 contiki-srf06-cc26xx.a(opt-3001-sensor)
 .rodata.opt_3001_sensor
                0x000000000000ca94       0x10 contiki-srf06-cc26xx.a(opt-3001-sensor)
                0x000000000000ca94                opt_3001_sensor
 .rodata.hdc_1000_sensor
                0x000000000000caa4       0x10 contiki-srf06-cc26xx.a(hdc-1000-sensor)
                0x000000000000caa4                hdc_1000_sensor
 .rodata.str1.4
                0x000000000000cab4        0x8 contiki-srf06-cc26xx.a(hdc-1000-sensor)
 .rodata.mpu_9250_sensor
                0x000000000000cabc       0x10 contiki-srf06-cc26xx.a(mpu-9250-sensor)
                0x000000000000cabc                mpu_9250_sensor
 .rodata.str1.4
                0x000000000000cacc        0x8 contiki-srf06-cc26xx.a(mpu-9250-sensor)
 .rodata.str1.4
                0x000000000000cad4        0x7 contiki-srf06-cc26xx.a(button-sensor.o)
 *fill*         0x000000000000cadb        0x1 00000000
 .rodata.button_left_sensor
                0x000000000000cadc       0x10 contiki-srf06-cc26xx.a(button-sensor.o)
                0x000000000000cadc                button_left_sensor
 .rodata.button_right_sensor
                0x000000000000caec       0x10 contiki-srf06-cc26xx.a(button-sensor.o)
                0x000000000000caec                button_right_sensor
 .rodata.str1.4
                0x000000000000cafc        0x5 contiki-srf06-cc26xx.a(reed-relay.o)
 *fill*         0x000000000000cb01        0x3 00000000
 .rodata.reed_relay_sensor
                0x000000000000cb04       0x10 contiki-srf06-cc26xx.a(reed-relay.o)
                0x000000000000cb04                reed_relay_sensor
 .rodata.output_power
                0x000000000000cb14       0x68 contiki-srf06-cc26xx.a(ieee-mode.o)
 .rodata.mode_ieee
                0x000000000000cb7c        0x8 contiki-srf06-cc26xx.a(ieee-mode.o)
 .rodata.ieee_mode_driver
                0x000000000000cb84       0x38 contiki-srf06-cc26xx.a(ieee-mode.o)
                0x000000000000cb84                ieee_mode_driver
 .rodata.str1.4
                0x000000000000cbbc       0x1b contiki-srf06-cc26xx.a(soc-trng.o)
 *fill*         0x000000000000cbd7        0x1 00000000
 .rodata.str1.4
                0x000000000000cbd8       0x46 contiki-srf06-cc26xx.a(strformat.o)
 *fill*         0x000000000000cc1e        0x2 00000000
 .rodata.buffer.4019
                0x000000000000cc20       0x10 contiki-srf06-cc26xx.a(strformat.o)
 .rodata.buffer.4028
                0x000000000000cc30       0x10 contiki-srf06-cc26xx.a(strformat.o)
 .rodata.str1.4
                0x000000000000cc40        0xf contiki-srf06-cc26xx.a(ctimer.o)
 *fill*         0x000000000000cc4f        0x1 00000000
 .rodata.str1.4
                0x000000000000cc50        0xc contiki-srf06-cc26xx.a(etimer.o)
 .rodata.str1.4
                0x000000000000cc5c        0xe contiki-srf06-cc26xx.a(serial-line.o)
 *fill*         0x000000000000cc6a        0x2 00000000
 .rodata.str1.4
                0x000000000000cc6c        0x5 contiki-srf06-cc26xx.a(rime.o)
 *fill*         0x000000000000cc71        0x3 00000000
 .rodata.rime_driver
                0x000000000000cc74        0xc contiki-srf06-cc26xx.a(rime.o)
                0x000000000000cc74                rime_driver
 .rodata.linkaddr_null
                0x000000000000cc80        0x2 contiki-srf06-cc26xx.a(linkaddr.o)
                0x000000000000cc80                linkaddr_null
 *fill*         0x000000000000cc82        0x2 00000000
 .rodata.str1.4
                0x000000000000cc84        0x5 contiki-srf06-cc26xx.a(csma.o)
 *fill*         0x000000000000cc89        0x3 00000000
 .rodata.csma_driver
                0x000000000000cc8c       0x1c contiki-srf06-cc26xx.a(csma.o)
                0x000000000000cc8c                csma_driver
 .rodata.str1.4
                0x000000000000cca8        0xb contiki-srf06-cc26xx.a(contikimac.o)
 *fill*         0x000000000000ccb3        0x1 00000000
 .rodata.contikimac_driver
                0x000000000000ccb4       0x20 contiki-srf06-cc26xx.a(contikimac.o)
                0x000000000000ccb4                contikimac_driver
 .rodata.str1.4
                0x000000000000ccd4        0x8 contiki-srf06-cc26xx.a(nullsec.o)
 .rodata.nullsec_driver
                0x000000000000ccdc       0x10 contiki-srf06-cc26xx.a(nullsec.o)
                0x000000000000ccdc                nullsec_driver
 .rodata        0x000000000000ccec        0x4 contiki-srf06-cc26xx.a(ext-flash.o)
 .rodata.str1.4
                0x000000000000ccf0       0x46 contiki-srf06-cc26xx.a(rf-core.o)
 *fill*         0x000000000000cd36        0x2 00000000
 .rodata.broadcast_callbacks
                0x000000000000cd38        0x8 contiki-srf06-cc26xx.a(broadcast-annou)
 .rodata.attributes
                0x000000000000cd40        0x2 contiki-srf06-cc26xx.a(abc.o)
 *fill*         0x000000000000cd42        0x2 00000000
 .rodata.attributes
                0x000000000000cd44        0x4 contiki-srf06-cc26xx.a(broadcast.o)
 .rodata.broadcast
                0x000000000000cd48        0x8 contiki-srf06-cc26xx.a(broadcast.o)
 .rodata.framer_802154
                0x000000000000cd50        0xc contiki-srf06-cc26xx.a(framer-802154.o)
                0x000000000000cd50                framer_802154
 .rodata.chameleon_bitopt
                0x000000000000cd5c        0xc contiki-srf06-cc26xx.a(chameleon-bitop)
                0x000000000000cd5c                chameleon_bitopt
 .rodata.bitmask
                0x000000000000cd68        0x9 contiki-srf06-cc26xx.a(chameleon-bitop)
 *fill*         0x000000000000cd71        0x3 00000000
 .rodata.str1.4
                0x000000000000cd74        0x4 /usr/lib/gcc/arm-none-eabi/4.9.3/../../../arm-none-eabi/lib/armv7-m/libm.a(lib_a-w_pow.o)
 .rodata.str1.4
                0x000000000000cd78        0x4 /usr/lib/gcc/arm-none-eabi/4.9.3/../../../arm-none-eabi/lib/armv7-m/libm.a(lib_a-e_pow.o)
 .rodata.str1.4
                0x000000000000cd78        0x4 /usr/lib/gcc/arm-none-eabi/4.9.3/../../../arm-none-eabi/lib/armv7-m/libc.a(lib_a-impure.o)
                0x000000000000cd7c                _etext = .

.glue_7         0x000000000000cd7c        0x0
 .glue_7        0x000000000000cd7c        0x0 linker stubs

.glue_7t        0x000000000000cd7c        0x0
 .glue_7t       0x000000000000cd7c        0x0 linker stubs

.vfp11_veneer   0x000000000000cd7c        0x0
 .vfp11_veneer  0x000000000000cd7c        0x0 linker stubs

.v4_bx          0x000000000000cd7c        0x0
 .v4_bx         0x000000000000cd7c        0x0 linker stubs

.iplt           0x000000000000cd7c        0x0
 .iplt          0x000000000000cd7c        0x0 obj_srf06-cc26xx/startup_gcc.o

.data           0x0000000020000000      0x59d load address 0x000000000000cd7c
                0x0000000020000000                _data = .
 *(SORT(vtable))
 *(SORT(.data*))
 .data.impure_data
                0x0000000020000000      0x428 /usr/lib/gcc/arm-none-eabi/4.9.3/../../../arm-none-eabi/lib/armv7-m/libc.a(lib_a-impure.o)
 .data.testcoffee_process
                0x0000000020000428       0x10 test-coffee.co
                0x0000000020000428                testcoffee_process
 .data.sensors_process
                0x0000000020000438       0x10 contiki-srf06-cc26xx.a(sensors.o)
                0x0000000020000438                sensors_process
 .data.sensors  0x0000000020000448       0x24 contiki-srf06-cc26xx.a(sensortag-senso)
                0x0000000020000448                sensors
 .data.sensortag_module
                0x000000002000046c       0x14 contiki-srf06-cc26xx.a(board.o)
 .data.uart_module
                0x0000000020000480       0x14 contiki-srf06-cc26xx.a(cc26xx-uart.o)
 .data.cc26xx_rf_lpm_module
                0x0000000020000494       0x14 contiki-srf06-cc26xx.a(ieee-mode.o)
 .data.ieee_overrides
                0x00000000200004a8       0x2c contiki-srf06-cc26xx.a(ieee-mode.o)
 .data.tx_power_current
                0x00000000200004d4        0x4 contiki-srf06-cc26xx.a(ieee-mode.o)
                0x00000000200004d4                tx_power_current
 .data.rng_module
                0x00000000200004d8       0x14 contiki-srf06-cc26xx.a(soc-trng.o)
 .data.soc_trng_process
                0x00000000200004ec       0x10 contiki-srf06-cc26xx.a(soc-trng.o)
                0x00000000200004ec                soc_trng_process
 .data.ctxt     0x00000000200004fc        0x8 contiki-srf06-cc26xx.a(dbg-printf.o)
 .data.ctimer_process
                0x0000000020000504       0x10 contiki-srf06-cc26xx.a(ctimer.o)
                0x0000000020000504                ctimer_process
 .data.etimer_process
                0x0000000020000514       0x10 contiki-srf06-cc26xx.a(etimer.o)
                0x0000000020000514                etimer_process
 .data.serial_line_process
                0x0000000020000524       0x10 contiki-srf06-cc26xx.a(serial-line.o)
                0x0000000020000524                serial_line_process
 .data.bufmem   0x0000000020000534        0xc contiki-srf06-cc26xx.a(queuebuf.o)
 .data.buframmem
                0x0000000020000540        0xc contiki-srf06-cc26xx.a(queuebuf.o)
 .data.metadata_memb
                0x000000002000054c        0xc contiki-srf06-cc26xx.a(csma.o)
 .data.neighbor_memb
                0x0000000020000558        0xc contiki-srf06-cc26xx.a(csma.o)
 .data.packet_memb
                0x0000000020000564        0xc contiki-srf06-cc26xx.a(csma.o)
 .data.buzzer_module
                0x0000000020000570       0x14 contiki-srf06-cc26xx.a(buzzer.o)
 .data.rf_core_process
                0x0000000020000584       0x10 contiki-srf06-cc26xx.a(rf-core.o)
                0x0000000020000584                rf_core_process
 .data._impure_ptr
                0x0000000020000594        0x4 /usr/lib/gcc/arm-none-eabi/4.9.3/../../../arm-none-eabi/lib/armv7-m/libc.a(lib_a-impure.o)
                0x0000000020000594                _impure_ptr
 .data.mac_pan_id
                0x0000000020000598        0x2 contiki-srf06-cc26xx.a(frame802154.o)
 .data.interface
                0x000000002000059a        0x1 contiki-srf06-cc26xx.a(board-i2c.o)
 .data.rng_ready_event
                0x000000002000059b        0x1 contiki-srf06-cc26xx.a(soc-trng.o)
 .data.__fdlib_version
                0x000000002000059c        0x1 /usr/lib/gcc/arm-none-eabi/4.9.3/../../../arm-none-eabi/lib/armv7-m/libm.a(lib_a-s_lib_ver.o)
                0x000000002000059c                __fdlib_version
                0x000000002000059d                _edata = .

.igot.plt       0x00000000200005a0        0x0 load address 0x000000000000d319
 .igot.plt      0x00000000200005a0        0x0 obj_srf06-cc26xx/startup_gcc.o

.ARM.exidx      0x000000000000d31c        0x8
 *(SORT(.ARM.exidx*))
 .ARM.exidx     0x000000000000d31c        0x8 /usr/lib/gcc/arm-none-eabi/4.9.3/armv7-m/libgcc.a(_divdi3.o)
 .ARM.exidx     0x000000000000d324        0x0 /usr/lib/gcc/arm-none-eabi/4.9.3/armv7-m/libgcc.a(_udivdi3.o)
                                          0x8 (size before relaxing)

.bss            0x00000000200005a0     0x1314
                0x00000000200005a0                _bss = .
 *(SORT(.bss*))
 .bss.count     0x00000000200005a0        0x8 contiki-srf06-cc26xx.a(clock.o)
 .bss.last_rat_timestamp64
                0x00000000200005a8        0x8 contiki-srf06-cc26xx.a(ieee-mode.o)
 .bss.rands_cache
                0x00000000200005b0       0x20 contiki-srf06-cc26xx.a(soc-trng.o)
 .bss.events.4848
                0x00000000200005d0        0x4 contiki-srf06-cc26xx.a(sensors.o)
 .bss.i.4847    0x00000000200005d4        0x4 contiki-srf06-cc26xx.a(sensors.o)
 .bss.inited    0x00000000200005d8        0x4 contiki-srf06-cc26xx.a(leds-arch.o)
 .bss.sensor_value
                0x00000000200005dc        0x6 contiki-srf06-cc26xx.a(bmp-280-sensor.)
 *fill*         0x00000000200005e2        0x2 
 .bss.calibration_data
                0x00000000200005e4       0x1c contiki-srf06-cc26xx.a(bmp-280-sensor.)
 .bss.startup_timer
                0x0000000020000600       0x20 contiki-srf06-cc26xx.a(bmp-280-sensor.)
 .bss.enabled   0x0000000020000620        0x4 contiki-srf06-cc26xx.a(bmp-280-sensor.)
 .bss.obj_temp_latched
                0x0000000020000624        0x4 contiki-srf06-cc26xx.a(tmp-007-sensor.)
 .bss.startup_timer
                0x0000000020000628       0x20 contiki-srf06-cc26xx.a(tmp-007-sensor.)
 .bss.enabled   0x0000000020000648        0x4 contiki-srf06-cc26xx.a(tmp-007-sensor.)
 .bss.buf       0x000000002000064c        0x4 contiki-srf06-cc26xx.a(tmp-007-sensor.)
 .bss.amb_temp_latched
                0x0000000020000650        0x4 contiki-srf06-cc26xx.a(tmp-007-sensor.)
 .bss.startup_timer
                0x0000000020000654       0x20 contiki-srf06-cc26xx.a(opt-3001-sensor)
 .bss.state     0x0000000020000674        0x4 contiki-srf06-cc26xx.a(opt-3001-sensor)
 .bss.startup_timer
                0x0000000020000678       0x20 contiki-srf06-cc26xx.a(hdc-1000-sensor)
 .bss.enabled   0x0000000020000698        0x4 contiki-srf06-cc26xx.a(hdc-1000-sensor)
 .bss.data      0x000000002000069c        0x4 contiki-srf06-cc26xx.a(hdc-1000-sensor)
 .bss.sensor_value
                0x00000000200006a0        0x6 contiki-srf06-cc26xx.a(mpu-9250-sensor)
 *fill*         0x00000000200006a6        0x2 
 .bss.startup_timer
                0x00000000200006a8       0x20 contiki-srf06-cc26xx.a(mpu-9250-sensor)
 .bss.state     0x00000000200006c8        0x4 contiki-srf06-cc26xx.a(mpu-9250-sensor)
 .bss.rawData.8091
                0x00000000200006cc        0x3 contiki-srf06-cc26xx.a(mpu-9250-sensor)
 *fill*         0x00000000200006cf        0x1 
 .bss.elements  0x00000000200006d0        0x4 contiki-srf06-cc26xx.a(mpu-9250-sensor)
 .bss.left_timer
                0x00000000200006d4       0x10 contiki-srf06-cc26xx.a(button-sensor.o)
 .bss.debouncetimer
                0x00000000200006e4        0x8 contiki-srf06-cc26xx.a(reed-relay.o)
 .bss.coffee_fd_set
                0x00000000200006ec       0x60 contiki-srf06-cc26xx.a(cfs-coffee.o)
 .bss.coffee_files
                0x000000002000074c       0x48 contiki-srf06-cc26xx.a(cfs-coffee.o)
 .bss.last_isr_time
                0x0000000020000794        0x4 contiki-srf06-cc26xx.a(soc-rtc.o)
 .bss.input_handler
                0x0000000020000798        0x4 contiki-srf06-cc26xx.a(cc26xx-uart.o)
 .bss.modules_list_list
                0x000000002000079c        0x4 contiki-srf06-cc26xx.a(lpm.o)
 .bss.handlers  0x00000000200007a0       0x80 contiki-srf06-cc26xx.a(gpio-interrupt.)
 .bss.rat_overflow_counter
                0x0000000020000820        0x4 contiki-srf06-cc26xx.a(ieee-mode.o)
 .bss.last_packet_timestamp
                0x0000000020000824        0x4 contiki-srf06-cc26xx.a(ieee-mode.o)
 .bss.rx_buf_0  0x0000000020000828       0x90 contiki-srf06-cc26xx.a(ieee-mode.o)
 .bss.rx_buf_1  0x00000000200008b8       0x90 contiki-srf06-cc26xx.a(ieee-mode.o)
 .bss.rx_buf_2  0x0000000020000948       0x90 contiki-srf06-cc26xx.a(ieee-mode.o)
 .bss.rx_buf_3  0x00000000200009d8       0x90 contiki-srf06-cc26xx.a(ieee-mode.o)
 .bss.last_value.8804
                0x0000000020000a68        0x4 contiki-srf06-cc26xx.a(ieee-mode.o)
 .bss.rx_data_queue
                0x0000000020000a6c        0x8 contiki-srf06-cc26xx.a(ieee-mode.o)
 .bss.rat_overflow_timer
                0x0000000020000a74       0x20 contiki-srf06-cc26xx.a(ieee-mode.o)
 .bss.filter_cmd
                0x0000000020000a94        0x8 contiki-srf06-cc26xx.a(ieee-mode.o)
 .bss.rx_read_entry
                0x0000000020000a9c        0x4 contiki-srf06-cc26xx.a(ieee-mode.o)
 .bss.last_rat_overflow
                0x0000000020000aa0        0x4 contiki-srf06-cc26xx.a(ieee-mode.o)
 .bss.cmd_ieee_rx_buf
                0x0000000020000aa4       0x80 contiki-srf06-cc26xx.a(ieee-mode.o)
 .bss.rf_stats  0x0000000020000b24       0x10 contiki-srf06-cc26xx.a(ieee-mode.o)
 .bss.tx_buf    0x0000000020000b34       0xb6 contiki-srf06-cc26xx.a(ieee-mode.o)
 *fill*         0x0000000020000bea        0x2 
 .bss.notify_cb
                0x0000000020000bec        0x4 contiki-srf06-cc26xx.a(soc-trng.o)
 .bss.rands_mask
                0x0000000020000bf0        0x4 contiki-srf06-cc26xx.a(soc-trng.o)
 .bss.ctimer_list_list
                0x0000000020000bf4        0x4 contiki-srf06-cc26xx.a(ctimer.o)
 .bss.timerlist
                0x0000000020000bf8        0x4 contiki-srf06-cc26xx.a(etimer.o)
 .bss.next_expiration
                0x0000000020000bfc        0x4 contiki-srf06-cc26xx.a(etimer.o)
 .bss.process_current
                0x0000000020000c00        0x4 contiki-srf06-cc26xx.a(process.o)
                0x0000000020000c00                process_current
 .bss.process_list
                0x0000000020000c04        0x4 contiki-srf06-cc26xx.a(process.o)
                0x0000000020000c04                process_list
 .bss.events    0x0000000020000c08      0x180 contiki-srf06-cc26xx.a(process.o)
 .bss.next_rtimer
                0x0000000020000d88        0x4 contiki-srf06-cc26xx.a(rtimer.o)
 .bss.rxbuf_data
                0x0000000020000d8c       0x80 contiki-srf06-cc26xx.a(serial-line.o)
 .bss.rxbuf     0x0000000020000e0c        0x8 contiki-srf06-cc26xx.a(serial-line.o)
 .bss.buf.4831  0x0000000020000e14       0x80 contiki-srf06-cc26xx.a(serial-line.o)
 .bss.ptr.4832  0x0000000020000e94        0x4 contiki-srf06-cc26xx.a(serial-line.o)
 .bss.sniffers_list
                0x0000000020000e98        0x4 contiki-srf06-cc26xx.a(rime.o)
 .bss.powerQualGlobals
                0x0000000020000e9c        0x8 contiki-srf06-cc26xx.a(sys_ctrl.o)
 .bss.buframmem_memb_count
                0x0000000020000ea4        0x8 contiki-srf06-cc26xx.a(queuebuf.o)
 .bss.bufmem_memb_mem
                0x0000000020000eac       0x20 contiki-srf06-cc26xx.a(queuebuf.o)
 .bss.buframmem_memb_mem
                0x0000000020000ecc      0x5f0 contiki-srf06-cc26xx.a(queuebuf.o)
 .bss.bufmem_memb_count
                0x00000000200014bc        0x8 contiki-srf06-cc26xx.a(queuebuf.o)
 .bss.packetbuf_aligned
                0x00000000200014c4       0x80 contiki-srf06-cc26xx.a(packetbuf.o)
 .bss.metadata_memb_memb_count
                0x0000000020001544        0x8 contiki-srf06-cc26xx.a(csma.o)
 .bss.packet_memb_memb_count
                0x000000002000154c        0x8 contiki-srf06-cc26xx.a(csma.o)
 .bss.metadata_memb_memb_mem
                0x0000000020001554       0x60 contiki-srf06-cc26xx.a(csma.o)
 .bss.neighbor_list_list
                0x00000000200015b4        0x4 contiki-srf06-cc26xx.a(csma.o)
 .bss.packet_memb_memb_mem
                0x00000000200015b8       0x60 contiki-srf06-cc26xx.a(csma.o)
 .bss.neighbor_memb_memb_count
                0x0000000020001618        0x2 contiki-srf06-cc26xx.a(csma.o)
 *fill*         0x000000002000161a        0x2 
 .bss.neighbor_memb_memb_mem
                0x000000002000161c       0x68 contiki-srf06-cc26xx.a(csma.o)
 .bss.cycle_start
                0x0000000020001684        0x4 contiki-srf06-cc26xx.a(contikimac.o)
 .bss.we_are_receiving_burst
                0x0000000020001688        0x4 contiki-srf06-cc26xx.a(contikimac.o)
 .bss.rt        0x000000002000168c        0xc contiki-srf06-cc26xx.a(contikimac.o)
 .bss.start.7019
                0x0000000020001698        0x4 contiki-srf06-cc26xx.a(contikimac.o)
 .bss.ct.7094   0x000000002000169c       0x20 contiki-srf06-cc26xx.a(contikimac.o)
 .bss.pt        0x00000000200016bc        0x2 contiki-srf06-cc26xx.a(contikimac.o)
 *fill*         0x00000000200016be        0x2 
 .bss.buffer    0x00000000200016c0       0x20 contiki-srf06-cc26xx.a(sensor-common.o)
 .bss.consumers_list_list
                0x00000000200016e0        0x4 contiki-srf06-cc26xx.a(aux-ctrl.o)
 .bss.last_radio_op
                0x00000000200016e4        0x4 contiki-srf06-cc26xx.a(rf-core.o)
 .bss.primary_mode
                0x00000000200016e8        0x4 contiki-srf06-cc26xx.a(rf-core.o)
 .bss.rat_offset
                0x00000000200016ec        0x4 contiki-srf06-cc26xx.a(rf-core.o)
                0x00000000200016ec                rat_offset
 .bss.c         0x00000000200016f0       0x6c contiki-srf06-cc26xx.a(broadcast-annou)
 .bss.announcements_list
                0x000000002000175c        0x4 contiki-srf06-cc26xx.a(announcement.o)
 .bss.observer_callback
                0x0000000020001760        0x4 contiki-srf06-cc26xx.a(announcement.o)
 .bss.channel_list_list
                0x0000000020001764        0x4 contiki-srf06-cc26xx.a(channel.o)
 .bss.received_seqnos
                0x0000000020001768       0xc0 contiki-srf06-cc26xx.a(mac-sequence.o)
 .bss.node_id   0x0000000020001828        0x2 contiki-srf06-cc26xx.a(contiki-main.o)
                0x0000000020001828                node_id
 .bss.val       0x000000002000182a        0x2 contiki-srf06-cc26xx.a(tmp-007-sensor.)
 .bss.raw_temp  0x000000002000182c        0x2 contiki-srf06-cc26xx.a(hdc-1000-sensor)
 .bss.raw_hum   0x000000002000182e        0x2 contiki-srf06-cc26xx.a(hdc-1000-sensor)
 .bss.calX      0x0000000020001830        0x2 contiki-srf06-cc26xx.a(mpu-9250-sensor)
 .bss.calY      0x0000000020001832        0x2 contiki-srf06-cc26xx.a(mpu-9250-sensor)
 .bss.calZ      0x0000000020001834        0x2 contiki-srf06-cc26xx.a(mpu-9250-sensor)
 .bss.next_free
                0x0000000020001836        0x2 contiki-srf06-cc26xx.a(cfs-coffee.o)
 .bss.skip_pages.4897
                0x0000000020001838        0x2 contiki-srf06-cc26xx.a(cfs-coffee.o)
 .bss.buflen    0x000000002000183a        0x2 contiki-srf06-cc26xx.a(packetbuf.o)
 .bss.bufptr    0x000000002000183c        0x2 contiki-srf06-cc26xx.a(packetbuf.o)
 .bss.seqno.6294
                0x000000002000183e        0x2 contiki-srf06-cc26xx.a(csma.o)
 .bss.num_sensors
                0x0000000020001840        0x1 contiki-srf06-cc26xx.a(sensors.o)
 .bss.leds      0x0000000020001841        0x1 contiki-srf06-cc26xx.a(leds.o)
 .bss.c         0x0000000020001842        0x1 contiki-srf06-cc26xx.a(leds-arch.o)
 .bss.success   0x0000000020001843        0x1 contiki-srf06-cc26xx.a(hdc-1000-sensor)
 .bss.interrupt_status