Archive member included to satisfy reference by file (symbol)

contiki-srf06-cc26xx.a(er-coap-engine.)
                              obj_srf06-cc26xx/res-leds.o (coap_rest_implementation)
contiki-srf06-cc26xx.a(er-coap-transac)
                              contiki-srf06-cc26xx.a(er-coap-engine.) (coap_register_as_transaction_handler)
contiki-srf06-cc26xx.a(er-coap-observe)
                              contiki-srf06-cc26xx.a(er-coap-transac) (coap_remove_observer_by_client)
contiki-srf06-cc26xx.a(er-coap-res-wel)
                              contiki-srf06-cc26xx.a(er-coap-engine.) (res_well_known_core)
contiki-srf06-cc26xx.a(rest-engine.o)
                              obj_srf06-cc26xx/coap-server.o (rest_init_engine)
contiki-srf06-cc26xx.a(mqtt.o)
                              obj_srf06-cc26xx/mqtt-client.o (mqtt_register)
contiki-srf06-cc26xx.a(contiki-main.o)
                              obj_srf06-cc26xx/startup_gcc.o (main)
contiki-srf06-cc26xx.a(sensors.o)
                              cc26xx-web-demo.co (sensors_event)
contiki-srf06-cc26xx.a(leds.o)
                              contiki-srf06-cc26xx.a(contiki-main.o) (leds_init)
contiki-srf06-cc26xx.a(leds-arch.o)
                              contiki-srf06-cc26xx.a(leds.o) (leds_arch_init)
contiki-srf06-cc26xx.a(sensortag-senso)
                              contiki-srf06-cc26xx.a(sensors.o) (sensors_flags)
contiki-srf06-cc26xx.a(bmp-280-sensor.)
                              cc26xx-web-demo.co (bmp_280_sensor)
contiki-srf06-cc26xx.a(tmp-007-sensor.)
                              cc26xx-web-demo.co (tmp_007_sensor)
contiki-srf06-cc26xx.a(opt-3001-sensor)
                              cc26xx-web-demo.co (opt_3001_sensor)
contiki-srf06-cc26xx.a(hdc-1000-sensor)
                              cc26xx-web-demo.co (hdc_1000_sensor)
contiki-srf06-cc26xx.a(mpu-9250-sensor)
                              cc26xx-web-demo.co (mpu_9250_sensor)
contiki-srf06-cc26xx.a(button-sensor.o)
                              contiki-srf06-cc26xx.a(sensortag-senso) (button_right_sensor)
contiki-srf06-cc26xx.a(reed-relay.o)
                              cc26xx-web-demo.co (reed_relay_sensor)
contiki-srf06-cc26xx.a(ext-flash.o)
                              cc26xx-web-demo.co (ext_flash_open)
contiki-srf06-cc26xx.a(buzzer.o)
                              obj_srf06-cc26xx/mqtt-client.o (buzzer_start)
contiki-srf06-cc26xx.a(board.o)
                              contiki-srf06-cc26xx.a(contiki-main.o) (board_init)
contiki-srf06-cc26xx.a(board-spi.o)
                              contiki-srf06-cc26xx.a(ext-flash.o) (board_spi_write)
contiki-srf06-cc26xx.a(board-i2c.o)
                              contiki-srf06-cc26xx.a(board.o) (board_i2c_wakeup)
contiki-srf06-cc26xx.a(clock.o)
                              contiki-srf06-cc26xx.a(contiki-main.o) (clock_init)
contiki-srf06-cc26xx.a(rtimer-arch.o)
                              contiki-srf06-cc26xx.a(mpu-9250-sensor) (rtimer_arch_now)
contiki-srf06-cc26xx.a(soc-rtc.o)
                              contiki-srf06-cc26xx.a(contiki-main.o) (soc_rtc_init)
contiki-srf06-cc26xx.a(contiki-watchdo)
                              contiki-srf06-cc26xx.a(contiki-main.o) (watchdog_init)
contiki-srf06-cc26xx.a(putchar.o)
                              contiki-srf06-cc26xx.a(contiki-main.o) (putchar)
contiki-srf06-cc26xx.a(ieee-addr.o)
                              contiki-srf06-cc26xx.a(contiki-main.o) (ieee_addr_cpy_to)
contiki-srf06-cc26xx.a(batmon-sensor.o)
                              cc26xx-web-demo.co (batmon_sensor)
contiki-srf06-cc26xx.a(cc26xx-uart.o)
                              contiki-srf06-cc26xx.a(contiki-main.o) (cc26xx_uart_init)
contiki-srf06-cc26xx.a(lpm.o)
                              contiki-srf06-cc26xx.a(button-sensor.o) (lpm_shutdown)
contiki-srf06-cc26xx.a(gpio-interrupt.)
                              contiki-srf06-cc26xx.a(button-sensor.o) (gpio_interrupt_register_handler)
contiki-srf06-cc26xx.a(oscillators.o)
                              contiki-srf06-cc26xx.a(contiki-main.o) (oscillators_select_lf_xosc)
contiki-srf06-cc26xx.a(rf-ble.o)
                              obj_srf06-cc26xx/res-ble-advd.o (rf_ble_beacond_config)
contiki-srf06-cc26xx.a(ieee-mode.o)
                              contiki-srf06-cc26xx.a(contiki-main.o) (ieee_mode_driver)
contiki-srf06-cc26xx.a(random.o)
                              cc26xx-web-demo.co (random_rand)
contiki-srf06-cc26xx.a(soc-trng.o)
                              contiki-srf06-cc26xx.a(random.o) (soc_trng_rand_synchronous)
contiki-srf06-cc26xx.a(dbg-printf.o)
                              obj_srf06-cc26xx/net-uart.o (printf)
contiki-srf06-cc26xx.a(dbg-snprintf.o)
                              cc26xx-web-demo.co (snprintf)
contiki-srf06-cc26xx.a(dbg-sprintf.o)
                              cc26xx-web-demo.co (sprintf)
contiki-srf06-cc26xx.a(strformat.o)
                              contiki-srf06-cc26xx.a(dbg-printf.o) (format_str_v)
contiki-srf06-cc26xx.a(autostart.o)
[...]
Memory Configuration

Name             Origin             Length             Attributes
FLASH            0x0000000000000000 0x000000000001ffa8 xr
FLASH_CCFG       0x000000000001ffa8 0x0000000000000058 xr
SRAM             0x0000000020000000 0x0000000000005000 xrw
GPRAM            0x0000000011000000 0x0000000000002000 xrw
*default*        0x0000000000000000 0xffffffffffffffff

Linker script and memory map

LOAD obj_srf06-cc26xx/fault-handlers.o
LOAD obj_srf06-cc26xx/ccfg.o
LOAD obj_srf06-cc26xx/startup_gcc.o
LOAD cc26xx-web-demo.co
LOAD obj_srf06-cc26xx/res-leds.o
LOAD obj_srf06-cc26xx/res-toggle-leds.o
LOAD obj_srf06-cc26xx/res-device.o
LOAD obj_srf06-cc26xx/res-sensors.o
LOAD obj_srf06-cc26xx/res-ble-advd.o
LOAD obj_srf06-cc26xx/res-net.o
LOAD obj_srf06-cc26xx/cetic-6lbr-client.o
LOAD obj_srf06-cc26xx/coap-server.o
LOAD obj_srf06-cc26xx/net-uart.o
LOAD obj_srf06-cc26xx/mqtt-client.o
LOAD obj_srf06-cc26xx/httpd-simple.o
LOAD contiki-srf06-cc26xx.a
LOAD /usr/lib/gcc/arm-none-eabi/4.9.3/../../../arm-none-eabi/lib/armv7-m/libm.a
START GROUP
LOAD /usr/lib/gcc/arm-none-eabi/4.9.3/armv7-m/libgcc.a
LOAD /usr/lib/gcc/arm-none-eabi/4.9.3/../../../arm-none-eabi/lib/armv7-m/libc.a
END GROUP
                0x0000000020005000                _estack = (ORIGIN (SRAM) + LENGTH (SRAM))
                0x0000000000000000                _Min_Heap_Size = 0x0
                0x0000000000000100                _Min_Stack_Size = 0x100

.text           0x0000000000000000    0x1d784
                0x0000000000000000                _text = .
 *(SORT(.vectors))
 .vectors       0x0000000000000000       0xc8 obj_srf06-cc26xx/startup_gcc.o
                0x0000000000000000                g_pfnVectors
 *(SORT(.text*))
 .text.value    0x00000000000000c8       0xb0 contiki-srf06-cc26xx.a(opt-3001-sensor)
 .text.value    0x0000000000000178       0x9c contiki-srf06-cc26xx.a(hdc-1000-sensor)
 *fill*         0x0000000000000214        0x4 00000000
 .text.value    0x0000000000000218      0x238 contiki-srf06-cc26xx.a(mpu-9250-sensor)
 .text.__ieee754_pow
                0x0000000000000450      0xaa0 /usr/lib/gcc/arm-none-eabi/4.9.3/../../../arm-none-eabi/lib/armv7-m/libm.a(lib_a-e_pow.o)
                0x0000000000000450                __ieee754_pow
 .text.scalbn   0x0000000000000ef0       0xf0 /usr/lib/gcc/arm-none-eabi/4.9.3/../../../arm-none-eabi/lib/armv7-m/libm.a(lib_a-s_scalbn.o)
                0x0000000000000ef0                scalbn
 .text.FaultISR
                0x0000000000000fe0       0x18 obj_srf06-cc26xx/fault-handlers.o
                0x0000000000000fe0                FaultISR
 .text.NmiSRHandler
                0x0000000000000ff8        0x4 obj_srf06-cc26xx/startup_gcc.o
                0x0000000000000ff8                NmiSR
 .text.IntDefaultHandler
                0x0000000000000ffc        0x4 obj_srf06-cc26xx/startup_gcc.o
                0x0000000000000ffc                SSI0IntHandler
                0x0000000000000ffc                SWEvent0IntHandler
                0x0000000000000ffc                uDMAIntHandler
                0x0000000000000ffc                WatchdogIntHandler
                0x0000000000000ffc                RFCHardwareIntHandler
                0x0000000000000ffc                Timer1BIntHandler
                0x0000000000000ffc                I2SIntHandler
                0x0000000000000ffc                Timer2BIntHandler
                0x0000000000000ffc                Timer2AIntHandler
                0x0000000000000ffc                Timer1AIntHandler
                0x0000000000000ffc                AONIntHandler
                0x0000000000000ffc                AUXSWEvent0IntHandler
                0x0000000000000ffc                AUXADCIntHandler
                0x0000000000000ffc                PendSVIntHandler
                0x0000000000000ffc                AUXSWEvent1IntHandler
                0x0000000000000ffc                SVCallIntHandler
                0x0000000000000ffc                MPUFaultIntHandler
                0x0000000000000ffc                SysTickIntHandler
                0x0000000000000ffc                BusFaultIntHandler
                0x0000000000000ffc                AONProgIntHandler
                0x0000000000000ffc                AUXCompAIntHandler
                0x0000000000000ffc                SSI1IntHandler
                0x0000000000000ffc                FlashIntHandler
                0x0000000000000ffc                uDMAErrIntHandler
                0x0000000000000ffc                UsageFaultIntHandler
                0x0000000000000ffc                RFCCmdAckIntHandler
                0x0000000000000ffc                CryptoIntHandler
                0x0000000000000ffc                Timer0AIntHandler
                0x0000000000000ffc                I2CIntHandler
                0x0000000000000ffc                DebugMonIntHandler
                0x0000000000000ffc                Timer0BIntHandler
                0x0000000000000ffc                AUXCombEventIntHandler
                0x0000000000000ffc                Timer3AIntHandler
                0x0000000000000ffc                DynProgIntHandler
                0x0000000000000ffc                Timer3BIntHandler
 .text.ResetISR
                0x0000000000001000       0x5c obj_srf06-cc26xx/startup_gcc.o
                0x0000000000001000                ResetISR
 .text.publish_led_off
                0x000000000000105c        0x8 cc26xx-web-demo.co
 .text.load_config
                0x0000000000001064       0xa8 cc26xx-web-demo.co
 .text.get_batmon_reading
                0x000000000000110c       0xf4 cc26xx-web-demo.co
 .text.print_mpu_reading
                0x0000000000001200       0x3c cc26xx-web-demo.co
 .text.sensor_readings_handler
                0x000000000000123c       0x7c cc26xx-web-demo.co
 .text.init_bmp_reading
                0x00000000000012b8       0x3c cc26xx-web-demo.co
 .text.init_light_reading
                0x00000000000012f4       0x30 cc26xx-web-demo.co
 .text.init_hdc_reading
                0x0000000000001324       0x3c cc26xx-web-demo.co
 .text.init_tmp_reading
                0x0000000000001360       0x3c cc26xx-web-demo.co
 .text.init_mpu_reading
                0x000000000000139c       0x78 cc26xx-web-demo.co
 .text.init_sensor_readings
                0x0000000000001414       0x2c cc26xx-web-demo.co
 .text.echo_reply_handler
                0x0000000000001440       0x24 cc26xx-web-demo.co
 .text.save_config
                0x0000000000001464       0x94 cc26xx-web-demo.co
 .text.ping_interval_post_handler
                0x00000000000014f8       0x44 cc26xx-web-demo.co
 .text.cc26xx_web_demo_ipaddr_sprintf
                0x000000000000153c       0xa4 cc26xx-web-demo.co
                0x000000000000153c                cc26xx_web_demo_ipaddr_sprintf
 .text.cc26xx_web_demo_sensor_lookup
                0x00000000000015e0       0x30 cc26xx-web-demo.co
                0x00000000000015e0                cc26xx_web_demo_sensor_lookup
 .text.cc26xx_web_demo_sensor_first
                0x0000000000001610        0xc cc26xx-web-demo.co
                0x0000000000001610                cc26xx_web_demo_sensor_first
 .text.cc26xx_web_demo_restore_defaults
                0x000000000000161c       0x50 cc26xx-web-demo.co
                0x000000000000161c                cc26xx_web_demo_restore_defaults
 .text.process_thread_cc26xx_web_demo_process
                0x000000000000166c      0xc9c cc26xx-web-demo.co
 .text.defaults_post_handler
                0x0000000000002308       0x24 cc26xx-web-demo.co
 .text.res_post_put_handler
                0x000000000000232c       0xa8 obj_srf06-cc26xx/res-leds.o
 .text.res_post_handler_red
                0x00000000000023d4        0x8 obj_srf06-cc26xx/res-toggle-leds.o
 .text.res_post_handler_green
                0x00000000000023dc        0x8 obj_srf06-cc26xx/res-toggle-leds.o
 .text.res_get_handler_sw
                0x00000000000023e4       0xd0 obj_srf06-cc26xx/res-device.o
 .text.res_get_handler_uptime
                0x00000000000024b4       0xc4 obj_srf06-cc26xx/res-device.o
 .text.res_get_handler_hw
                0x0000000000002578      0x134 obj_srf06-cc26xx/res-device.o
 .text.res_post_handler_cfg_reset
                0x00000000000026ac        0x4 obj_srf06-cc26xx/res-device.o
 .text.res_get_handler_all.isra.0
                0x00000000000026b0       0xf4 obj_srf06-cc26xx/res-sensors.o
 .text.res_get_handler_batmon_temp
                0x00000000000027a4       0x14 obj_srf06-cc26xx/res-sensors.o
 .text.res_get_handler_batmon_volt
                0x00000000000027b8       0x14 obj_srf06-cc26xx/res-sensors.o
 .text.res_get_handler_mpu_acc_x
                0x00000000000027cc       0x14 obj_srf06-cc26xx/res-sensors.o
 .text.res_get_handler_mpu_acc_y
                0x00000000000027e0       0x14 obj_srf06-cc26xx/res-sensors.o
 .text.res_get_handler_mpu_acc_z
                0x00000000000027f4       0x14 obj_srf06-cc26xx/res-sensors.o
 .text.res_get_handler_mpu_gyro_x
                0x0000000000002808       0x14 obj_srf06-cc26xx/res-sensors.o
 .text.res_get_handler_mpu_gyro_y
                0x000000000000281c       0x14 obj_srf06-cc26xx/res-sensors.o
 .text.res_get_handler_mpu_gyro_z
                0x0000000000002830       0x14 obj_srf06-cc26xx/res-sensors.o
 .text.res_get_handler_mpu_mag_x
                0x0000000000002844       0x14 obj_srf06-cc26xx/res-sensors.o
 .text.res_get_handler_mpu_mag_y
                0x0000000000002858       0x14 obj_srf06-cc26xx/res-sensors.o
 .text.res_get_handler_mpu_mag_z
                0x000000000000286c       0x14 obj_srf06-cc26xx/res-sensors.o
 .text.res_get_handler_obj_temp
                0x0000000000002880       0x14 obj_srf06-cc26xx/res-sensors.o
 .text.res_get_handler_amb_temp
                0x0000000000002894       0x14 obj_srf06-cc26xx/res-sensors.o
 .text.res_get_handler_bmp_temp
                0x00000000000028a8       0x14 obj_srf06-cc26xx/res-sensors.o
 .text.res_get_handler_bmp_press
                0x00000000000028bc       0x14 obj_srf06-cc26xx/res-sensors.o
 .text.res_get_handler_hdc_temp
                0x00000000000028d0       0x14 obj_srf06-cc26xx/res-sensors.o
 .text.res_get_handler_hdc_humidity
                0x00000000000028e4       0x14 obj_srf06-cc26xx/res-sensors.o
 .text.res_get_handler_opt
                0x00000000000028f8       0x14 obj_srf06-cc26xx/res-sensors.o
 .text.res_ble_post_put_handler
                0x000000000000290c       0xfc obj_srf06-cc26xx/res-ble-advd.o
 .text.res_get_handler_parent_rssi
                0x0000000000002a08       0xc4 obj_srf06-cc26xx/res-net.o
 .text.res_get_handler_pref_parent
                0x0000000000002acc       0xd0 obj_srf06-cc26xx/res-net.o
 .text.process_thread_cetic_6lbr_client_process
                0x0000000000002b9c      0x1ec obj_srf06-cc26xx/cetic-6lbr-client.o
 .text.process_thread_coap_server_process
                0x0000000000002d88      0x1f4 obj_srf06-cc26xx/coap-server.o
 .text.set_new_ip_address
                0x0000000000002f7c       0x24 obj_srf06-cc26xx/net-uart.o
 .text.set_config_defaults
                0x0000000000002fa0       0x58 obj_srf06-cc26xx/net-uart.o
 .text.process_thread_net_uart_process
                0x0000000000002ff8      0x19c obj_srf06-cc26xx/net-uart.o
 .text.remote_ipv6_post_handler
                0x0000000000003194       0x54 obj_srf06-cc26xx/net-uart.o
 .text.remote_port_post_handler
                0x00000000000031e8       0x44 obj_srf06-cc26xx/net-uart.o
 .text.on_off_post_handler
                0x000000000000322c       0x58 obj_srf06-cc26xx/net-uart.o
 .text.publish_led_off
                0x0000000000003284        0x8 obj_srf06-cc26xx/mqtt-client.o
 .text.init_config
                0x000000000000328c       0xa8 obj_srf06-cc26xx/mqtt-client.o
 .text.update_config
                0x0000000000003334       0xcc obj_srf06-cc26xx/mqtt-client.o
 .text.process_thread_mqtt_client_process
                0x0000000000003400      0x4c4 obj_srf06-cc26xx/mqtt-client.o
 .text.mqtt_event
                0x00000000000038c4       0xfc obj_srf06-cc26xx/mqtt-client.o
 .text.new_net_config.part.2
                0x00000000000039c0       0x24 obj_srf06-cc26xx/mqtt-client.o
 .text.org_id_post_handler
                0x00000000000039e4       0x60 obj_srf06-cc26xx/mqtt-client.o
 .text.type_id_post_handler
                0x0000000000003a44       0x64 obj_srf06-cc26xx/mqtt-client.o
 .text.event_type_id_post_handler
                0x0000000000003aa8       0x64 obj_srf06-cc26xx/mqtt-client.o
 .text.cmd_type_post_handler
                0x0000000000003b0c       0x78 obj_srf06-cc26xx/mqtt-client.o
 .text.auth_token_post_handler
                0x0000000000003b84       0x64 obj_srf06-cc26xx/mqtt-client.o
 .text.reconnect_post_handler
                0x0000000000003be8       0x34 obj_srf06-cc26xx/mqtt-client.o
 .text.ip_addr_post_handler
                0x0000000000003c1c       0x70 obj_srf06-cc26xx/mqtt-client.o
 .text.port_post_handler
                0x0000000000003c8c       0x58 obj_srf06-cc26xx/mqtt-client.o
 .text.interval_post_handler
                0x0000000000003ce4       0x48 obj_srf06-cc26xx/mqtt-client.o
 .text.html_escape_quotes
                0x0000000000003d2c       0x74 obj_srf06-cc26xx/httpd-simple.o
 .text.enqueue_chunk
                0x0000000000003da0      0x114 obj_srf06-cc26xx/httpd-simple.o
 .text.generate_top_matter
                0x0000000000003eb4      0x26c obj_srf06-cc26xx/httpd-simple.o
 .text.generate_mqtt_config
                0x0000000000004120      0x834 obj_srf06-cc26xx/httpd-simple.o
 .text.generate_net_uart_config
                0x0000000000004954      0x3e8 obj_srf06-cc26xx/httpd-simple.o
 .text.send_headers
                0x0000000000004d3c      0x128 obj_srf06-cc26xx/httpd-simple.o
 .text.generate_config
                0x0000000000004e64      0x5a8 obj_srf06-cc26xx/httpd-simple.o
 .text.generate_index
                0x000000000000540c      0x534 obj_srf06-cc26xx/httpd-simple.o
 .text.send_string
                0x0000000000005940       0x44 obj_srf06-cc26xx/httpd-simple.o
 .text.handle_output
                0x0000000000005984      0x2dc obj_srf06-cc26xx/httpd-simple.o
 .text.handle_input
                0x0000000000005c60      0x5ac obj_srf06-cc26xx/httpd-simple.o
 .text.process_thread_httpd_simple_process
                0x000000000000620c      0x1a0 obj_srf06-cc26xx/httpd-simple.o
 .text.httpd_simple_register_post_handler
                0x00000000000063ac        0xc obj_srf06-cc26xx/httpd-simple.o
                0x00000000000063ac                httpd_simple_register_post_handler
 .text.coap_set_service_callback
                0x00000000000063b8        0xc contiki-srf06-cc26xx.a(er-coap-engine.)
                0x00000000000063b8                coap_set_service_callback
 .text.coap_get_rest_method
                0x00000000000063c4        0xc contiki-srf06-cc26xx.a(er-coap-engine.)
                0x00000000000063c4                coap_get_rest_method
 .text.process_thread_coap_engine
                0x00000000000063d0      0x3a4 contiki-srf06-cc26xx.a(er-coap-engine.)
 .text.coap_init_engine
                0x0000000000006774        0xc contiki-srf06-cc26xx.a(er-coap-engine.)
                0x0000000000006774                coap_init_engine
 .text.coap_register_as_transaction_handler
                0x0000000000006780       0x14 contiki-srf06-cc26xx.a(er-coap-transac)
                0x0000000000006780                coap_register_as_transaction_handler
 .text.coap_new_transaction
                0x0000000000006794       0x48 contiki-srf06-cc26xx.a(er-coap-transac)
                0x0000000000006794                coap_new_transaction
 .text.coap_clear_transaction
                0x00000000000067dc       0x2c contiki-srf06-cc26xx.a(er-coap-transac)
                0x00000000000067dc                coap_clear_transaction
 .text.coap_send_transaction
                0x0000000000006808       0xa0 contiki-srf06-cc26xx.a(er-coap-transac)
                0x0000000000006808                coap_send_transaction
 .text.coap_get_transaction_by_mid
                0x00000000000068a8       0x28 contiki-srf06-cc26xx.a(er-coap-transac)
                0x00000000000068a8                coap_get_transaction_by_mid
 .text.coap_check_transactions
                0x00000000000068d0       0x38 contiki-srf06-cc26xx.a(er-coap-transac)
                0x00000000000068d0                coap_check_transactions
 .text.coap_remove_observer
                0x0000000000006908       0x20 contiki-srf06-cc26xx.a(er-coap-observe)
                0x0000000000006908                coap_remove_observer
 .text.coap_remove_observer_by_client
                0x0000000000006928       0x44 contiki-srf06-cc26xx.a(er-coap-observe)
                0x0000000000006928                coap_remove_observer_by_client
 .text.coap_remove_observer_by_token
                0x000000000000696c       0x6c contiki-srf06-cc26xx.a(er-coap-observe)
                0x000000000000696c                coap_remove_observer_by_token
 .text.coap_remove_observer_by_uri
                0x00000000000069d8       0x70 contiki-srf06-cc26xx.a(er-coap-observe)
                0x00000000000069d8                coap_remove_observer_by_uri
 .text.coap_remove_observer_by_mid
                0x0000000000006a48       0x58 contiki-srf06-cc26xx.a(er-coap-observe)
                0x0000000000006a48                coap_remove_observer_by_mid
 .text.coap_notify_observers_sub
                0x0000000000006aa0      0x140 contiki-srf06-cc26xx.a(er-coap-observe)
                0x0000000000006aa0                coap_notify_observers_sub
 .text.coap_notify_observers
                0x0000000000006be0        0x8 contiki-srf06-cc26xx.a(er-coap-observe)
                0x0000000000006be0                coap_notify_observers
 .text.coap_observe_handler
                0x0000000000006be8      0x100 contiki-srf06-cc26xx.a(er-coap-observe)
                0x0000000000006be8                coap_observe_handler
 .text.well_known_core_get_handler
                0x0000000000006ce8      0x1ac contiki-srf06-cc26xx.a(er-coap-res-wel)
                0x0000000000006ce8                well_known_core_get_handler
 .text.process_thread_rest_engine_process
                0x0000000000006e94       0xa0 contiki-srf06-cc26xx.a(rest-engine.o)
 .text.rest_invoke_restful_service
                0x0000000000006f34       0xf4 contiki-srf06-cc26xx.a(rest-engine.o)
                0x0000000000006f34                rest_invoke_restful_service
 .text.rest_init_engine
                0x0000000000007028       0x40 contiki-srf06-cc26xx.a(rest-engine.o)
                0x0000000000007028                rest_init_engine
 .text.rest_activate_resource
                0x0000000000007068       0x60 contiki-srf06-cc26xx.a(rest-engine.o)
                0x0000000000007068                rest_activate_resource
 .text.rest_get_resources
                0x00000000000070c8        0x8 contiki-srf06-cc26xx.a(rest-engine.o)
                0x00000000000070c8                rest_get_resources
 .text.call_event
                0x00000000000070d0       0x1c contiki-srf06-cc26xx.a(mqtt.o)
 .text.connect_tcp
                0x00000000000070ec       0x7c contiki-srf06-cc26xx.a(mqtt.o)
 .text.abort_connection
                0x0000000000007168       0x40 contiki-srf06-cc26xx.a(mqtt.o)
 .text.send_out_buffer
                0x00000000000071a8       0x24 contiki-srf06-cc26xx.a(mqtt.o)
 .text.write_bytes
                0x00000000000071cc       0x50 contiki-srf06-cc26xx.a(mqtt.o)
 .text.string_to_mqtt_string
                0x000000000000721c       0x18 contiki-srf06-cc26xx.a(mqtt.o)
 .text.handle_publish
                0x0000000000007234       0x38 contiki-srf06-cc26xx.a(mqtt.o)
 .text.tcp_input
                0x000000000000726c      0x364 contiki-srf06-cc26xx.a(mqtt.o)
 .text.keep_alive_callback
                0x00000000000075d0       0x40 contiki-srf06-cc26xx.a(mqtt.o)
 .text.tcp_event
                0x0000000000007610       0x98 contiki-srf06-cc26xx.a(mqtt.o)
 .text.mqtt_init.part.4
                0x00000000000076a8       0xac contiki-srf06-cc26xx.a(mqtt.o)
 .text.process_thread_mqtt_process
                0x0000000000007754     0x169c contiki-srf06-cc26xx.a(mqtt.o)
 .text.mqtt_register
                0x0000000000008df0       0x84 contiki-srf06-cc26xx.a(mqtt.o)
                0x0000000000008df0                mqtt_register
 .text.mqtt_connect
                0x0000000000008e74       0x68 contiki-srf06-cc26xx.a(mqtt.o)
                0x0000000000008e74                mqtt_connect
 .text.mqtt_disconnect
                0x0000000000008edc       0x24 contiki-srf06-cc26xx.a(mqtt.o)
                0x0000000000008edc                mqtt_disconnect
 .text.mqtt_subscribe
                0x0000000000008f00       0x68 contiki-srf06-cc26xx.a(mqtt.o)
                0x0000000000008f00                mqtt_subscribe
 .text.mqtt_publish
                0x0000000000008f68       0x80 contiki-srf06-cc26xx.a(mqtt.o)
                0x0000000000008f68                mqtt_publish
 .text.mqtt_set_username_password
                0x0000000000008fe8       0x3c contiki-srf06-cc26xx.a(mqtt.o)
                0x0000000000008fe8                mqtt_set_username_password
 .text.fade     0x0000000000009024       0x64 contiki-srf06-cc26xx.a(contiki-main.o)
 .text.startup.main
                0x0000000000009088      0x24c contiki-srf06-cc26xx.a(contiki-main.o)
                0x0000000000009088                main
 .text.process_thread_sensors_process
                0x00000000000092d4       0xf8 contiki-srf06-cc26xx.a(sensors.o)
 .text.sensors_changed
                0x00000000000093cc       0x50 contiki-srf06-cc26xx.a(sensors.o)
                0x00000000000093cc                sensors_changed
 .text.leds_init
                0x000000000000941c       0x14 contiki-srf06-cc26xx.a(leds.o)
                0x000000000000941c                leds_init
 .text.leds_on  0x0000000000009430       0x14 contiki-srf06-cc26xx.a(leds.o)
                0x0000000000009430                leds_on
 .text.leds_off
                0x0000000000009444       0x14 contiki-srf06-cc26xx.a(leds.o)
                0x0000000000009444                leds_off
 .text.leds_toggle
                0x0000000000009458       0x14 contiki-srf06-cc26xx.a(leds.o)
                0x0000000000009458                leds_toggle
 .text.leds_arch_init
                0x000000000000946c       0x38 contiki-srf06-cc26xx.a(leds-arch.o)
                0x000000000000946c                leds_arch_init
 .text.leds_arch_set
                0x00000000000094a4       0x34 contiki-srf06-cc26xx.a(leds-arch.o)
                0x00000000000094a4                leds_arch_set
 .text.status   0x00000000000094d8       0x14 contiki-srf06-cc26xx.a(bmp-280-sensor.)
 .text.notify_ready
                0x00000000000094ec       0x14 contiki-srf06-cc26xx.a(bmp-280-sensor.)
 .text.enable_sensor
                0x0000000000009500       0x2c contiki-srf06-cc26xx.a(bmp-280-sensor.)
 .text.configure
                0x000000000000952c       0x94 contiki-srf06-cc26xx.a(bmp-280-sensor.)
 .text.value    0x00000000000095c0      0x15c contiki-srf06-cc26xx.a(bmp-280-sensor.)
 .text.status   0x000000000000971c       0x14 contiki-srf06-cc26xx.a(tmp-007-sensor.)
 .text.notify_ready
                0x0000000000009730       0x14 contiki-srf06-cc26xx.a(tmp-007-sensor.)
 .text.enable_sensor
                0x0000000000009744       0x2c contiki-srf06-cc26xx.a(tmp-007-sensor.)
 .text.configure
                0x0000000000009770       0x94 contiki-srf06-cc26xx.a(tmp-007-sensor.)
 .text.value    0x0000000000009804       0xec contiki-srf06-cc26xx.a(tmp-007-sensor.)
 .text.status   0x00000000000098f0        0xc contiki-srf06-cc26xx.a(opt-3001-sensor)
 .text.enable_sensor
                0x00000000000098fc       0x44 contiki-srf06-cc26xx.a(opt-3001-sensor)
 .text.notify_ready
                0x0000000000009940       0x54 contiki-srf06-cc26xx.a(opt-3001-sensor)
 .text.configure
                0x0000000000009994       0x4c contiki-srf06-cc26xx.a(opt-3001-sensor)
 .text.status   0x00000000000099e0       0x14 contiki-srf06-cc26xx.a(hdc-1000-sensor)
 .text.notify_ready
                0x00000000000099f4       0x60 contiki-srf06-cc26xx.a(hdc-1000-sensor)
 .text.configure
                0x0000000000009a54       0xb8 contiki-srf06-cc26xx.a(hdc-1000-sensor)
 .text.acc_convert
                0x0000000000009b0c       0x70 contiki-srf06-cc26xx.a(mpu-9250-sensor)
 .text.status   0x0000000000009b7c       0x14 contiki-srf06-cc26xx.a(mpu-9250-sensor)
 .text.sensor_sleep
                0x0000000000009b90       0x38 contiki-srf06-cc26xx.a(mpu-9250-sensor)
 .text.set_bypass
                0x0000000000009bc8       0x5c contiki-srf06-cc26xx.a(mpu-9250-sensor)
 .text.int_status
                0x0000000000009c24       0x28 contiki-srf06-cc26xx.a(mpu-9250-sensor)
 .text.configure
                0x0000000000009c4c       0xdc contiki-srf06-cc26xx.a(mpu-9250-sensor)
 .text.notify_ready
                0x0000000000009d28       0x14 contiki-srf06-cc26xx.a(mpu-9250-sensor)
 .text.mag_read
                0x0000000000009d3c      0x13c contiki-srf06-cc26xx.a(mpu-9250-sensor)
                0x0000000000009d3c                mag_read
 .text.mag_init
                0x0000000000009e78       0xcc contiki-srf06-cc26xx.a(mpu-9250-sensor)
                0x0000000000009e78                mag_init
 .text.initialise
                0x0000000000009f44      0x1a8 contiki-srf06-cc26xx.a(mpu-9250-sensor)
 .text.status.part.0
                0x000000000000a0ec       0x14 contiki-srf06-cc26xx.a(button-sensor.o)
 .text.value_left
                0x000000000000a100       0x24 contiki-srf06-cc26xx.a(button-sensor.o)
 .text.value_right
                0x000000000000a124       0x18 contiki-srf06-cc26xx.a(button-sensor.o)
 .text.status_left
                0x000000000000a13c       0x10 contiki-srf06-cc26xx.a(button-sensor.o)
 .text.status_right
                0x000000000000a14c       0x10 contiki-srf06-cc26xx.a(button-sensor.o)
 .text.config_buttons
                0x000000000000a15c       0x84 contiki-srf06-cc26xx.a(button-sensor.o)
 .text.config_left
                0x000000000000a1e0        0xc contiki-srf06-cc26xx.a(button-sensor.o)
 .text.config_right
                0x000000000000a1ec        0xc contiki-srf06-cc26xx.a(button-sensor.o)
 .text.button_press_handler
                0x000000000000a1f8       0x64 contiki-srf06-cc26xx.a(button-sensor.o)
 .text.value    0x000000000000a25c       0x10 contiki-srf06-cc26xx.a(reed-relay.o)
 .text.status   0x000000000000a26c       0x20 contiki-srf06-cc26xx.a(reed-relay.o)
 .text.configure
                0x000000000000a28c       0x6c contiki-srf06-cc26xx.a(reed-relay.o)
 .text.reed_interrupt_handler
                0x000000000000a2f8       0x28 contiki-srf06-cc26xx.a(reed-relay.o)
 .text.write_enable
                0x000000000000a320       0x2c contiki-srf06-cc26xx.a(ext-flash.o)
 .text.verify_part
                0x000000000000a34c       0x7c contiki-srf06-cc26xx.a(ext-flash.o)
 .text.wait_ready
                0x000000000000a3c8       0x64 contiki-srf06-cc26xx.a(ext-flash.o)
 .text.power_down
                0x000000000000a42c       0x50 contiki-srf06-cc26xx.a(ext-flash.o)
 .text.ext_flash_open
                0x000000000000a47c       0x60 contiki-srf06-cc26xx.a(ext-flash.o)
                0x000000000000a47c                ext_flash_open
 .text.ext_flash_close
                0x000000000000a4dc       0x10 contiki-srf06-cc26xx.a(ext-flash.o)
                0x000000000000a4dc                ext_flash_close
 .text.ext_flash_read
                0x000000000000a4ec       0x54 contiki-srf06-cc26xx.a(ext-flash.o)
                0x000000000000a4ec                ext_flash_read
 .text.ext_flash_write
                0x000000000000a540       0x98 contiki-srf06-cc26xx.a(ext-flash.o)
                0x000000000000a540                ext_flash_write
 .text.ext_flash_erase
                0x000000000000a5d8       0x90 contiki-srf06-cc26xx.a(ext-flash.o)
                0x000000000000a5d8                ext_flash_erase
 .text.ext_flash_init
                0x000000000000a668       0x14 contiki-srf06-cc26xx.a(ext-flash.o)
                0x000000000000a668                ext_flash_init
 .text.buzzer_init
                0x000000000000a67c        0xc contiki-srf06-cc26xx.a(buzzer.o)
                0x000000000000a67c                buzzer_init
 .text.buzzer_start
                0x000000000000a688       0xa4 contiki-srf06-cc26xx.a(buzzer.o)
                0x000000000000a688                buzzer_start
 .text.buzzer_stop
                0x000000000000a72c       0x74 contiki-srf06-cc26xx.a(buzzer.o)
                0x000000000000a72c                buzzer_stop
 .text.power_domains_on
                0x000000000000a7a0       0x20 contiki-srf06-cc26xx.a(board.o)
 .text.lpm_wakeup_handler
                0x000000000000a7c0        0x4 contiki-srf06-cc26xx.a(board.o)
 .text.shutdown_handler
                0x000000000000a7c4       0x68 contiki-srf06-cc26xx.a(board.o)
 .text.board_init
                0x000000000000a82c      0x118 contiki-srf06-cc26xx.a(board.o)
                0x000000000000a82c                board_init
 .text.accessible
                0x000000000000a944       0x24 contiki-srf06-cc26xx.a(board-spi.o)
 .text.board_spi_write
                0x000000000000a968       0x3c contiki-srf06-cc26xx.a(board-spi.o)
                0x000000000000a968                board_spi_write
 .text.board_spi_read
                0x000000000000a9a4       0x48 contiki-srf06-cc26xx.a(board-spi.o)
                0x000000000000a9a4                board_spi_read
 .text.board_spi_flush
                0x000000000000a9ec       0x24 contiki-srf06-cc26xx.a(board-spi.o)
                0x000000000000a9ec                board_spi_flush
 .text.board_spi_open
                0x000000000000aa10       0xc0 contiki-srf06-cc26xx.a(board-spi.o)
                0x000000000000aa10                board_spi_open
 .text.board_spi_close
                0x000000000000aad0       0x70 contiki-srf06-cc26xx.a(board-spi.o)
                0x000000000000aad0                board_spi_close
 .text.i2c_status
                0x000000000000ab40       0x34 contiki-srf06-cc26xx.a(board-i2c.o)
 .text.accessible
                0x000000000000ab74       0x24 contiki-srf06-cc26xx.a(board-i2c.o)
 .text.board_i2c_wakeup
                0x000000000000ab98       0x5c contiki-srf06-cc26xx.a(board-i2c.o)
                0x000000000000ab98                board_i2c_wakeup
 .text.board_i2c_shutdown
                0x000000000000abf4       0xa4 contiki-srf06-cc26xx.a(board-i2c.o)
                0x000000000000abf4                board_i2c_shutdown
 .text.board_i2c_write
                0x000000000000ac98      0x138 contiki-srf06-cc26xx.a(board-i2c.o)
                0x000000000000ac98                board_i2c_write
 .text.board_i2c_write_single
                0x000000000000add0       0x70 contiki-srf06-cc26xx.a(board-i2c.o)
                0x000000000000add0                board_i2c_write_single
 .text.board_i2c_read
                0x000000000000ae40      0x118 contiki-srf06-cc26xx.a(board-i2c.o)
                0x000000000000ae40                board_i2c_read
 .text.board_i2c_write_read
                0x000000000000af58      0x1cc contiki-srf06-cc26xx.a(board-i2c.o)
                0x000000000000af58                board_i2c_write_read
 .text.board_i2c_select
                0x000000000000b124       0xdc contiki-srf06-cc26xx.a(board-i2c.o)
                0x000000000000b124                board_i2c_select
 .text.power_domain_on
                0x000000000000b200       0x20 contiki-srf06-cc26xx.a(clock.o)
 .text.clock_init
                0x000000000000b220       0x98 contiki-srf06-cc26xx.a(clock.o)
                0x000000000000b220                clock_init
 .text.clock_time
                0x000000000000b2b8       0x34 contiki-srf06-cc26xx.a(clock.o)
                0x000000000000b2b8                clock_time
 .text.clock_update
                0x000000000000b2ec       0x3c contiki-srf06-cc26xx.a(clock.o)
                0x000000000000b2ec                clock_update
 .text.clock_seconds
                0x000000000000b328       0x18 contiki-srf06-cc26xx.a(clock.o)
                0x000000000000b328                clock_seconds
 .text.rtimer_arch_init
                0x000000000000b340        0x4 contiki-srf06-cc26xx.a(rtimer-arch.o)
                0x000000000000b340                rtimer_arch_init
 .text.rtimer_arch_schedule
                0x000000000000b344        0x8 contiki-srf06-cc26xx.a(rtimer-arch.o)
                0x000000000000b344                rtimer_arch_schedule
 .text.rtimer_arch_now
                0x000000000000b34c        0x4 contiki-srf06-cc26xx.a(rtimer-arch.o)
                0x000000000000b34c                rtimer_arch_now
 .text.soc_rtc_init
                0x000000000000b350       0xa0 contiki-srf06-cc26xx.a(soc-rtc.o)
                0x000000000000b350                soc_rtc_init
 .text.soc_rtc_schedule_one_shot
                0x000000000000b3f0       0x70 contiki-srf06-cc26xx.a(soc-rtc.o)
                0x000000000000b3f0                soc_rtc_schedule_one_shot
 .text.soc_rtc_last_isr_time
                0x000000000000b460        0xc contiki-srf06-cc26xx.a(soc-rtc.o)
                0x000000000000b460                soc_rtc_last_isr_time
 .text.AONRTCIntHandler
                0x000000000000b46c       0x88 contiki-srf06-cc26xx.a(soc-rtc.o)
                0x000000000000b46c                AONRTCIntHandler
 .text.lock_config
                0x000000000000b4f4       0x18 contiki-srf06-cc26xx.a(contiki-watchdo)
 .text.unlock_config
                0x000000000000b50c       0x2c contiki-srf06-cc26xx.a(contiki-watchdo)
 .text.watchdog_init
                0x000000000000b538       0x1c contiki-srf06-cc26xx.a(contiki-watchdo)
                0x000000000000b538                watchdog_init
 .text.watchdog_start
                0x000000000000b554       0x30 contiki-srf06-cc26xx.a(contiki-watchdo)
                0x000000000000b554                watchdog_start
 .text.watchdog_periodic
                0x000000000000b584       0x1c contiki-srf06-cc26xx.a(contiki-watchdo)
                0x000000000000b584                watchdog_periodic
 .text.putchar  0x000000000000b5a0       0x10 contiki-srf06-cc26xx.a(putchar.o)
                0x000000000000b5a0                putchar
 .text.puts     0x000000000000b5b0       0x30 contiki-srf06-cc26xx.a(putchar.o)
                0x000000000000b5b0                puts
 .text.dbg_send_bytes
                0x000000000000b5e0       0x40 contiki-srf06-cc26xx.a(putchar.o)
                0x000000000000b5e0                dbg_send_bytes
 .text.ieee_addr_cpy_to
                0x000000000000b620       0x40 contiki-srf06-cc26xx.a(ieee-addr.o)
                0x000000000000b620                ieee_addr_cpy_to
 .text.configure
                0x000000000000b660       0x34 contiki-srf06-cc26xx.a(batmon-sensor.o)
 .text.status   0x000000000000b694       0x14 contiki-srf06-cc26xx.a(batmon-sensor.o)
 .text.value    0x000000000000b6a8       0x24 contiki-srf06-cc26xx.a(batmon-sensor.o)
 .text.power_and_clock
                0x000000000000b6cc       0x40 contiki-srf06-cc26xx.a(cc26xx-uart.o)
 .text.enable   0x000000000000b70c       0xf4 contiki-srf06-cc26xx.a(cc26xx-uart.o)
 .text.accessible
                0x000000000000b800       0x24 contiki-srf06-cc26xx.a(cc26xx-uart.o)
 .text.lpm_drop_handler
                0x000000000000b824       0xcc contiki-srf06-cc26xx.a(cc26xx-uart.o)
 .text.cc26xx_uart_init
                0x000000000000b8f0       0x28 contiki-srf06-cc26xx.a(cc26xx-uart.o)
                0x000000000000b8f0                cc26xx_uart_init
 .text.cc26xx_uart_write_byte
                0x000000000000b918       0x28 contiki-srf06-cc26xx.a(cc26xx-uart.o)
                0x000000000000b918                cc26xx_uart_write_byte
 .text.cc26xx_uart_set_input
                0x000000000000b940       0x64 contiki-srf06-cc26xx.a(cc26xx-uart.o)
                0x000000000000b940                cc26xx_uart_set_input
 .text.cc26xx_uart_busy
                0x000000000000b9a4       0x18 contiki-srf06-cc26xx.a(cc26xx-uart.o)
                0x000000000000b9a4                cc26xx_uart_busy
 .text.UART0IntHandler
                0x000000000000b9bc       0x54 contiki-srf06-cc26xx.a(cc26xx-uart.o)
                0x000000000000b9bc                UART0IntHandler
 .text.lpm_shutdown
                0x000000000000ba10      0x19c contiki-srf06-cc26xx.a(lpm.o)
                0x000000000000ba10                lpm_shutdown
 .text.lpm_sleep
                0x000000000000bbac       0x14 contiki-srf06-cc26xx.a(lpm.o)
                0x000000000000bbac                lpm_sleep
 .text.lpm_drop
                0x000000000000bbc0      0x25c contiki-srf06-cc26xx.a(lpm.o)
                0x000000000000bbc0                lpm_drop
 .text.lpm_register_module
                0x000000000000be1c        0xc contiki-srf06-cc26xx.a(lpm.o)
                0x000000000000be1c                lpm_register_module
 .text.lpm_unregister_module
                0x000000000000be28        0xc contiki-srf06-cc26xx.a(lpm.o)
                0x000000000000be28                lpm_unregister_module
 .text.lpm_init
                0x000000000000be34       0x20 contiki-srf06-cc26xx.a(lpm.o)
                0x000000000000be34                lpm_init
 .text.lpm_pin_set_default_state
                0x000000000000be54       0x2c contiki-srf06-cc26xx.a(lpm.o)
                0x000000000000be54                lpm_pin_set_default_state
 .text.gpio_interrupt_register_handler
                0x000000000000be80       0x2c contiki-srf06-cc26xx.a(gpio-interrupt.)
                0x000000000000be80                gpio_interrupt_register_handler
 .text.gpio_interrupt_init
                0x000000000000beac       0x24 contiki-srf06-cc26xx.a(gpio-interrupt.)
                0x000000000000beac                gpio_interrupt_init
 .text.GPIOIntHandler
                0x000000000000bed0       0x30 contiki-srf06-cc26xx.a(gpio-interrupt.)
                0x000000000000bed0                GPIOIntHandler
 .text.oscillators_select_lf_xosc
                0x000000000000bf00       0x50 contiki-srf06-cc26xx.a(oscillators.o)
                0x000000000000bf00                oscillators_select_lf_xosc
 .text.oscillators_select_lf_rcosc
                0x000000000000bf50       0x3c contiki-srf06-cc26xx.a(oscillators.o)
                0x000000000000bf50                oscillators_select_lf_rcosc
 .text.oscillators_request_hf_xosc
                0x000000000000bf8c       0x30 contiki-srf06-cc26xx.a(oscillators.o)
                0x000000000000bf8c                oscillators_request_hf_xosc
 .text.oscillators_switch_to_hf_xosc
                0x000000000000bfbc       0x34 contiki-srf06-cc26xx.a(oscillators.o)
                0x000000000000bfbc                oscillators_switch_to_hf_xosc
 .text.oscillators_switch_to_hf_rc
                0x000000000000bff0       0x38 contiki-srf06-cc26xx.a(oscillators.o)
                0x000000000000bff0                oscillators_switch_to_hf_rc
 .text.process_thread_rf_ble_beacon_process
                0x000000000000c028      0x270 contiki-srf06-cc26xx.a(rf-ble.o)
 .text.rf_ble_beacond_config
                0x000000000000c298       0x4c contiki-srf06-cc26xx.a(rf-ble.o)
                0x000000000000c298                rf_ble_beacond_config
 .text.rf_ble_beacond_start
                0x000000000000c2e4       0x38 contiki-srf06-cc26xx.a(rf-ble.o)
                0x000000000000c2e4                rf_ble_beacond_start
 .text.rf_ble_is_active
                0x000000000000c31c        0xc contiki-srf06-cc26xx.a(rf-ble.o)
                0x000000000000c31c                rf_ble_is_active
 .text.rf_ble_beacond_stop
                0x000000000000c328        0xc contiki-srf06-cc26xx.a(rf-ble.o)
                0x000000000000c328                rf_ble_beacond_stop
 .text.request  0x000000000000c334       0x20 contiki-srf06-cc26xx.a(ieee-mode.o)
 .text.rx_on    0x000000000000c354       0x60 contiki-srf06-cc26xx.a(ieee-mode.o)
 .text.prepare  0x000000000000c3b4       0x1c contiki-srf06-cc26xx.a(ieee-mode.o)
 .text.rf_radio_setup
                0x000000000000c3d0       0x64 contiki-srf06-cc26xx.a(ieee-mode.o)
 .text.soft_on  0x000000000000c434       0x18 contiki-srf06-cc26xx.a(ieee-mode.o)
 .text.pending_packet
                0x000000000000c44c       0x48 contiki-srf06-cc26xx.a(ieee-mode.o)
 .text.soft_off
                0x000000000000c494       0x44 contiki-srf06-cc26xx.a(ieee-mode.o)
 .text.get_object
                0x000000000000c4d8       0x4c contiki-srf06-cc26xx.a(ieee-mode.o)
 .text.transmitting
                0x000000000000c524       0x4c contiki-srf06-cc26xx.a(ieee-mode.o)
 .text.rx_off   0x000000000000c570       0x6c contiki-srf06-cc26xx.a(ieee-mode.o)
 .text.set_object
                0x000000000000c5dc       0x60 contiki-srf06-cc26xx.a(ieee-mode.o)
 .text.get_cca_info
                0x000000000000c63c       0x50 contiki-srf06-cc26xx.a(ieee-mode.o)
 .text.check_rat_overflow
                0x000000000000c68c       0x80 contiki-srf06-cc26xx.a(ieee-mode.o)
 .text.receiving_packet
                0x000000000000c70c       0x34 contiki-srf06-cc26xx.a(ieee-mode.o)
 .text.off      0x000000000000c740       0x6c contiki-srf06-cc26xx.a(ieee-mode.o)
 .text.on       0x000000000000c7ac       0xac contiki-srf06-cc26xx.a(ieee-mode.o)
 .text.set_value
                0x000000000000c858      0x168 contiki-srf06-cc26xx.a(ieee-mode.o)
 .text.get_value
                0x000000000000c9c0      0x188 contiki-srf06-cc26xx.a(ieee-mode.o)
 .text.transmit
                0x000000000000cb48       0xec contiki-srf06-cc26xx.a(ieee-mode.o)
 .text.send     0x000000000000cc34       0x24 contiki-srf06-cc26xx.a(ieee-mode.o)
 .text.channel_clear
                0x000000000000cc58       0x68 contiki-srf06-cc26xx.a(ieee-mode.o)
 .text.read_frame
                0x000000000000ccc0      0x1a0 contiki-srf06-cc26xx.a(ieee-mode.o)
 .text.handle_rat_overflow
                0x000000000000ce60       0x60 contiki-srf06-cc26xx.a(ieee-mode.o)
 .text.init     0x000000000000cec0      0x118 contiki-srf06-cc26xx.a(ieee-mode.o)
 .text.random_rand
                0x000000000000cfd8        0xc contiki-srf06-cc26xx.a(random.o)
                0x000000000000cfd8                random_rand
 .text.random_init
                0x000000000000cfe4        0x4 contiki-srf06-cc26xx.a(random.o)
                0x000000000000cfe4                random_init
 .text.power_up
                0x000000000000cfe8       0x40 contiki-srf06-cc26xx.a(soc-trng.o)
 .text.request  0x000000000000d028       0x14 contiki-srf06-cc26xx.a(soc-trng.o)
 .text.process_thread_soc_trng_process
                0x000000000000d03c       0x94 contiki-srf06-cc26xx.a(soc-trng.o)
 .text.accessible
                0x000000000000d0d0       0x24 contiki-srf06-cc26xx.a(soc-trng.o)
 .text.soc_trng_rand_synchronous
                0x000000000000d0f4       0xc4 contiki-srf06-cc26xx.a(soc-trng.o)
                0x000000000000d0f4                soc_trng_rand_synchronous
 .text.TRNGIntHandler
                0x000000000000d1b8       0x50 contiki-srf06-cc26xx.a(soc-trng.o)
                0x000000000000d1b8                TRNGIntHandler
 .text.soc_trng_init
                0x000000000000d208       0x28 contiki-srf06-cc26xx.a(soc-trng.o)
                0x000000000000d208                soc_trng_init
 .text.write_str
                0x000000000000d230       0x14 contiki-srf06-cc26xx.a(dbg-printf.o)
 .text.printf   0x000000000000d244       0x24 contiki-srf06-cc26xx.a(dbg-printf.o)
                0x000000000000d244                printf
 .text.buffer_str
                0x000000000000d268       0x28 contiki-srf06-cc26xx.a(dbg-snprintf.o)
 .text.snprintf
                0x000000000000d290       0x38 contiki-srf06-cc26xx.a(dbg-snprintf.o)
                0x000000000000d290                snprintf
 .text.vsnprintf
                0x000000000000d2c8       0x28 contiki-srf06-cc26xx.a(dbg-snprintf.o)
                0x000000000000d2c8                vsnprintf
 .text.buffer_str
                0x000000000000d2f0       0x18 contiki-srf06-cc26xx.a(dbg-sprintf.o)
 .text.sprintf  0x000000000000d308       0x34 contiki-srf06-cc26xx.a(dbg-sprintf.o)
                0x000000000000d308                sprintf
 .text.fill_space
                0x000000000000d33c       0x3c contiki-srf06-cc26xx.a(strformat.o)
 .text.format_str_v
                0x000000000000d378      0x95c contiki-srf06-cc26xx.a(strformat.o)
                0x000000000000d378                format_str_v
 .text.autostart_start
                0x000000000000dcd4       0x18 contiki-srf06-cc26xx.a(autostart.o)
                0x000000000000dcd4                autostart_start
 .text.energest_init
                0x000000000000dcec        0x4 contiki-srf06-cc26xx.a(energest.o)
                0x000000000000dcec                energest_init
 .text.process_thread_ctimer_process
                0x000000000000dcf0       0x94 contiki-srf06-cc26xx.a(ctimer.o)
 .text.ctimer_init
                0x000000000000dd84       0x28 contiki-srf06-cc26xx.a(ctimer.o)
                0x000000000000dd84                ctimer_init
 .text.ctimer_set_with_process
                0x000000000000ddac       0x4c contiki-srf06-cc26xx.a(ctimer.o)
                0x000000000000ddac                ctimer_set_with_process
 .text.ctimer_set
                0x000000000000ddf8       0x18 contiki-srf06-cc26xx.a(ctimer.o)
                0x000000000000ddf8                ctimer_set
 .text.ctimer_reset
                0x000000000000de10       0x38 contiki-srf06-cc26xx.a(ctimer.o)
                0x000000000000de10                ctimer_reset
 .text.ctimer_restart
                0x000000000000de48       0x38 contiki-srf06-cc26xx.a(ctimer.o)
                0x000000000000de48                ctimer_restart
 .text.ctimer_stop
                0x000000000000de80       0x34 contiki-srf06-cc26xx.a(ctimer.o)
                0x000000000000de80                ctimer_stop
 .text.update_time
                0x000000000000deb4       0x44 contiki-srf06-cc26xx.a(etimer.o)
 .text.process_thread_etimer_process
                0x000000000000def8       0xc8 contiki-srf06-cc26xx.a(etimer.o)
 .text.add_timer
                0x000000000000dfc0       0x54 contiki-srf06-cc26xx.a(etimer.o)
 .text.etimer_request_poll
                0x000000000000e014        0xc contiki-srf06-cc26xx.a(etimer.o)
                0x000000000000e014                etimer_request_poll
 .text.etimer_set
                0x000000000000e020       0x14 contiki-srf06-cc26xx.a(etimer.o)
                0x000000000000e020                etimer_set
 .text.etimer_reset
                0x000000000000e034       0x14 contiki-srf06-cc26xx.a(etimer.o)
                0x000000000000e034                etimer_reset
 .text.etimer_restart
                0x000000000000e048       0x14 contiki-srf06-cc26xx.a(etimer.o)
                0x000000000000e048                etimer_restart
 .text.etimer_expired
                0x000000000000e05c        0xc contiki-srf06-cc26xx.a(etimer.o)
                0x000000000000e05c                etimer_expired
 .text.etimer_expiration_time
                0x000000000000e068        0x8 contiki-srf06-cc26xx.a(etimer.o)
                0x000000000000e068                etimer_expiration_time
 .text.etimer_pending
                0x000000000000e070       0x10 contiki-srf06-cc26xx.a(etimer.o)
                0x000000000000e070                etimer_pending
 .text.etimer_next_expiration_time
                0x000000000000e080       0x14 contiki-srf06-cc26xx.a(etimer.o)
                0x000000000000e080                etimer_next_expiration_time
 .text.etimer_stop
                0x000000000000e094       0x4c contiki-srf06-cc26xx.a(etimer.o)
                0x000000000000e094                etimer_stop
 .text.exit_process
                0x000000000000e0e0       0xb0 contiki-srf06-cc26xx.a(process.o)
 .text.call_process.part.0
                0x000000000000e190       0x38 contiki-srf06-cc26xx.a(process.o)
 .text.do_poll  0x000000000000e1c8       0x3c contiki-srf06-cc26xx.a(process.o)
 .text.process_alloc_event
                0x000000000000e204       0x10 contiki-srf06-cc26xx.a(process.o)
                0x000000000000e204                process_alloc_event
 .text.process_exit
                0x000000000000e214        0xc contiki-srf06-cc26xx.a(process.o)
                0x000000000000e214                process_exit
 .text.process_init
                0x000000000000e220       0x34 contiki-srf06-cc26xx.a(process.o)
                0x000000000000e220                process_init
 .text.process_run
                0x000000000000e254       0xac contiki-srf06-cc26xx.a(process.o)
                0x000000000000e254                process_run
 .text.process_nevents
                0x000000000000e300       0x14 contiki-srf06-cc26xx.a(process.o)
                0x000000000000e300                process_nevents
 .text.process_post
                0x000000000000e314       0x40 contiki-srf06-cc26xx.a(process.o)
                0x000000000000e314                process_post
 .text.process_post_synch
                0x000000000000e354       0x18 contiki-srf06-cc26xx.a(process.o)
                0x000000000000e354                process_post_synch
 .text.process_start
                0x000000000000e36c       0x40 contiki-srf06-cc26xx.a(process.o)
                0x000000000000e36c                process_start
 .text.process_poll
                0x000000000000e3ac       0x18 contiki-srf06-cc26xx.a(process.o)
                0x000000000000e3ac                process_poll
 .text.process_is_running
                0x000000000000e3c4        0xc contiki-srf06-cc26xx.a(process.o)
                0x000000000000e3c4                process_is_running
 .text.rtimer_init
                0x000000000000e3d0        0x4 contiki-srf06-cc26xx.a(rtimer.o)
                0x000000000000e3d0                rtimer_init
 .text.rtimer_set
                0x000000000000e3d4       0x2c contiki-srf06-cc26xx.a(rtimer.o)
                0x000000000000e3d4                rtimer_set
 .text.rtimer_run_next
                0x000000000000e400       0x28 contiki-srf06-cc26xx.a(rtimer.o)
                0x000000000000e400                rtimer_run_next
 .text.timer_set
                0x000000000000e428       0x10 contiki-srf06-cc26xx.a(timer.o)
                0x000000000000e428                timer_set
 .text.timer_reset
                0x000000000000e438        0xc contiki-srf06-cc26xx.a(timer.o)
                0x000000000000e438                timer_reset
 .text.timer_restart
                0x000000000000e444        0xc contiki-srf06-cc26xx.a(timer.o)
                0x000000000000e444                timer_restart
 .text.timer_expired
                0x000000000000e450       0x1c contiki-srf06-cc26xx.a(timer.o)
                0x000000000000e450                timer_expired
 .text.process_thread_serial_line_process
                0x000000000000e46c       0xac contiki-srf06-cc26xx.a(serial-line.o)
 .text.serial_line_input_byte
                0x000000000000e518       0x54 contiki-srf06-cc26xx.a(serial-line.o)
                0x000000000000e518                serial_line_input_byte
 .text.serial_line_init
                0x000000000000e56c       0x24 contiki-srf06-cc26xx.a(serial-line.o)
                0x000000000000e56c                serial_line_init
 .text.list_init
                0x000000000000e590        0x8 contiki-srf06-cc26xx.a(list.o)
                0x000000000000e590                list_init
 .text.list_head
                0x000000000000e598        0x4 contiki-srf06-cc26xx.a(list.o)
                0x000000000000e598                list_head
 .text.list_add
                0x000000000000e59c       0x48 contiki-srf06-cc26xx.a(list.o)
                0x000000000000e59c                list_add
 .text.list_push
                0x000000000000e5e4       0x40 contiki-srf06-cc26xx.a(list.o)
                0x000000000000e5e4                list_push
 .text.list_remove
                0x000000000000e624       0x2c contiki-srf06-cc26xx.a(list.o)
                0x000000000000e624                list_remove
 .text.list_length
                0x000000000000e650       0x14 contiki-srf06-cc26xx.a(list.o)
                0x000000000000e650                list_length
 .text.list_item_next
                0x000000000000e664        0x8 contiki-srf06-cc26xx.a(list.o)
                0x000000000000e664                list_item_next
 .text.memb_init
                0x000000000000e66c       0x24 contiki-srf06-cc26xx.a(memb.o)
                0x000000000000e66c                memb_init
 .text.memb_alloc
                0x000000000000e690       0x3c contiki-srf06-cc26xx.a(memb.o)
                0x000000000000e690                memb_alloc
 .text.memb_free
                0x000000000000e6cc       0x44 contiki-srf06-cc26xx.a(memb.o)
                0x000000000000e6cc                memb_free
 .text.memb_inmemb
                0x000000000000e710       0x1c contiki-srf06-cc26xx.a(memb.o)
                0x000000000000e710                memb_inmemb
 .text.memb_numfree
                0x000000000000e72c       0x1c contiki-srf06-cc26xx.a(memb.o)
                0x000000000000e72c                memb_numfree
 .text.ringbuf_init
                0x000000000000e748       0x10 contiki-srf06-cc26xx.a(ringbuf.o)
                0x000000000000e748                ringbuf_init
 .text.ringbuf_put
                0x000000000000e758       0x30 contiki-srf06-cc26xx.a(ringbuf.o)
                0x000000000000e758                ringbuf_put
 .text.ringbuf_get
                0x000000000000e788       0x28 contiki-srf06-cc26xx.a(ringbuf.o)
                0x000000000000e788                ringbuf_get
 .text.echo_reply_input
                0x000000000000e7b0       0xb0 contiki-srf06-cc26xx.a(uip-icmp6.o)
 .text.echo_request_input
                0x000000000000e860       0xb8 contiki-srf06-cc26xx.a(uip-icmp6.o)
 .text.uip_icmp6_input
                0x000000000000e918       0x3c contiki-srf06-cc26xx.a(uip-icmp6.o)
                0x000000000000e918                uip_icmp6_input
 .text.uip_icmp6_register_input_handler
                0x000000000000e954        0xc contiki-srf06-cc26xx.a(uip-icmp6.o)
                0x000000000000e954                uip_icmp6_register_input_handler
 .text.uip_icmp6_error_output
                0x000000000000e960      0x150 contiki-srf06-cc26xx.a(uip-icmp6.o)
                0x000000000000e960                uip_icmp6_error_output
 .text.uip_icmp6_send
                0x000000000000eab0       0x84 contiki-srf06-cc26xx.a(uip-icmp6.o)
                0x000000000000eab0                uip_icmp6_send
 .text.uip_icmp6_echo_reply_callback_add
                0x000000000000eb34       0x14 contiki-srf06-cc26xx.a(uip-icmp6.o)
                0x000000000000eb34                uip_icmp6_echo_reply_callback_add
 .text.uip_icmp6_init
                0x000000000000eb48       0x24 contiki-srf06-cc26xx.a(uip-icmp6.o)
                0x000000000000eb48                uip_icmp6_init
 .text.uip_ds6_list_loop
                0x000000000000eb6c       0x60 contiki-srf06-cc26xx.a(uip-ds6.o)
                0x000000000000eb6c                uip_ds6_list_loop
 .text.uip_ds6_prefix_add
                0x000000000000ebcc       0x6c contiki-srf06-cc26xx.a(uip-ds6.o)
                0x000000000000ebcc                uip_ds6_prefix_add
 .text.uip_ds6_is_addr_onlink
                0x000000000000ec38       0x3c contiki-srf06-cc26xx.a(uip-ds6.o)
                0x000000000000ec38                uip_ds6_is_addr_onlink
 .text.uip_ds6_addr_lookup
                0x000000000000ec74       0x30 contiki-srf06-cc26xx.a(uip-ds6.o)
                0x000000000000ec74                uip_ds6_addr_lookup
 .text.uip_ds6_get_link_local
                0x000000000000eca4       0x44 contiki-srf06-cc26xx.a(uip-ds6.o)
                0x000000000000eca4                uip_ds6_get_link_local
 .text.uip_ds6_get_global
                0x000000000000ece8       0x44 contiki-srf06-cc26xx.a(uip-ds6.o)
                0x000000000000ece8                uip_ds6_get_global
 .text.uip_ds6_maddr_add
                0x000000000000ed2c       0x50 contiki-srf06-cc26xx.a(uip-ds6.o)
                0x000000000000ed2c                uip_ds6_maddr_add
 .text.uip_ds6_addr_add
                0x000000000000ed7c       0xa8 contiki-srf06-cc26xx.a(uip-ds6.o)
                0x000000000000ed7c                uip_ds6_addr_add
 .text.uip_ds6_maddr_lookup
                0x000000000000ee24       0x30 contiki-srf06-cc26xx.a(uip-ds6.o)
                0x000000000000ee24                uip_ds6_maddr_lookup
 .text.uip_ds6_addr_rm
                0x000000000000ee54       0x48 contiki-srf06-cc26xx.a(uip-ds6.o)
                0x000000000000ee54                uip_ds6_addr_rm
 .text.uip_ds6_periodic
                0x000000000000ee9c       0x5c contiki-srf06-cc26xx.a(uip-ds6.o)
                0x000000000000ee9c                uip_ds6_periodic
 .text.uip_ds6_select_src
                0x000000000000eef8       0xf4 contiki-srf06-cc26xx.a(uip-ds6.o)
                0x000000000000eef8                uip_ds6_select_src
 .text.uip_ds6_set_addr_iid
                0x000000000000efec       0x14 contiki-srf06-cc26xx.a(uip-ds6.o)
                0x000000000000efec                uip_ds6_set_addr_iid
 .text.uip_ds6_compute_reachable_time
                0x000000000000f000       0x28 contiki-srf06-cc26xx.a(uip-ds6.o)
                0x000000000000f000                uip_ds6_compute_reachable_time
 .text.uip_ds6_init
                0x000000000000f028       0xf8 contiki-srf06-cc26xx.a(uip-ds6.o)
                0x000000000000f028                uip_ds6_init
 .text.call_route_callback
                0x000000000000f120       0x50 contiki-srf06-cc26xx.a(uip-ds6-route.o)
 .text.uip_ds6_route_init
                0x000000000000f170       0x4c contiki-srf06-cc26xx.a(uip-ds6-route.o)
                0x000000000000f170                uip_ds6_route_init
 .text.uip_ds6_route_nexthop
                0x000000000000f1bc       0x1c contiki-srf06-cc26xx.a(uip-ds6-route.o)
                0x000000000000f1bc                uip_ds6_route_nexthop
 .text.uip_ds6_route_head
                0x000000000000f1d8        0xc contiki-srf06-cc26xx.a(uip-ds6-route.o)
                0x000000000000f1d8                uip_ds6_route_head
 .text.uip_ds6_route_next
                0x000000000000f1e4        0x8 contiki-srf06-cc26xx.a(uip-ds6-route.o)
                0x000000000000f1e4                uip_ds6_route_next
 .text.uip_ds6_route_is_nexthop
                0x000000000000f1ec       0x20 contiki-srf06-cc26xx.a(uip-ds6-route.o)
                0x000000000000f1ec                uip_ds6_route_is_nexthop
 .text.uip_ds6_route_lookup
                0x000000000000f20c       0x78 contiki-srf06-cc26xx.a(uip-ds6-route.o)
                0x000000000000f20c                uip_ds6_route_lookup
 .text.uip_ds6_route_rm
                0x000000000000f284       0xac contiki-srf06-cc26xx.a(uip-ds6-route.o)
                0x000000000000f284                uip_ds6_route_rm
 .text.rm_routelist
                0x000000000000f330       0x38 contiki-srf06-cc26xx.a(uip-ds6-route.o)
 .text.rm_routelist_callback
                0x000000000000f368        0x4 contiki-srf06-cc26xx.a(uip-ds6-route.o)
 .text.uip_ds6_route_add
                0x000000000000f36c      0x12c contiki-srf06-cc26xx.a(uip-ds6-route.o)
                0x000000000000f36c                uip_ds6_route_add
 .text.uip_ds6_defrt_rm
                0x000000000000f498       0x48 contiki-srf06-cc26xx.a(uip-ds6-route.o)
                0x000000000000f498                uip_ds6_defrt_rm
 .text.uip_ds6_defrt_lookup
                0x000000000000f4e0       0x34 contiki-srf06-cc26xx.a(uip-ds6-route.o)
                0x000000000000f4e0                uip_ds6_defrt_lookup
 .text.uip_ds6_defrt_add
                0x000000000000f514       0x5c contiki-srf06-cc26xx.a(uip-ds6-route.o)
                0x000000000000f514                uip_ds6_defrt_add
 .text.uip_ds6_defrt_choose
                0x000000000000f570       0x34 contiki-srf06-cc26xx.a(uip-ds6-route.o)
                0x000000000000f570                uip_ds6_defrt_choose
 .text.uip_ds6_defrt_periodic
                0x000000000000f5a4       0x3c contiki-srf06-cc26xx.a(uip-ds6-route.o)
                0x000000000000f5a4                uip_ds6_defrt_periodic
 .text.chksum   0x000000000000f5e0       0x50 contiki-srf06-cc26xx.a(uip6.o)
 .text.upper_layer_chksum
                0x000000000000f630       0x58 contiki-srf06-cc26xx.a(uip6.o)
 .text.ext_hdr_options_process
                0x000000000000f688       0xc8 contiki-srf06-cc26xx.a(uip6.o)
 .text.uip_add32
                0x000000000000f750       0x58 contiki-srf06-cc26xx.a(uip6.o)
                0x000000000000f750                uip_add32
 .text.unlikely.uip_add_rcv_nxt
                0x000000000000f7a8       0x2c contiki-srf06-cc26xx.a(uip6.o)
 .text.uip_icmp6chksum
                0x000000000000f7d4        0x8 contiki-srf06-cc26xx.a(uip6.o)
                0x000000000000f7d4                uip_icmp6chksum
 .text.uip_init
                0x000000000000f7dc       0x5c contiki-srf06-cc26xx.a(uip6.o)
                0x000000000000f7dc                uip_init
 .text.uip_connect
                0x000000000000f838       0xfc contiki-srf06-cc26xx.a(uip6.o)
                0x000000000000f838                uip_connect
 .text.remove_ext_hdr
                0x000000000000f934       0x60 contiki-srf06-cc26xx.a(uip6.o)
                0x000000000000f934                remove_ext_hdr
 .text.uip_udp_new
                0x000000000000f994       0x94 contiki-srf06-cc26xx.a(uip6.o)
                0x000000000000f994                uip_udp_new
 .text.uip_unlisten
                0x000000000000fa28       0x28 contiki-srf06-cc26xx.a(uip6.o)
                0x000000000000fa28                uip_unlisten
 .text.uip_listen
                0x000000000000fa50       0x24 contiki-srf06-cc26xx.a(uip6.o)
                0x000000000000fa50                uip_listen
 .text.uip_process
                0x000000000000fa74     0x1100 contiki-srf06-cc26xx.a(uip6.o)
                0x000000000000fa74                uip_process
 .text.uip_htons
                0x0000000000010b74        0x8 contiki-srf06-cc26xx.a(uip6.o)
                0x0000000000010b74                uip_htons
 .text.uip_htonl
                0x0000000000010b7c       0x14 contiki-srf06-cc26xx.a(uip6.o)
                0x0000000000010b7c                uip_htonl
 .text.uip_send
                0x0000000000010b90       0x50 contiki-srf06-cc26xx.a(uip6.o)
                0x0000000000010b90                uip_send
 .text.uip_ds6_nbr_rm
                0x0000000000010be0       0x20 contiki-srf06-cc26xx.a(uip-ds6-nbr.o)
                0x0000000000010be0                uip_ds6_nbr_rm
 .text.uip_ds6_neighbors_init
                0x0000000000010c00       0x1c contiki-srf06-cc26xx.a(uip-ds6-nbr.o)
                0x0000000000010c00                uip_ds6_neighbors_init
 .text.uip_ds6_nbr_add
                0x0000000000010c1c       0x38 contiki-srf06-cc26xx.a(uip-ds6-nbr.o)
                0x0000000000010c1c                uip_ds6_nbr_add
 .text.uip_ds6_nbr_get_ll
                0x0000000000010c54       0x10 contiki-srf06-cc26xx.a(uip-ds6-nbr.o)
                0x0000000000010c54                uip_ds6_nbr_get_ll
 .text.uip_ds6_nbr_lookup
                0x0000000000010c64       0x3c contiki-srf06-cc26xx.a(uip-ds6-nbr.o)
                0x0000000000010c64                uip_ds6_nbr_lookup
 .text.uip_ds6_nbr_ipaddr_from_lladdr
                0x0000000000010ca0       0x10 contiki-srf06-cc26xx.a(uip-ds6-nbr.o)
                0x0000000000010ca0                uip_ds6_nbr_ipaddr_from_lladdr
 .text.uip_ds6_nbr_lladdr_from_ipaddr
                0x0000000000010cb0       0x1c contiki-srf06-cc26xx.a(uip-ds6-nbr.o)
                0x0000000000010cb0                uip_ds6_nbr_lladdr_from_ipaddr
 .text.uip_ds6_link_neighbor_callback
                0x0000000000010ccc       0x34 contiki-srf06-cc26xx.a(uip-ds6-nbr.o)
                0x0000000000010ccc                uip_ds6_link_neighbor_callback
 .text.ns_input
                0x0000000000010d00      0x2a0 contiki-srf06-cc26xx.a(uip-nd6.o)
 .text.uip_nd6_init
                0x0000000000010fa0        0xc contiki-srf06-cc26xx.a(uip-nd6.o)
                0x0000000000010fa0                uip_nd6_init
 .text.sicslowpan_init
                0x0000000000010fac       0x24 contiki-srf06-cc26xx.a(sicslowpan.o)
                0x0000000000010fac                sicslowpan_init
 .text.compress_addr_64
                0x0000000000010fd0       0x9c contiki-srf06-cc26xx.a(sicslowpan.o)
 .text.set_packet_attrs
                0x000000000001106c       0x4c contiki-srf06-cc26xx.a(sicslowpan.o)
 .text.addr_context_lookup_by_prefix
                0x00000000000110b8       0x28 contiki-srf06-cc26xx.a(sicslowpan.o)
 .text.send_packet
                0x00000000000110e0       0x24 contiki-srf06-cc26xx.a(sicslowpan.o)
 .text.packet_sent
                0x0000000000011104       0x28 contiki-srf06-cc26xx.a(sicslowpan.o)
 .text.store_fragment
                0x000000000001112c       0x68 contiki-srf06-cc26xx.a(sicslowpan.o)
 .text.add_fragment
                0x0000000000011194      0x19c contiki-srf06-cc26xx.a(sicslowpan.o)
 .text.uncompress_addr
                0x0000000000011330       0xb8 contiki-srf06-cc26xx.a(sicslowpan.o)
 .text.input    0x00000000000113e8      0x660 contiki-srf06-cc26xx.a(sicslowpan.o)
 .text.output   0x0000000000011a48      0x730 contiki-srf06-cc26xx.a(sicslowpan.o)
 .text.sicslowpan_get_last_rssi
                0x0000000000012178        0xc contiki-srf06-cc26xx.a(sicslowpan.o)
                0x0000000000012178                sicslowpan_get_last_rssi
 .text.newdata  0x0000000000012184       0x48 contiki-srf06-cc26xx.a(tcp-socket.o)
 .text.senddata
                0x00000000000121cc       0x34 contiki-srf06-cc26xx.a(tcp-socket.o)
 .text.process_thread_tcp_socket_process
                0x0000000000012200      0x2a4 contiki-srf06-cc26xx.a(tcp-socket.o)
 .text.tcp_socket_register
                0x00000000000124a4       0x70 contiki-srf06-cc26xx.a(tcp-socket.o)
                0x00000000000124a4                tcp_socket_register
 .text.tcp_socket_connect
                0x0000000000012514       0x4c contiki-srf06-cc26xx.a(tcp-socket.o)
                0x0000000000012514                tcp_socket_connect
 .text.tcp_socket_unlisten
                0x0000000000012560       0x3c contiki-srf06-cc26xx.a(tcp-socket.o)
                0x0000000000012560                tcp_socket_unlisten
 .text.tcp_socket_send
                0x000000000001259c       0x3c contiki-srf06-cc26xx.a(tcp-socket.o)
                0x000000000001259c                tcp_socket_send
 .text.tcp_socket_close
                0x00000000000125d8       0x1c contiki-srf06-cc26xx.a(tcp-socket.o)
                0x00000000000125d8                tcp_socket_close
 .text.tcp_socket_unregister
                0x00000000000125f4       0x2c contiki-srf06-cc26xx.a(tcp-socket.o)
                0x00000000000125f4                tcp_socket_unregister
 .text.uip_udp_packet_send
                0x0000000000012620       0x40 contiki-srf06-cc26xx.a(uip-udp-packet.)
                0x0000000000012620                uip_udp_packet_send
 .text.uip_udp_packet_sendto
                0x0000000000012660       0x48 contiki-srf06-cc26xx.a(uip-udp-packet.)
                0x0000000000012660                uip_udp_packet_sendto
 .text.psock_send
                0x00000000000126a8       0xa4 contiki-srf06-cc26xx.a(psock.o)
                0x00000000000126a8                psock_send
 .text.psock_datalen
                0x000000000001274c        0xc contiki-srf06-cc26xx.a(psock.o)
                0x000000000001274c                psock_datalen
 .text.psock_readto
                0x0000000000012758       0xbc contiki-srf06-cc26xx.a(psock.o)
                0x0000000000012758                psock_readto
 .text.psock_readbuf_len
                0x0000000000012814       0xf4 contiki-srf06-cc26xx.a(psock.o)
                0x0000000000012814                psock_readbuf_len
 .text.psock_init
                0x0000000000012908       0x18 contiki-srf06-cc26xx.a(psock.o)
                0x0000000000012908                psock_init
 .text.start_periodic_tcp_timer
                0x0000000000012920       0x1c contiki-srf06-cc26xx.a(tcpip.o)
 .text.tcpip_set_outputfunc
                0x000000000001293c        0xc contiki-srf06-cc26xx.a(tcpip.o)
                0x000000000001293c                tcpip_set_outputfunc
 .text.tcp_connect
                0x0000000000012948       0x2c contiki-srf06-cc26xx.a(tcpip.o)
                0x0000000000012948                tcp_connect
 .text.tcp_unlisten
                0x0000000000012974       0x3c contiki-srf06-cc26xx.a(tcpip.o)
                0x0000000000012974                tcp_unlisten
 .text.tcp_listen
                0x00000000000129b0       0x34 contiki-srf06-cc26xx.a(tcpip.o)
                0x00000000000129b0                tcp_listen
 .text.tcp_attach
                0x00000000000129e4       0x10 contiki-srf06-cc26xx.a(tcpip.o)
                0x00000000000129e4                tcp_attach
 .text.udp_new  0x00000000000129f4       0x18 contiki-srf06-cc26xx.a(tcpip.o)
                0x00000000000129f4                udp_new
 .text.tcpip_icmp6_call
                0x0000000000012a0c       0x28 contiki-srf06-cc26xx.a(tcpip.o)
                0x0000000000012a0c                tcpip_icmp6_call
 .text.tcpip_input
                0x0000000000012a34       0x24 contiki-srf06-cc26xx.a(tcpip.o)
                0x0000000000012a34                tcpip_input
 .text.tcpip_ipv6_output
                0x0000000000012a58       0xbc contiki-srf06-cc26xx.a(tcpip.o)
                0x0000000000012a58                tcpip_ipv6_output
 .text.process_thread_tcpip_process
                0x0000000000012b14      0x1c8 contiki-srf06-cc26xx.a(tcpip.o)
 .text.tcpip_poll_tcp
                0x0000000000012cdc       0x10 contiki-srf06-cc26xx.a(tcpip.o)
                0x0000000000012cdc                tcpip_poll_tcp
 .text.tcpip_uipcall
                0x0000000000012cec       0x70 contiki-srf06-cc26xx.a(tcpip.o)
                0x0000000000012cec                tcpip_uipcall
 .text.uiplib_ip6addrconv
                0x0000000000012d5c       0xd8 contiki-srf06-cc26xx.a(uiplib.o)
                0x0000000000012d5c                uiplib_ip6addrconv
 .text.uip_debug_ipaddr_print
                0x0000000000012e34       0xb0 contiki-srf06-cc26xx.a(uip-debug.o)
                0x0000000000012e34                uip_debug_ipaddr_print
 .text.lollipop_greater_than
                0x0000000000012ee4       0x3c contiki-srf06-cc26xx.a(rpl-dag.o)
 .text.rpl_set_preferred_parent
                0x0000000000012f20       0x2c contiki-srf06-cc26xx.a(rpl-dag.o)
 .text.set_ip_from_prefix
                0x0000000000012f4c       0x2c contiki-srf06-cc26xx.a(rpl-dag.o)
 .text.check_prefix
                0x0000000000012f78       0x78 contiki-srf06-cc26xx.a(rpl-dag.o)
 .text.find_parent_any_dag_any_instance
                0x0000000000012ff0       0x1c contiki-srf06-cc26xx.a(rpl-dag.o)
 .text.rpl_dag_init
                0x000000000001300c       0x14 contiki-srf06-cc26xx.a(rpl-dag.o)
                0x000000000001300c                rpl_dag_init
 .text.rpl_get_parent
                0x0000000000013020       0x10 contiki-srf06-cc26xx.a(rpl-dag.o)
                0x0000000000013020                rpl_get_parent
 .text.rpl_rank_via_parent
                0x0000000000013030       0x1c contiki-srf06-cc26xx.a(rpl-dag.o)
                0x0000000000013030                rpl_rank_via_parent
 .text.rpl_get_parent_ipaddr
                0x000000000001304c       0x18 contiki-srf06-cc26xx.a(rpl-dag.o)
                0x000000000001304c                rpl_get_parent_ipaddr
 .text.rpl_get_parent_link_stats
                0x0000000000013064       0x18 contiki-srf06-cc26xx.a(rpl-dag.o)
                0x0000000000013064                rpl_get_parent_link_stats
 .text.best_parent
                0x000000000001307c       0x98 contiki-srf06-cc26xx.a(rpl-dag.o)
 .text.rpl_parent_is_fresh
                0x0000000000013114       0x10 contiki-srf06-cc26xx.a(rpl-dag.o)
                0x0000000000013114                rpl_parent_is_fresh
 .text.rpl_parent_is_reachable
                0x0000000000013124       0x40 contiki-srf06-cc26xx.a(rpl-dag.o)
                0x0000000000013124                rpl_parent_is_reachable
 .text.rpl_repair_root
                0x0000000000013164       0x5c contiki-srf06-cc26xx.a(rpl-dag.o)
                0x0000000000013164                rpl_repair_root
 .text.rpl_set_prefix
                0x00000000000131c0       0x98 contiki-srf06-cc26xx.a(rpl-dag.o)
                0x00000000000131c0                rpl_set_prefix
 .text.rpl_set_default_route
                0x0000000000013258       0x30 contiki-srf06-cc26xx.a(rpl-dag.o)
                0x0000000000013258                rpl_set_default_route
 .text.rpl_alloc_instance
                0x0000000000013288       0x34 contiki-srf06-cc26xx.a(rpl-dag.o)
                0x0000000000013288                rpl_alloc_instance
 .text.rpl_alloc_dag
                0x00000000000132bc       0x5c contiki-srf06-cc26xx.a(rpl-dag.o)
                0x00000000000132bc                rpl_alloc_dag
 .text.rpl_add_parent
                0x0000000000013318       0x30 contiki-srf06-cc26xx.a(rpl-dag.o)
                0x0000000000013318                rpl_add_parent
 .text.rpl_find_parent
                0x0000000000013348       0x18 contiki-srf06-cc26xx.a(rpl-dag.o)
                0x0000000000013348                rpl_find_parent
 .text.rpl_find_parent_any_dag
                0x0000000000013360       0x20 contiki-srf06-cc26xx.a(rpl-dag.o)
                0x0000000000013360                rpl_find_parent_any_dag
 .text.rpl_select_parent
                0x0000000000013380       0x58 contiki-srf06-cc26xx.a(rpl-dag.o)
                0x0000000000013380                rpl_select_parent
 .text.rpl_select_dag
                0x00000000000133d8      0x184 contiki-srf06-cc26xx.a(rpl-dag.o)
                0x00000000000133d8                rpl_select_dag
 .text.rpl_nullify_parent
                0x000000000001355c       0x58 contiki-srf06-cc26xx.a(rpl-dag.o)
                0x000000000001355c                rpl_nullify_parent
 .text.rpl_remove_parent
                0x00000000000135b4       0x1c contiki-srf06-cc26xx.a(rpl-dag.o)
                0x00000000000135b4                rpl_remove_parent
 .text.nbr_callback
                0x00000000000135d0        0x4 contiki-srf06-cc26xx.a(rpl-dag.o)
 .text.remove_parents.constprop.6
                0x00000000000135d4       0x44 contiki-srf06-cc26xx.a(rpl-dag.o)
 .text.rpl_free_dag
                0x0000000000013618       0x3c contiki-srf06-cc26xx.a(rpl-dag.o)
                0x0000000000013618                rpl_free_dag
 .text.rpl_move_parent
                0x0000000000013654       0x58 contiki-srf06-cc26xx.a(rpl-dag.o)
                0x0000000000013654                rpl_move_parent
 .text.rpl_get_dag
                0x00000000000136ac       0x3c contiki-srf06-cc26xx.a(rpl-dag.o)
                0x00000000000136ac                rpl_get_dag
 .text.rpl_get_any_dag
                0x00000000000136e8       0x18 contiki-srf06-cc26xx.a(rpl-dag.o)
                0x00000000000136e8                rpl_get_any_dag
 .text.rpl_get_instance
                0x0000000000013700       0x20 contiki-srf06-cc26xx.a(rpl-dag.o)
                0x0000000000013700                rpl_get_instance
 .text.rpl_join_instance
                0x0000000000013720      0x168 contiki-srf06-cc26xx.a(rpl-dag.o)
                0x0000000000013720                rpl_join_instance
 .text.rpl_local_repair
                0x0000000000013888       0x90 contiki-srf06-cc26xx.a(rpl-dag.o)
                0x0000000000013888                rpl_local_repair
 .text.rpl_process_parent_event
                0x0000000000013918       0x9c contiki-srf06-cc26xx.a(rpl-dag.o)
                0x0000000000013918                rpl_process_parent_event
 .text.rpl_add_dag
                0x00000000000139b4      0x154 contiki-srf06-cc26xx.a(rpl-dag.o)
                0x00000000000139b4                rpl_add_dag
 .text.rpl_recalculate_ranks
                0x0000000000013b08       0x50 contiki-srf06-cc26xx.a(rpl-dag.o)
                0x0000000000013b08                rpl_recalculate_ranks
 .text.rpl_process_dio
                0x0000000000013b58      0x334 contiki-srf06-cc26xx.a(rpl-dag.o)
                0x0000000000013b58                rpl_process_dio
 .text.new_dio_interval
                0x0000000000013e8c       0x60 contiki-srf06-cc26xx.a(rpl-timers.o)
 .text.handle_periodic_timer
                0x0000000000013eec       0x58 contiki-srf06-cc26xx.a(rpl-timers.o)
 .text.set_dao_lifetime_timer
                0x0000000000013f44       0x48 contiki-srf06-cc26xx.a(rpl-timers.o)
 .text.handle_unicast_dio_timer
                0x0000000000013f8c       0x1c contiki-srf06-cc26xx.a(rpl-timers.o)
 .text.handle_dio_timer
                0x0000000000013fa8       0x8c contiki-srf06-cc26xx.a(rpl-timers.o)
 .text.schedule_dao
                0x0000000000014034       0x54 contiki-srf06-cc26xx.a(rpl-timers.o)
 .text.handle_dao_timer
                0x0000000000014088       0x5c contiki-srf06-cc26xx.a(rpl-timers.o)
 .text.rpl_reset_periodic_timer
                0x00000000000140e4       0x3c contiki-srf06-cc26xx.a(rpl-timers.o)
                0x00000000000140e4                rpl_reset_periodic_timer
 .text.rpl_reset_dio_timer
                0x0000000000014120       0x1c contiki-srf06-cc26xx.a(rpl-timers.o)
                0x0000000000014120                rpl_reset_dio_timer
 .text.rpl_schedule_dao
                0x000000000001413c        0x8 contiki-srf06-cc26xx.a(rpl-timers.o)
                0x000000000001413c                rpl_schedule_dao
 .text.rpl_schedule_unicast_dio_immediately
                0x0000000000014144       0x14 contiki-srf06-cc26xx.a(rpl-timers.o)
                0x0000000000014144                rpl_schedule_unicast_dio_immediately
 .text.get_probing_delay
                0x0000000000014158       0x4c contiki-srf06-cc26xx.a(rpl-timers.o)
                0x0000000000014158                get_probing_delay
 .text.get_probing_target
                0x00000000000141a4       0xdc contiki-srf06-cc26xx.a(rpl-timers.o)
                0x00000000000141a4                get_probing_target
 .text.rpl_schedule_probing
                0x0000000000014280       0x20 contiki-srf06-cc26xx.a(rpl-timers.o)
                0x0000000000014280                rpl_schedule_probing
 .text.handle_probing_timer
                0x00000000000142a0       0x34 contiki-srf06-cc26xx.a(rpl-timers.o)
 .text.update_hbh_header
                0x00000000000142d4       0xcc contiki-srf06-cc26xx.a(rpl-ext-header.)
 .text.insert_hbh_header.isra.0
                0x00000000000143a0       0xac contiki-srf06-cc26xx.a(rpl-ext-header.)
 .text.rpl_verify_hbh_header
                0x000000000001444c       0xf0 contiki-srf06-cc26xx.a(rpl-ext-header.)
                0x000000000001444c                rpl_verify_hbh_header
 .text.rpl_remove_header
                0x000000000001453c       0x7c contiki-srf06-cc26xx.a(rpl-ext-header.)
                0x000000000001453c                rpl_remove_header
 .text.rpl_update_header
                0x00000000000145b8       0x74 contiki-srf06-cc26xx.a(rpl-ext-header.)
                0x00000000000145b8                rpl_update_header
 .text.rpl_get_mode
                0x000000000001462c        0xc contiki-srf06-cc26xx.a(rpl.o)
                0x000000000001462c                rpl_get_mode
 .text.rpl_purge_routes
                0x0000000000014638       0x7c contiki-srf06-cc26xx.a(rpl.o)
                0x0000000000014638                rpl_purge_routes
 .text.rpl_remove_routes
                0x00000000000146b4       0x24 contiki-srf06-cc26xx.a(rpl.o)
                0x00000000000146b4                rpl_remove_routes
 .text.rpl_remove_routes_by_nexthop
                0x00000000000146d8       0x34 contiki-srf06-cc26xx.a(rpl.o)
                0x00000000000146d8                rpl_remove_routes_by_nexthop
 .text.rpl_add_route
                0x000000000001470c       0x38 contiki-srf06-cc26xx.a(rpl.o)
                0x000000000001470c                rpl_add_route
 .text.rpl_link_neighbor_callback
                0x0000000000014744       0x60 contiki-srf06-cc26xx.a(rpl.o)
                0x0000000000014744                rpl_link_neighbor_callback
 .text.rpl_ipv6_neighbor_callback
                0x00000000000147a4       0x30 contiki-srf06-cc26xx.a(rpl.o)
                0x00000000000147a4                rpl_ipv6_neighbor_callback
 .text.rpl_purge_dags
                0x00000000000147d4       0x40 contiki-srf06-cc26xx.a(rpl.o)
                0x00000000000147d4                rpl_purge_dags
 .text.rpl_init
                0x0000000000014814       0x4c contiki-srf06-cc26xx.a(rpl.o)
                0x0000000000014814                rpl_init
 .text.reset    0x0000000000014860        0x4 contiki-srf06-cc26xx.a(rpl-mrhof.o)
 .text.update_metric_container
                0x0000000000014864        0x8 contiki-srf06-cc26xx.a(rpl-mrhof.o)
 .text.parent_link_metric
                0x000000000001486c       0x14 contiki-srf06-cc26xx.a(rpl-mrhof.o)
 .text.parent_has_usable_link
                0x0000000000014880       0x18 contiki-srf06-cc26xx.a(rpl-mrhof.o)
 .text.best_dag
                0x0000000000014898       0x2c contiki-srf06-cc26xx.a(rpl-mrhof.o)
 .text.parent_path_cost
                0x00000000000148c4       0x4c contiki-srf06-cc26xx.a(rpl-mrhof.o)
 .text.parent_is_acceptable
                0x0000000000014910       0x34 contiki-srf06-cc26xx.a(rpl-mrhof.o)
 .text.rank_via_parent
                0x0000000000014944       0x3c contiki-srf06-cc26xx.a(rpl-mrhof.o)
 .text.best_parent
                0x0000000000014980       0x70 contiki-srf06-cc26xx.a(rpl-mrhof.o)
 .text.NOROM_PowerCtrlSourceSet
                0x00000000000149f0       0x30 contiki-srf06-cc26xx.a(pwr_ctrl.o)
                0x00000000000149f0                NOROM_PowerCtrlSourceSet
 .text.TrimAfterColdResetWakeupFromShutDown
                0x0000000000014a20       0xe4 contiki-srf06-cc26xx.a(setup.o)
 .text.NOROM_SetupTrimDevice
                0x0000000000014b04       0xa4 contiki-srf06-cc26xx.a(setup.o)
                0x0000000000014b04                NOROM_SetupTrimDevice
 .text.NOROM_AONRTCCurrentCompareValueGet
                0x0000000000014ba8       0x24 contiki-srf06-cc26xx.a(aon_rtc.o)
                0x0000000000014ba8                NOROM_AONRTCCurrentCompareValueGet
 .text.NOROM_OSCClockSourceSet
                0x0000000000014bcc       0x50 contiki-srf06-cc26xx.a(osc.o)
                0x0000000000014bcc                NOROM_OSCClockSourceSet
 .text.NOROM_OSCClockSourceGet
                0x0000000000014c1c       0x24 contiki-srf06-cc26xx.a(osc.o)
                0x0000000000014c1c                NOROM_OSCClockSourceGet
 .text.NOROM_AONBatMonTemperatureGetDegC
                0x0000000000014c40       0x30 contiki-srf06-cc26xx.a(aon_batmon.o)
                0x0000000000014c40                NOROM_AONBatMonTemperatureGetDegC
 .text.NOROM_SysCtrlSetRechargeBeforePowerDown
                0x0000000000014c70      0x274 contiki-srf06-cc26xx.a(sys_ctrl.o)
                0x0000000000014c70                NOROM_SysCtrlSetRechargeBeforePowerDown
 .text.NOROM_SysCtrlAdjustRechargeAfterPowerDown
                0x0000000000014ee4       0x64 contiki-srf06-cc26xx.a(sys_ctrl.o)
                0x0000000000014ee4                NOROM_SysCtrlAdjustRechargeAfterPowerDown
 .text.NOROM_SysCtrl_DCDC_VoltageConditionalControl
                0x0000000000014f48       0x7c contiki-srf06-cc26xx.a(sys_ctrl.o)
                0x0000000000014f48                NOROM_SysCtrl_DCDC_VoltageConditionalControl
 .text.SafeHapiVoid
                0x0000000000014fc4       0x2c contiki-srf06-cc26xx.a(adi.o)
                0x0000000000014fc4                SafeHapiVoid
 .text.NOROM_CPUcpsid
                0x0000000000014ff0        0x8 contiki-srf06-cc26xx.a(cpu.o)
                0x0000000000014ff0                NOROM_CPUcpsid
 .text.NOROM_CPUcpsie
                0x0000000000014ff8        0x8 contiki-srf06-cc26xx.a(cpu.o)
                0x0000000000014ff8                NOROM_CPUcpsie
 .text.NOROM_CPUdelay
                0x0000000000015000        0x8 contiki-srf06-cc26xx.a(cpu.o)
                0x0000000000015000                NOROM_CPUdelay
 .text.NOROM_DDI32RegWrite
                0x0000000000015008       0x34 contiki-srf06-cc26xx.a(ddi.o)
                0x0000000000015008                NOROM_DDI32RegWrite
 .text.NOROM_DDI16BitfieldWrite
                0x000000000001503c       0x4c contiki-srf06-cc26xx.a(ddi.o)
                0x000000000001503c                NOROM_DDI16BitfieldWrite
 .text.NOROM_DDI16BitfieldRead
                0x0000000000015088       0x48 contiki-srf06-cc26xx.a(ddi.o)
                0x0000000000015088                NOROM_DDI16BitfieldRead
 .text.NOROM_ChipInfo_GetSupportedProtocol_BV
                0x00000000000150d0       0x10 contiki-srf06-cc26xx.a(chipinfo.o)
                0x00000000000150d0                NOROM_ChipInfo_GetSupportedProtocol_BV
 .text.NOROM_ChipInfo_GetChipFamily
                0x00000000000150e0       0x50 contiki-srf06-cc26xx.a(chipinfo.o)
                0x00000000000150e0                NOROM_ChipInfo_GetChipFamily
 .text.NOROM_ChipInfo_GetChipType
                0x0000000000015130       0x5c contiki-srf06-cc26xx.a(chipinfo.o)
                0x0000000000015130                NOROM_ChipInfo_GetChipType
 .text.NOROM_ChipInfo_GetHwRevision
                0x000000000001518c       0x70 contiki-srf06-cc26xx.a(chipinfo.o)
                0x000000000001518c                NOROM_ChipInfo_GetHwRevision
 .text.NOROM_ThisCodeIsBuiltForCC26xxHwRev22AndLater_HaltIfViolated
                0x00000000000151fc       0x14 contiki-srf06-cc26xx.a(chipinfo.o)
                0x00000000000151fc                NOROM_ThisCodeIsBuiltForCC26xxHwRev22AndLater_HaltIfViolated
 .text.NOROM_TRNGConfigure
                0x0000000000015210       0x38 contiki-srf06-cc26xx.a(trng.o)
                0x0000000000015210                NOROM_TRNGConfigure
 .text.queuebuf_init
                0x0000000000015248       0x1c contiki-srf06-cc26xx.a(queuebuf.o)
                0x0000000000015248                queuebuf_init
 .text.queuebuf_numfree
                0x0000000000015264        0xc contiki-srf06-cc26xx.a(queuebuf.o)
                0x0000000000015264                queuebuf_numfree
 .text.queuebuf_new_from_packetbuf
                0x0000000000015270       0x48 contiki-srf06-cc26xx.a(queuebuf.o)
                0x0000000000015270                queuebuf_new_from_packetbuf
 .text.queuebuf_update_attr_from_packetbuf
                0x00000000000152b8        0xc contiki-srf06-cc26xx.a(queuebuf.o)
                0x00000000000152b8                queuebuf_update_attr_from_packetbuf
 .text.queuebuf_update_from_packetbuf
                0x00000000000152c4       0x1c contiki-srf06-cc26xx.a(queuebuf.o)
                0x00000000000152c4                queuebuf_update_from_packetbuf
 .text.queuebuf_free
                0x00000000000152e0       0x2c contiki-srf06-cc26xx.a(queuebuf.o)
                0x00000000000152e0                queuebuf_free
 .text.queuebuf_to_packetbuf
                0x000000000001530c       0x30 contiki-srf06-cc26xx.a(queuebuf.o)
                0x000000000001530c                queuebuf_to_packetbuf
 .text.queuebuf_attr
                0x000000000001533c        0xc contiki-srf06-cc26xx.a(queuebuf.o)
                0x000000000001533c                queuebuf_attr
 .text.nbr_set_bit
                0x0000000000015348       0x4c contiki-srf06-cc26xx.a(nbr-table.o)
 .text.index_from_lladdr
                0x0000000000015394       0x50 contiki-srf06-cc26xx.a(nbr-table.o)
 .text.nbr_get_bit.constprop.0
                0x00000000000153e4       0x2c contiki-srf06-cc26xx.a(nbr-table.o)
 .text.remove_key
                0x0000000000015410       0xa0 contiki-srf06-cc26xx.a(nbr-table.o)
 .text.nbr_table_register
                0x00000000000154b0       0x2c contiki-srf06-cc26xx.a(nbr-table.o)
                0x00000000000154b0                nbr_table_register
 .text.nbr_table_next
                0x00000000000154dc       0x70 contiki-srf06-cc26xx.a(nbr-table.o)
                0x00000000000154dc                nbr_table_next
 .text.nbr_table_head
                0x000000000001554c       0x58 contiki-srf06-cc26xx.a(nbr-table.o)
                0x000000000001554c                nbr_table_head
 .text.nbr_table_add_lladdr
                0x00000000000155a4      0x13c contiki-srf06-cc26xx.a(nbr-table.o)
                0x00000000000155a4                nbr_table_add_lladdr
 .text.nbr_table_get_from_lladdr
                0x00000000000156e0       0x34 contiki-srf06-cc26xx.a(nbr-table.o)
                0x00000000000156e0                nbr_table_get_from_lladdr
 .text.nbr_table_remove
                0x0000000000015714       0x2c contiki-srf06-cc26xx.a(nbr-table.o)
                0x0000000000015714                nbr_table_remove
 .text.nbr_table_lock
                0x0000000000015740       0x14 contiki-srf06-cc26xx.a(nbr-table.o)
                0x0000000000015740                nbr_table_lock
 .text.nbr_table_unlock
                0x0000000000015754       0x14 contiki-srf06-cc26xx.a(nbr-table.o)
                0x0000000000015754                nbr_table_unlock
 .text.nbr_table_get_lladdr
                0x0000000000015768       0x30 contiki-srf06-cc26xx.a(nbr-table.o)
                0x0000000000015768                nbr_table_get_lladdr
 .text.nbr_table_update_lladdr
                0x0000000000015798       0x54 contiki-srf06-cc26xx.a(nbr-table.o)
                0x0000000000015798                nbr_table_update_lladdr
 .text.packetbuf_copyto
                0x00000000000157ec       0x50 contiki-srf06-cc26xx.a(packetbuf.o)
                0x00000000000157ec                packetbuf_copyto
 .text.packetbuf_hdralloc
                0x000000000001583c       0x58 contiki-srf06-cc26xx.a(packetbuf.o)
                0x000000000001583c                packetbuf_hdralloc
 .text.packetbuf_hdrreduce
                0x0000000000015894       0x2c contiki-srf06-cc26xx.a(packetbuf.o)
                0x0000000000015894                packetbuf_hdrreduce
 .text.packetbuf_set_datalen
                0x00000000000158c0        0xc contiki-srf06-cc26xx.a(packetbuf.o)
                0x00000000000158c0                packetbuf_set_datalen
 .text.packetbuf_dataptr
                0x00000000000158cc       0x20 contiki-srf06-cc26xx.a(packetbuf.o)
                0x00000000000158cc                packetbuf_dataptr
 .text.packetbuf_hdrptr
                0x00000000000158ec        0x8 contiki-srf06-cc26xx.a(packetbuf.o)
                0x00000000000158ec                packetbuf_hdrptr
 .text.packetbuf_datalen
                0x00000000000158f4        0xc contiki-srf06-cc26xx.a(packetbuf.o)
                0x00000000000158f4                packetbuf_datalen
 .text.packetbuf_totlen
                0x0000000000015900       0x24 contiki-srf06-cc26xx.a(packetbuf.o)
                0x0000000000015900                packetbuf_totlen
 .text.packetbuf_attr_clear
                0x0000000000015924       0x34 contiki-srf06-cc26xx.a(packetbuf.o)
                0x0000000000015924                packetbuf_attr_clear
 .text.packetbuf_clear
                0x0000000000015958       0x20 contiki-srf06-cc26xx.a(packetbuf.o)
                0x0000000000015958                packetbuf_clear
 .text.packetbuf_copyfrom
                0x0000000000015978       0x40 contiki-srf06-cc26xx.a(packetbuf.o)
                0x0000000000015978                packetbuf_copyfrom
 .text.packetbuf_attr_copyto
                0x00000000000159b8       0x44 contiki-srf06-cc26xx.a(packetbuf.o)
                0x00000000000159b8                packetbuf_attr_copyto
 .text.packetbuf_attr_copyfrom
                0x00000000000159fc       0x44 contiki-srf06-cc26xx.a(packetbuf.o)
                0x00000000000159fc                packetbuf_attr_copyfrom
 .text.packetbuf_set_attr
                0x0000000000015a40       0x10 contiki-srf06-cc26xx.a(packetbuf.o)
                0x0000000000015a40                packetbuf_set_attr
 .text.packetbuf_attr
                0x0000000000015a50        0xc contiki-srf06-cc26xx.a(packetbuf.o)
                0x0000000000015a50                packetbuf_attr
 .text.packetbuf_set_addr
                0x0000000000015a5c       0x18 contiki-srf06-cc26xx.a(packetbuf.o)
                0x0000000000015a5c                packetbuf_set_addr
 .text.packetbuf_addr
                0x0000000000015a74       0x10 contiki-srf06-cc26xx.a(packetbuf.o)
                0x0000000000015a74                packetbuf_addr
 .text.packetbuf_holds_broadcast
                0x0000000000015a84       0x10 contiki-srf06-cc26xx.a(packetbuf.o)
                0x0000000000015a84                packetbuf_holds_broadcast
 .text.netstack_init
                0x0000000000015a94       0x38 contiki-srf06-cc26xx.a(netstack.o)
                0x0000000000015a94                netstack_init
 .text.linkaddr_copy
                0x0000000000015acc        0xc contiki-srf06-cc26xx.a(linkaddr.o)
                0x0000000000015acc                linkaddr_copy
 .text.linkaddr_cmp
                0x0000000000015ad8       0x10 contiki-srf06-cc26xx.a(linkaddr.o)
                0x0000000000015ad8                linkaddr_cmp
 .text.periodic
                0x0000000000015ae8       0x2c contiki-srf06-cc26xx.a(link-stats.o)
 .text.link_stats_from_lladdr
                0x0000000000015b14        0xc contiki-srf06-cc26xx.a(link-stats.o)
                0x0000000000015b14                link_stats_from_lladdr
 .text.link_stats_is_fresh
                0x0000000000015b20       0x28 contiki-srf06-cc26xx.a(link-stats.o)
                0x0000000000015b20                link_stats_is_fresh
 .text.link_stats_packet_sent
                0x0000000000015b48       0xbc contiki-srf06-cc26xx.a(link-stats.o)
                0x0000000000015b48                link_stats_packet_sent
 .text.link_stats_input_callback
                0x0000000000015c04       0x5c contiki-srf06-cc26xx.a(link-stats.o)
                0x0000000000015c04                link_stats_input_callback