Archive member included to satisfy reference by file (symbol)

contiki-srf06-cc26xx.a(contiki-main.o)
                              obj_srf06-cc26xx/startup_gcc.o (main)
contiki-srf06-cc26xx.a(sensors.o)
                              contiki-srf06-cc26xx.a(contiki-main.o) (sensors_process)
contiki-srf06-cc26xx.a(leds.o)
                              contiki-srf06-cc26xx.a(contiki-main.o) (leds_init)
contiki-srf06-cc26xx.a(leds-arch.o)
                              contiki-srf06-cc26xx.a(leds.o) (leds_arch_init)
contiki-srf06-cc26xx.a(sensortag-senso)
                              contiki-srf06-cc26xx.a(sensors.o) (sensors_flags)
contiki-srf06-cc26xx.a(bmp-280-sensor.)
                              contiki-srf06-cc26xx.a(sensortag-senso) (bmp_280_sensor)
contiki-srf06-cc26xx.a(tmp-007-sensor.)
                              contiki-srf06-cc26xx.a(sensortag-senso) (tmp_007_sensor)
contiki-srf06-cc26xx.a(opt-3001-sensor)
                              contiki-srf06-cc26xx.a(sensortag-senso) (opt_3001_sensor)
contiki-srf06-cc26xx.a(hdc-1000-sensor)
                              contiki-srf06-cc26xx.a(sensortag-senso) (hdc_1000_sensor)
contiki-srf06-cc26xx.a(mpu-9250-sensor)
                              contiki-srf06-cc26xx.a(sensortag-senso) (mpu_9250_sensor)
contiki-srf06-cc26xx.a(button-sensor.o)
                              contiki-srf06-cc26xx.a(sensortag-senso) (button_right_sensor)
contiki-srf06-cc26xx.a(reed-relay.o)
                              contiki-srf06-cc26xx.a(sensortag-senso) (reed_relay_sensor)
contiki-srf06-cc26xx.a(ext-flash.o)
                              cc26xx-erase-flash.co (ext_flash_open)
contiki-srf06-cc26xx.a(board.o)
                              contiki-srf06-cc26xx.a(contiki-main.o) (board_init)
contiki-srf06-cc26xx.a(board-spi.o)
                              contiki-srf06-cc26xx.a(ext-flash.o) (board_spi_write)
contiki-srf06-cc26xx.a(board-i2c.o)
                              contiki-srf06-cc26xx.a(board.o) (board_i2c_wakeup)
contiki-srf06-cc26xx.a(clock.o)
                              contiki-srf06-cc26xx.a(contiki-main.o) (clock_init)
contiki-srf06-cc26xx.a(rtimer-arch.o)
                              contiki-srf06-cc26xx.a(mpu-9250-sensor) (rtimer_arch_now)
contiki-srf06-cc26xx.a(soc-rtc.o)
                              contiki-srf06-cc26xx.a(contiki-main.o) (soc_rtc_init)
contiki-srf06-cc26xx.a(contiki-watchdo)
                              contiki-srf06-cc26xx.a(contiki-main.o) (watchdog_init)
contiki-srf06-cc26xx.a(putchar.o)
                              contiki-srf06-cc26xx.a(contiki-main.o) (putchar)
contiki-srf06-cc26xx.a(ieee-addr.o)
                              contiki-srf06-cc26xx.a(contiki-main.o) (ieee_addr_cpy_to)
contiki-srf06-cc26xx.a(cc26xx-uart.o)
                              contiki-srf06-cc26xx.a(contiki-main.o) (cc26xx_uart_init)
contiki-srf06-cc26xx.a(lpm.o)
                              contiki-srf06-cc26xx.a(button-sensor.o) (lpm_shutdown)
contiki-srf06-cc26xx.a(gpio-interrupt.)
                              contiki-srf06-cc26xx.a(button-sensor.o) (gpio_interrupt_register_handler)
contiki-srf06-cc26xx.a(oscillators.o)
                              contiki-srf06-cc26xx.a(contiki-main.o) (oscillators_select_lf_xosc)
contiki-srf06-cc26xx.a(ieee-mode.o)
                              contiki-srf06-cc26xx.a(contiki-main.o) (ieee_mode_driver)
contiki-srf06-cc26xx.a(random.o)
                              contiki-srf06-cc26xx.a(contiki-main.o) (random_init)
contiki-srf06-cc26xx.a(soc-trng.o)
                              contiki-srf06-cc26xx.a(random.o) (soc_trng_rand_synchronous)
contiki-srf06-cc26xx.a(dbg-printf.o)
                              cc26xx-erase-flash.co (printf)
contiki-srf06-cc26xx.a(strformat.o)
                              contiki-srf06-cc26xx.a(dbg-printf.o) (format_str_v)
contiki-srf06-cc26xx.a(autostart.o)
                              contiki-srf06-cc26xx.a(contiki-main.o) (autostart_start)
contiki-srf06-cc26xx.a(energest.o)
                              contiki-srf06-cc26xx.a(contiki-main.o) (energest_init)
contiki-srf06-cc26xx.a(ctimer.o)
                              contiki-srf06-cc26xx.a(contiki-main.o) (ctimer_init)
contiki-srf06-cc26xx.a(etimer.o)
                              contiki-srf06-cc26xx.a(clock.o) (etimer_request_poll)
contiki-srf06-cc26xx.a(process.o)
                              contiki-srf06-cc26xx.a(sensors.o) (process_alloc_event)
contiki-srf06-cc26xx.a(rtimer.o)
                              contiki-srf06-cc26xx.a(contiki-main.o) (rtimer_init)
contiki-srf06-cc26xx.a(timer.o)
                              contiki-srf06-cc26xx.a(button-sensor.o) (timer_set)
contiki-srf06-cc26xx.a(serial-line.o)
                              contiki-srf06-cc26xx.a(contiki-main.o) (serial_line_init)
contiki-srf06-cc26xx.a(list.o)
                              contiki-srf06-cc26xx.a(lpm.o) (list_init)
contiki-srf06-cc26xx.a(ringbuf.o)
                              contiki-srf06-cc26xx.a(serial-line.o) (ringbuf_init)
[...]
Memory Configuration

Name             Origin             Length             Attributes
FLASH            0x0000000000000000 0x000000000001ffa8 xr
FLASH_CCFG       0x000000000001ffa8 0x0000000000000058 xr
SRAM             0x0000000020000000 0x0000000000005000 xrw
GPRAM            0x0000000011000000 0x0000000000002000 xrw
*default*        0x0000000000000000 0xffffffffffffffff

Linker script and memory map

LOAD obj_srf06-cc26xx/fault-handlers.o
LOAD obj_srf06-cc26xx/ccfg.o
LOAD obj_srf06-cc26xx/startup_gcc.o
LOAD cc26xx-erase-flash.co
LOAD contiki-srf06-cc26xx.a
LOAD /usr/lib/gcc/arm-none-eabi/4.9.3/../../../arm-none-eabi/lib/armv7-m/libm.a
START GROUP
LOAD /usr/lib/gcc/arm-none-eabi/4.9.3/armv7-m/libgcc.a
LOAD /usr/lib/gcc/arm-none-eabi/4.9.3/../../../arm-none-eabi/lib/armv7-m/libc.a
END GROUP
                0x0000000020005000                _estack = (ORIGIN (SRAM) + LENGTH (SRAM))
                0x0000000000000000                _Min_Heap_Size = 0x0
                0x0000000000000100                _Min_Stack_Size = 0x100

.text           0x0000000000000000    0x118e4
                0x0000000000000000                _text = .
 *(SORT(.vectors))
 .vectors       0x0000000000000000       0xc8 obj_srf06-cc26xx/startup_gcc.o
                0x0000000000000000                g_pfnVectors
 *(SORT(.text*))
 .text.value    0x00000000000000c8       0xb0 contiki-srf06-cc26xx.a(opt-3001-sensor)
 .text.value    0x0000000000000178       0x9c contiki-srf06-cc26xx.a(hdc-1000-sensor)
 *fill*         0x0000000000000214        0x4 00000000
 .text.value    0x0000000000000218      0x238 contiki-srf06-cc26xx.a(mpu-9250-sensor)
 .text.__ieee754_pow
                0x0000000000000450      0xaa0 /usr/lib/gcc/arm-none-eabi/4.9.3/../../../arm-none-eabi/lib/armv7-m/libm.a(lib_a-e_pow.o)
                0x0000000000000450                __ieee754_pow
 .text.scalbn   0x0000000000000ef0       0xf0 /usr/lib/gcc/arm-none-eabi/4.9.3/../../../arm-none-eabi/lib/armv7-m/libm.a(lib_a-s_scalbn.o)
                0x0000000000000ef0                scalbn
 .text.FaultISR
                0x0000000000000fe0       0x18 obj_srf06-cc26xx/fault-handlers.o
                0x0000000000000fe0                FaultISR
 .text.NmiSRHandler
                0x0000000000000ff8        0x4 obj_srf06-cc26xx/startup_gcc.o
                0x0000000000000ff8                NmiSR
 .text.IntDefaultHandler
                0x0000000000000ffc        0x4 obj_srf06-cc26xx/startup_gcc.o
                0x0000000000000ffc                SSI0IntHandler
                0x0000000000000ffc                SWEvent0IntHandler
                0x0000000000000ffc                uDMAIntHandler
                0x0000000000000ffc                WatchdogIntHandler
                0x0000000000000ffc                RFCHardwareIntHandler
                0x0000000000000ffc                Timer1BIntHandler
                0x0000000000000ffc                I2SIntHandler
                0x0000000000000ffc                Timer2BIntHandler
                0x0000000000000ffc                Timer2AIntHandler
                0x0000000000000ffc                Timer1AIntHandler
                0x0000000000000ffc                AONIntHandler
                0x0000000000000ffc                AUXSWEvent0IntHandler
                0x0000000000000ffc                AUXADCIntHandler
                0x0000000000000ffc                PendSVIntHandler
                0x0000000000000ffc                AUXSWEvent1IntHandler
                0x0000000000000ffc                SVCallIntHandler
                0x0000000000000ffc                MPUFaultIntHandler
                0x0000000000000ffc                SysTickIntHandler
                0x0000000000000ffc                BusFaultIntHandler
                0x0000000000000ffc                AONProgIntHandler
                0x0000000000000ffc                AUXCompAIntHandler
                0x0000000000000ffc                SSI1IntHandler
                0x0000000000000ffc                FlashIntHandler
                0x0000000000000ffc                uDMAErrIntHandler
                0x0000000000000ffc                UsageFaultIntHandler
                0x0000000000000ffc                RFCCmdAckIntHandler
                0x0000000000000ffc                CryptoIntHandler
                0x0000000000000ffc                Timer0AIntHandler
                0x0000000000000ffc                I2CIntHandler
                0x0000000000000ffc                DebugMonIntHandler
                0x0000000000000ffc                Timer0BIntHandler
                0x0000000000000ffc                AUXCombEventIntHandler
                0x0000000000000ffc                Timer3AIntHandler
                0x0000000000000ffc                DynProgIntHandler
                0x0000000000000ffc                Timer3BIntHandler
 .text.ResetISR
                0x0000000000001000       0x5c obj_srf06-cc26xx/startup_gcc.o
                0x0000000000001000                ResetISR
 .text.process_thread_erasing_flash_process
                0x000000000000105c       0x64 cc26xx-erase-flash.co
 .text.fade     0x00000000000010c0       0x64 contiki-srf06-cc26xx.a(contiki-main.o)
 .text.startup.main
                0x0000000000001124      0x24c contiki-srf06-cc26xx.a(contiki-main.o)
                0x0000000000001124                main
 .text.process_thread_sensors_process
                0x0000000000001370       0xf8 contiki-srf06-cc26xx.a(sensors.o)
 .text.sensors_changed
                0x0000000000001468       0x50 contiki-srf06-cc26xx.a(sensors.o)
                0x0000000000001468                sensors_changed
 .text.leds_init
                0x00000000000014b8       0x14 contiki-srf06-cc26xx.a(leds.o)
                0x00000000000014b8                leds_init
 .text.leds_on  0x00000000000014cc       0x14 contiki-srf06-cc26xx.a(leds.o)
                0x00000000000014cc                leds_on
 .text.leds_off
                0x00000000000014e0       0x14 contiki-srf06-cc26xx.a(leds.o)
                0x00000000000014e0                leds_off
 .text.leds_arch_init
                0x00000000000014f4       0x38 contiki-srf06-cc26xx.a(leds-arch.o)
                0x00000000000014f4                leds_arch_init
 .text.leds_arch_set
                0x000000000000152c       0x34 contiki-srf06-cc26xx.a(leds-arch.o)
                0x000000000000152c                leds_arch_set
 .text.status   0x0000000000001560       0x14 contiki-srf06-cc26xx.a(bmp-280-sensor.)
 .text.notify_ready
                0x0000000000001574       0x14 contiki-srf06-cc26xx.a(bmp-280-sensor.)
 .text.enable_sensor
                0x0000000000001588       0x2c contiki-srf06-cc26xx.a(bmp-280-sensor.)
 .text.configure
                0x00000000000015b4       0x94 contiki-srf06-cc26xx.a(bmp-280-sensor.)
 .text.value    0x0000000000001648      0x15c contiki-srf06-cc26xx.a(bmp-280-sensor.)
 .text.status   0x00000000000017a4       0x14 contiki-srf06-cc26xx.a(tmp-007-sensor.)
 .text.notify_ready
                0x00000000000017b8       0x14 contiki-srf06-cc26xx.a(tmp-007-sensor.)
 .text.enable_sensor
                0x00000000000017cc       0x2c contiki-srf06-cc26xx.a(tmp-007-sensor.)
 .text.configure
                0x00000000000017f8       0x94 contiki-srf06-cc26xx.a(tmp-007-sensor.)
 .text.value    0x000000000000188c       0xec contiki-srf06-cc26xx.a(tmp-007-sensor.)
 .text.status   0x0000000000001978        0xc contiki-srf06-cc26xx.a(opt-3001-sensor)
 .text.enable_sensor
                0x0000000000001984       0x44 contiki-srf06-cc26xx.a(opt-3001-sensor)
 .text.notify_ready
                0x00000000000019c8       0x54 contiki-srf06-cc26xx.a(opt-3001-sensor)
 .text.configure
                0x0000000000001a1c       0x4c contiki-srf06-cc26xx.a(opt-3001-sensor)
 .text.status   0x0000000000001a68       0x14 contiki-srf06-cc26xx.a(hdc-1000-sensor)
 .text.notify_ready
                0x0000000000001a7c       0x60 contiki-srf06-cc26xx.a(hdc-1000-sensor)
 .text.configure
                0x0000000000001adc       0xb8 contiki-srf06-cc26xx.a(hdc-1000-sensor)
 .text.acc_convert
                0x0000000000001b94       0x70 contiki-srf06-cc26xx.a(mpu-9250-sensor)
 .text.status   0x0000000000001c04       0x14 contiki-srf06-cc26xx.a(mpu-9250-sensor)
 .text.sensor_sleep
                0x0000000000001c18       0x38 contiki-srf06-cc26xx.a(mpu-9250-sensor)
 .text.set_bypass
                0x0000000000001c50       0x5c contiki-srf06-cc26xx.a(mpu-9250-sensor)
 .text.int_status
                0x0000000000001cac       0x28 contiki-srf06-cc26xx.a(mpu-9250-sensor)
 .text.configure
                0x0000000000001cd4       0xdc contiki-srf06-cc26xx.a(mpu-9250-sensor)
 .text.notify_ready
                0x0000000000001db0       0x14 contiki-srf06-cc26xx.a(mpu-9250-sensor)
 .text.mag_read
                0x0000000000001dc4      0x13c contiki-srf06-cc26xx.a(mpu-9250-sensor)
                0x0000000000001dc4                mag_read
 .text.mag_init
                0x0000000000001f00       0xcc contiki-srf06-cc26xx.a(mpu-9250-sensor)
                0x0000000000001f00                mag_init
 .text.initialise
                0x0000000000001fcc      0x1a8 contiki-srf06-cc26xx.a(mpu-9250-sensor)
 .text.status.part.0
                0x0000000000002174       0x14 contiki-srf06-cc26xx.a(button-sensor.o)
 .text.value_left
                0x0000000000002188       0x24 contiki-srf06-cc26xx.a(button-sensor.o)
 .text.value_right
                0x00000000000021ac       0x18 contiki-srf06-cc26xx.a(button-sensor.o)
 .text.status_left
                0x00000000000021c4       0x10 contiki-srf06-cc26xx.a(button-sensor.o)
 .text.status_right
                0x00000000000021d4       0x10 contiki-srf06-cc26xx.a(button-sensor.o)
 .text.config_buttons
                0x00000000000021e4       0x84 contiki-srf06-cc26xx.a(button-sensor.o)
 .text.config_left
                0x0000000000002268        0xc contiki-srf06-cc26xx.a(button-sensor.o)
 .text.config_right
                0x0000000000002274        0xc contiki-srf06-cc26xx.a(button-sensor.o)
 .text.button_press_handler
                0x0000000000002280       0x64 contiki-srf06-cc26xx.a(button-sensor.o)
 .text.value    0x00000000000022e4       0x10 contiki-srf06-cc26xx.a(reed-relay.o)
 .text.status   0x00000000000022f4       0x20 contiki-srf06-cc26xx.a(reed-relay.o)
 .text.configure
                0x0000000000002314       0x6c contiki-srf06-cc26xx.a(reed-relay.o)
 .text.reed_interrupt_handler
                0x0000000000002380       0x28 contiki-srf06-cc26xx.a(reed-relay.o)
 .text.write_enable
                0x00000000000023a8       0x2c contiki-srf06-cc26xx.a(ext-flash.o)
 .text.verify_part
                0x00000000000023d4       0x7c contiki-srf06-cc26xx.a(ext-flash.o)
 .text.wait_ready
                0x0000000000002450       0x64 contiki-srf06-cc26xx.a(ext-flash.o)
 .text.power_down
                0x00000000000024b4       0x50 contiki-srf06-cc26xx.a(ext-flash.o)
 .text.ext_flash_open
                0x0000000000002504       0x60 contiki-srf06-cc26xx.a(ext-flash.o)
                0x0000000000002504                ext_flash_open
 .text.ext_flash_close
                0x0000000000002564       0x10 contiki-srf06-cc26xx.a(ext-flash.o)
                0x0000000000002564                ext_flash_close
 .text.ext_flash_erase
                0x0000000000002574       0x90 contiki-srf06-cc26xx.a(ext-flash.o)
                0x0000000000002574                ext_flash_erase
 .text.ext_flash_init
                0x0000000000002604       0x14 contiki-srf06-cc26xx.a(ext-flash.o)
                0x0000000000002604                ext_flash_init
 .text.power_domains_on
                0x0000000000002618       0x20 contiki-srf06-cc26xx.a(board.o)
 .text.lpm_wakeup_handler
                0x0000000000002638        0x4 contiki-srf06-cc26xx.a(board.o)
 .text.shutdown_handler
                0x000000000000263c       0x68 contiki-srf06-cc26xx.a(board.o)
 .text.board_init
                0x00000000000026a4      0x118 contiki-srf06-cc26xx.a(board.o)
                0x00000000000026a4                board_init
 .text.accessible
                0x00000000000027bc       0x24 contiki-srf06-cc26xx.a(board-spi.o)
 .text.board_spi_write
                0x00000000000027e0       0x3c contiki-srf06-cc26xx.a(board-spi.o)
                0x00000000000027e0                board_spi_write
 .text.board_spi_read
                0x000000000000281c       0x48 contiki-srf06-cc26xx.a(board-spi.o)
                0x000000000000281c                board_spi_read
 .text.board_spi_flush
                0x0000000000002864       0x24 contiki-srf06-cc26xx.a(board-spi.o)
                0x0000000000002864                board_spi_flush
 .text.board_spi_open
                0x0000000000002888       0xc0 contiki-srf06-cc26xx.a(board-spi.o)
                0x0000000000002888                board_spi_open
 .text.board_spi_close
                0x0000000000002948       0x70 contiki-srf06-cc26xx.a(board-spi.o)
                0x0000000000002948                board_spi_close
 .text.i2c_status
                0x00000000000029b8       0x34 contiki-srf06-cc26xx.a(board-i2c.o)
 .text.accessible
                0x00000000000029ec       0x24 contiki-srf06-cc26xx.a(board-i2c.o)
 .text.board_i2c_wakeup
                0x0000000000002a10       0x5c contiki-srf06-cc26xx.a(board-i2c.o)
                0x0000000000002a10                board_i2c_wakeup
 .text.board_i2c_shutdown
                0x0000000000002a6c       0xa4 contiki-srf06-cc26xx.a(board-i2c.o)
                0x0000000000002a6c                board_i2c_shutdown
 .text.board_i2c_write
                0x0000000000002b10      0x138 contiki-srf06-cc26xx.a(board-i2c.o)
                0x0000000000002b10                board_i2c_write
 .text.board_i2c_write_single
                0x0000000000002c48       0x70 contiki-srf06-cc26xx.a(board-i2c.o)
                0x0000000000002c48                board_i2c_write_single
 .text.board_i2c_read
                0x0000000000002cb8      0x118 contiki-srf06-cc26xx.a(board-i2c.o)
                0x0000000000002cb8                board_i2c_read
 .text.board_i2c_write_read
                0x0000000000002dd0      0x1cc contiki-srf06-cc26xx.a(board-i2c.o)
                0x0000000000002dd0                board_i2c_write_read
 .text.board_i2c_select
                0x0000000000002f9c       0xdc contiki-srf06-cc26xx.a(board-i2c.o)
                0x0000000000002f9c                board_i2c_select
 .text.power_domain_on
                0x0000000000003078       0x20 contiki-srf06-cc26xx.a(clock.o)
 .text.clock_init
                0x0000000000003098       0x98 contiki-srf06-cc26xx.a(clock.o)
                0x0000000000003098                clock_init
 .text.clock_time
                0x0000000000003130       0x34 contiki-srf06-cc26xx.a(clock.o)
                0x0000000000003130                clock_time
 .text.clock_update
                0x0000000000003164       0x3c contiki-srf06-cc26xx.a(clock.o)
                0x0000000000003164                clock_update
 .text.clock_seconds
                0x00000000000031a0       0x18 contiki-srf06-cc26xx.a(clock.o)
                0x00000000000031a0                clock_seconds
 .text.rtimer_arch_init
                0x00000000000031b8        0x4 contiki-srf06-cc26xx.a(rtimer-arch.o)
                0x00000000000031b8                rtimer_arch_init
 .text.rtimer_arch_schedule
                0x00000000000031bc        0x8 contiki-srf06-cc26xx.a(rtimer-arch.o)
                0x00000000000031bc                rtimer_arch_schedule
 .text.rtimer_arch_now
                0x00000000000031c4        0x4 contiki-srf06-cc26xx.a(rtimer-arch.o)
                0x00000000000031c4                rtimer_arch_now
 .text.soc_rtc_init
                0x00000000000031c8       0xa0 contiki-srf06-cc26xx.a(soc-rtc.o)
                0x00000000000031c8                soc_rtc_init
 .text.soc_rtc_schedule_one_shot
                0x0000000000003268       0x70 contiki-srf06-cc26xx.a(soc-rtc.o)
                0x0000000000003268                soc_rtc_schedule_one_shot
 .text.soc_rtc_last_isr_time
                0x00000000000032d8        0xc contiki-srf06-cc26xx.a(soc-rtc.o)
                0x00000000000032d8                soc_rtc_last_isr_time
 .text.AONRTCIntHandler
                0x00000000000032e4       0x88 contiki-srf06-cc26xx.a(soc-rtc.o)
                0x00000000000032e4                AONRTCIntHandler
 .text.lock_config
                0x000000000000336c       0x18 contiki-srf06-cc26xx.a(contiki-watchdo)
 .text.unlock_config
                0x0000000000003384       0x2c contiki-srf06-cc26xx.a(contiki-watchdo)
 .text.watchdog_init
                0x00000000000033b0       0x1c contiki-srf06-cc26xx.a(contiki-watchdo)
                0x00000000000033b0                watchdog_init
 .text.watchdog_start
                0x00000000000033cc       0x30 contiki-srf06-cc26xx.a(contiki-watchdo)
                0x00000000000033cc                watchdog_start
 .text.watchdog_periodic
                0x00000000000033fc       0x1c contiki-srf06-cc26xx.a(contiki-watchdo)
                0x00000000000033fc                watchdog_periodic
 .text.putchar  0x0000000000003418       0x10 contiki-srf06-cc26xx.a(putchar.o)
                0x0000000000003418                putchar
 .text.puts     0x0000000000003428       0x30 contiki-srf06-cc26xx.a(putchar.o)
                0x0000000000003428                puts
 .text.dbg_send_bytes
                0x0000000000003458       0x40 contiki-srf06-cc26xx.a(putchar.o)
                0x0000000000003458                dbg_send_bytes
 .text.ieee_addr_cpy_to
                0x0000000000003498       0x40 contiki-srf06-cc26xx.a(ieee-addr.o)
                0x0000000000003498                ieee_addr_cpy_to
 .text.power_and_clock
                0x00000000000034d8       0x40 contiki-srf06-cc26xx.a(cc26xx-uart.o)
 .text.enable   0x0000000000003518       0xf4 contiki-srf06-cc26xx.a(cc26xx-uart.o)
 .text.accessible
                0x000000000000360c       0x24 contiki-srf06-cc26xx.a(cc26xx-uart.o)
 .text.lpm_drop_handler
                0x0000000000003630       0xcc contiki-srf06-cc26xx.a(cc26xx-uart.o)
 .text.cc26xx_uart_init
                0x00000000000036fc       0x28 contiki-srf06-cc26xx.a(cc26xx-uart.o)
                0x00000000000036fc                cc26xx_uart_init
 .text.cc26xx_uart_write_byte
                0x0000000000003724       0x28 contiki-srf06-cc26xx.a(cc26xx-uart.o)
                0x0000000000003724                cc26xx_uart_write_byte
 .text.cc26xx_uart_busy
                0x000000000000374c       0x18 contiki-srf06-cc26xx.a(cc26xx-uart.o)
                0x000000000000374c                cc26xx_uart_busy
 .text.UART0IntHandler
                0x0000000000003764       0x54 contiki-srf06-cc26xx.a(cc26xx-uart.o)
                0x0000000000003764                UART0IntHandler
 .text.lpm_shutdown
                0x00000000000037b8      0x19c contiki-srf06-cc26xx.a(lpm.o)
                0x00000000000037b8                lpm_shutdown
 .text.lpm_sleep
                0x0000000000003954       0x14 contiki-srf06-cc26xx.a(lpm.o)
                0x0000000000003954                lpm_sleep
 .text.lpm_drop
                0x0000000000003968      0x25c contiki-srf06-cc26xx.a(lpm.o)
                0x0000000000003968                lpm_drop
 .text.lpm_register_module
                0x0000000000003bc4        0xc contiki-srf06-cc26xx.a(lpm.o)
                0x0000000000003bc4                lpm_register_module
 .text.lpm_unregister_module
                0x0000000000003bd0        0xc contiki-srf06-cc26xx.a(lpm.o)
                0x0000000000003bd0                lpm_unregister_module
 .text.lpm_init
                0x0000000000003bdc       0x20 contiki-srf06-cc26xx.a(lpm.o)
                0x0000000000003bdc                lpm_init
 .text.lpm_pin_set_default_state
                0x0000000000003bfc       0x2c contiki-srf06-cc26xx.a(lpm.o)
                0x0000000000003bfc                lpm_pin_set_default_state
 .text.gpio_interrupt_register_handler
                0x0000000000003c28       0x2c contiki-srf06-cc26xx.a(gpio-interrupt.)
                0x0000000000003c28                gpio_interrupt_register_handler
 .text.gpio_interrupt_init
                0x0000000000003c54       0x24 contiki-srf06-cc26xx.a(gpio-interrupt.)
                0x0000000000003c54                gpio_interrupt_init
 .text.GPIOIntHandler
                0x0000000000003c78       0x30 contiki-srf06-cc26xx.a(gpio-interrupt.)
                0x0000000000003c78                GPIOIntHandler
 .text.oscillators_select_lf_xosc
                0x0000000000003ca8       0x50 contiki-srf06-cc26xx.a(oscillators.o)
                0x0000000000003ca8                oscillators_select_lf_xosc
 .text.oscillators_select_lf_rcosc
                0x0000000000003cf8       0x3c contiki-srf06-cc26xx.a(oscillators.o)
                0x0000000000003cf8                oscillators_select_lf_rcosc
 .text.oscillators_request_hf_xosc
                0x0000000000003d34       0x30 contiki-srf06-cc26xx.a(oscillators.o)
                0x0000000000003d34                oscillators_request_hf_xosc
 .text.oscillators_switch_to_hf_xosc
                0x0000000000003d64       0x34 contiki-srf06-cc26xx.a(oscillators.o)
                0x0000000000003d64                oscillators_switch_to_hf_xosc
 .text.oscillators_switch_to_hf_rc
                0x0000000000003d98       0x38 contiki-srf06-cc26xx.a(oscillators.o)
                0x0000000000003d98                oscillators_switch_to_hf_rc
 .text.request  0x0000000000003dd0       0x20 contiki-srf06-cc26xx.a(ieee-mode.o)
 .text.rx_on    0x0000000000003df0       0x60 contiki-srf06-cc26xx.a(ieee-mode.o)
 .text.prepare  0x0000000000003e50       0x1c contiki-srf06-cc26xx.a(ieee-mode.o)
 .text.rf_radio_setup
                0x0000000000003e6c       0x64 contiki-srf06-cc26xx.a(ieee-mode.o)
 .text.soft_on  0x0000000000003ed0       0x18 contiki-srf06-cc26xx.a(ieee-mode.o)
 .text.pending_packet
                0x0000000000003ee8       0x48 contiki-srf06-cc26xx.a(ieee-mode.o)
 .text.soft_off
                0x0000000000003f30       0x44 contiki-srf06-cc26xx.a(ieee-mode.o)
 .text.get_object
                0x0000000000003f74       0x4c contiki-srf06-cc26xx.a(ieee-mode.o)
 .text.transmitting
                0x0000000000003fc0       0x4c contiki-srf06-cc26xx.a(ieee-mode.o)
 .text.rx_off   0x000000000000400c       0x6c contiki-srf06-cc26xx.a(ieee-mode.o)
 .text.set_object
                0x0000000000004078       0x60 contiki-srf06-cc26xx.a(ieee-mode.o)
 .text.get_cca_info
                0x00000000000040d8       0x50 contiki-srf06-cc26xx.a(ieee-mode.o)
 .text.check_rat_overflow
                0x0000000000004128       0x80 contiki-srf06-cc26xx.a(ieee-mode.o)
 .text.receiving_packet
                0x00000000000041a8       0x34 contiki-srf06-cc26xx.a(ieee-mode.o)
 .text.off      0x00000000000041dc       0x6c contiki-srf06-cc26xx.a(ieee-mode.o)
 .text.on       0x0000000000004248       0xac contiki-srf06-cc26xx.a(ieee-mode.o)
 .text.set_value
                0x00000000000042f4      0x168 contiki-srf06-cc26xx.a(ieee-mode.o)
 .text.get_value
                0x000000000000445c      0x188 contiki-srf06-cc26xx.a(ieee-mode.o)
 .text.transmit
                0x00000000000045e4       0xec contiki-srf06-cc26xx.a(ieee-mode.o)
 .text.send     0x00000000000046d0       0x24 contiki-srf06-cc26xx.a(ieee-mode.o)
 .text.channel_clear
                0x00000000000046f4       0x68 contiki-srf06-cc26xx.a(ieee-mode.o)
 .text.read_frame
                0x000000000000475c      0x1a0 contiki-srf06-cc26xx.a(ieee-mode.o)
 .text.handle_rat_overflow
                0x00000000000048fc       0x60 contiki-srf06-cc26xx.a(ieee-mode.o)
 .text.init     0x000000000000495c      0x118 contiki-srf06-cc26xx.a(ieee-mode.o)
 .text.random_rand
                0x0000000000004a74        0xc contiki-srf06-cc26xx.a(random.o)
                0x0000000000004a74                random_rand
 .text.random_init
                0x0000000000004a80        0x4 contiki-srf06-cc26xx.a(random.o)
                0x0000000000004a80                random_init
 .text.power_up
                0x0000000000004a84       0x40 contiki-srf06-cc26xx.a(soc-trng.o)
 .text.request  0x0000000000004ac4       0x14 contiki-srf06-cc26xx.a(soc-trng.o)
 .text.process_thread_soc_trng_process
                0x0000000000004ad8       0x94 contiki-srf06-cc26xx.a(soc-trng.o)
 .text.accessible
                0x0000000000004b6c       0x24 contiki-srf06-cc26xx.a(soc-trng.o)
 .text.soc_trng_rand_synchronous
                0x0000000000004b90       0xc4 contiki-srf06-cc26xx.a(soc-trng.o)
                0x0000000000004b90                soc_trng_rand_synchronous
 .text.TRNGIntHandler
                0x0000000000004c54       0x50 contiki-srf06-cc26xx.a(soc-trng.o)
                0x0000000000004c54                TRNGIntHandler
 .text.soc_trng_init
                0x0000000000004ca4       0x28 contiki-srf06-cc26xx.a(soc-trng.o)
                0x0000000000004ca4                soc_trng_init
 .text.write_str
                0x0000000000004ccc       0x14 contiki-srf06-cc26xx.a(dbg-printf.o)
 .text.printf   0x0000000000004ce0       0x24 contiki-srf06-cc26xx.a(dbg-printf.o)
                0x0000000000004ce0                printf
 .text.fill_space
                0x0000000000004d04       0x3c contiki-srf06-cc26xx.a(strformat.o)
 .text.format_str_v
                0x0000000000004d40      0x95c contiki-srf06-cc26xx.a(strformat.o)
                0x0000000000004d40                format_str_v
 .text.autostart_start
                0x000000000000569c       0x18 contiki-srf06-cc26xx.a(autostart.o)
                0x000000000000569c                autostart_start
 .text.energest_init
                0x00000000000056b4        0x4 contiki-srf06-cc26xx.a(energest.o)
                0x00000000000056b4                energest_init
 .text.process_thread_ctimer_process
                0x00000000000056b8       0x94 contiki-srf06-cc26xx.a(ctimer.o)
 .text.ctimer_init
                0x000000000000574c       0x28 contiki-srf06-cc26xx.a(ctimer.o)
                0x000000000000574c                ctimer_init
 .text.ctimer_set_with_process
                0x0000000000005774       0x4c contiki-srf06-cc26xx.a(ctimer.o)
                0x0000000000005774                ctimer_set_with_process
 .text.ctimer_set
                0x00000000000057c0       0x18 contiki-srf06-cc26xx.a(ctimer.o)
                0x00000000000057c0                ctimer_set
 .text.ctimer_reset
                0x00000000000057d8       0x38 contiki-srf06-cc26xx.a(ctimer.o)
                0x00000000000057d8                ctimer_reset
 .text.ctimer_restart
                0x0000000000005810       0x38 contiki-srf06-cc26xx.a(ctimer.o)
                0x0000000000005810                ctimer_restart
 .text.ctimer_stop
                0x0000000000005848       0x34 contiki-srf06-cc26xx.a(ctimer.o)
                0x0000000000005848                ctimer_stop
 .text.update_time
                0x000000000000587c       0x44 contiki-srf06-cc26xx.a(etimer.o)
 .text.process_thread_etimer_process
                0x00000000000058c0       0xc8 contiki-srf06-cc26xx.a(etimer.o)
 .text.add_timer
                0x0000000000005988       0x54 contiki-srf06-cc26xx.a(etimer.o)
 .text.etimer_request_poll
                0x00000000000059dc        0xc contiki-srf06-cc26xx.a(etimer.o)
                0x00000000000059dc                etimer_request_poll
 .text.etimer_set
                0x00000000000059e8       0x14 contiki-srf06-cc26xx.a(etimer.o)
                0x00000000000059e8                etimer_set
 .text.etimer_reset
                0x00000000000059fc       0x14 contiki-srf06-cc26xx.a(etimer.o)
                0x00000000000059fc                etimer_reset
 .text.etimer_restart
                0x0000000000005a10       0x14 contiki-srf06-cc26xx.a(etimer.o)
                0x0000000000005a10                etimer_restart
 .text.etimer_expired
                0x0000000000005a24        0xc contiki-srf06-cc26xx.a(etimer.o)
                0x0000000000005a24                etimer_expired
 .text.etimer_expiration_time
                0x0000000000005a30        0x8 contiki-srf06-cc26xx.a(etimer.o)
                0x0000000000005a30                etimer_expiration_time
 .text.etimer_pending
                0x0000000000005a38       0x10 contiki-srf06-cc26xx.a(etimer.o)
                0x0000000000005a38                etimer_pending
 .text.etimer_next_expiration_time
                0x0000000000005a48       0x14 contiki-srf06-cc26xx.a(etimer.o)
                0x0000000000005a48                etimer_next_expiration_time
 .text.etimer_stop
                0x0000000000005a5c       0x4c contiki-srf06-cc26xx.a(etimer.o)
                0x0000000000005a5c                etimer_stop
 .text.exit_process
                0x0000000000005aa8       0xb0 contiki-srf06-cc26xx.a(process.o)
 .text.call_process.part.0
                0x0000000000005b58       0x38 contiki-srf06-cc26xx.a(process.o)
 .text.do_poll  0x0000000000005b90       0x3c contiki-srf06-cc26xx.a(process.o)
 .text.process_alloc_event
                0x0000000000005bcc       0x10 contiki-srf06-cc26xx.a(process.o)
                0x0000000000005bcc                process_alloc_event
 .text.process_init
                0x0000000000005bdc       0x34 contiki-srf06-cc26xx.a(process.o)
                0x0000000000005bdc                process_init
 .text.process_run
                0x0000000000005c10       0xac contiki-srf06-cc26xx.a(process.o)
                0x0000000000005c10                process_run
 .text.process_nevents
                0x0000000000005cbc       0x14 contiki-srf06-cc26xx.a(process.o)
                0x0000000000005cbc                process_nevents
 .text.process_post
                0x0000000000005cd0       0x40 contiki-srf06-cc26xx.a(process.o)
                0x0000000000005cd0                process_post
 .text.process_post_synch
                0x0000000000005d10       0x18 contiki-srf06-cc26xx.a(process.o)
                0x0000000000005d10                process_post_synch
 .text.process_start
                0x0000000000005d28       0x40 contiki-srf06-cc26xx.a(process.o)
                0x0000000000005d28                process_start
 .text.process_poll
                0x0000000000005d68       0x18 contiki-srf06-cc26xx.a(process.o)
                0x0000000000005d68                process_poll
 .text.rtimer_init
                0x0000000000005d80        0x4 contiki-srf06-cc26xx.a(rtimer.o)
                0x0000000000005d80                rtimer_init
 .text.rtimer_set
                0x0000000000005d84       0x2c contiki-srf06-cc26xx.a(rtimer.o)
                0x0000000000005d84                rtimer_set
 .text.rtimer_run_next
                0x0000000000005db0       0x28 contiki-srf06-cc26xx.a(rtimer.o)
                0x0000000000005db0                rtimer_run_next
 .text.timer_set
                0x0000000000005dd8       0x10 contiki-srf06-cc26xx.a(timer.o)
                0x0000000000005dd8                timer_set
 .text.timer_reset
                0x0000000000005de8        0xc contiki-srf06-cc26xx.a(timer.o)
                0x0000000000005de8                timer_reset
 .text.timer_restart
                0x0000000000005df4        0xc contiki-srf06-cc26xx.a(timer.o)
                0x0000000000005df4                timer_restart
 .text.timer_expired
                0x0000000000005e00       0x1c contiki-srf06-cc26xx.a(timer.o)
                0x0000000000005e00                timer_expired
 .text.process_thread_serial_line_process
                0x0000000000005e1c       0xac contiki-srf06-cc26xx.a(serial-line.o)
 .text.serial_line_init
                0x0000000000005ec8       0x24 contiki-srf06-cc26xx.a(serial-line.o)
                0x0000000000005ec8                serial_line_init
 .text.list_init
                0x0000000000005eec        0x8 contiki-srf06-cc26xx.a(list.o)
                0x0000000000005eec                list_init
 .text.list_head
                0x0000000000005ef4        0x4 contiki-srf06-cc26xx.a(list.o)
                0x0000000000005ef4                list_head
 .text.list_add
                0x0000000000005ef8       0x48 contiki-srf06-cc26xx.a(list.o)
                0x0000000000005ef8                list_add
 .text.list_push
                0x0000000000005f40       0x40 contiki-srf06-cc26xx.a(list.o)
                0x0000000000005f40                list_push
 .text.list_remove
                0x0000000000005f80       0x2c contiki-srf06-cc26xx.a(list.o)
                0x0000000000005f80                list_remove
 .text.list_length
                0x0000000000005fac       0x14 contiki-srf06-cc26xx.a(list.o)
                0x0000000000005fac                list_length
 .text.list_item_next
                0x0000000000005fc0        0x8 contiki-srf06-cc26xx.a(list.o)
                0x0000000000005fc0                list_item_next
 .text.ringbuf_init
                0x0000000000005fc8       0x10 contiki-srf06-cc26xx.a(ringbuf.o)
                0x0000000000005fc8                ringbuf_init
 .text.ringbuf_get
                0x0000000000005fd8       0x28 contiki-srf06-cc26xx.a(ringbuf.o)
                0x0000000000005fd8                ringbuf_get
 .text.chksum   0x0000000000006000       0x50 contiki-srf06-cc26xx.a(uip6.o)
 .text.upper_layer_chksum
                0x0000000000006050       0x58 contiki-srf06-cc26xx.a(uip6.o)
 .text.ext_hdr_options_process
                0x00000000000060a8       0xc8 contiki-srf06-cc26xx.a(uip6.o)
 .text.uip_add32
                0x0000000000006170       0x58 contiki-srf06-cc26xx.a(uip6.o)
                0x0000000000006170                uip_add32
 .text.unlikely.uip_add_rcv_nxt
                0x00000000000061c8       0x2c contiki-srf06-cc26xx.a(uip6.o)
 .text.uip_icmp6chksum
                0x00000000000061f4        0x8 contiki-srf06-cc26xx.a(uip6.o)
                0x00000000000061f4                uip_icmp6chksum
 .text.uip_init
                0x00000000000061fc       0x5c contiki-srf06-cc26xx.a(uip6.o)
                0x00000000000061fc                uip_init
 .text.remove_ext_hdr
                0x0000000000006258       0x60 contiki-srf06-cc26xx.a(uip6.o)
                0x0000000000006258                remove_ext_hdr
 .text.uip_unlisten
                0x00000000000062b8       0x28 contiki-srf06-cc26xx.a(uip6.o)
                0x00000000000062b8                uip_unlisten
 .text.uip_process
                0x00000000000062e0     0x10fc contiki-srf06-cc26xx.a(uip6.o)
                0x00000000000062e0                uip_process
 .text.uip_htonl
                0x00000000000073dc       0x14 contiki-srf06-cc26xx.a(uip6.o)
                0x00000000000073dc                uip_htonl
 .text.ns_input
                0x00000000000073f0      0x2a0 contiki-srf06-cc26xx.a(uip-nd6.o)
 .text.uip_nd6_init
                0x0000000000007690        0xc contiki-srf06-cc26xx.a(uip-nd6.o)
                0x0000000000007690                uip_nd6_init
 .text.sicslowpan_init
                0x000000000000769c       0x24 contiki-srf06-cc26xx.a(sicslowpan.o)
                0x000000000000769c                sicslowpan_init
 .text.compress_addr_64
                0x00000000000076c0       0x9c contiki-srf06-cc26xx.a(sicslowpan.o)
 .text.set_packet_attrs
                0x000000000000775c       0x4c contiki-srf06-cc26xx.a(sicslowpan.o)
 .text.addr_context_lookup_by_prefix
                0x00000000000077a8       0x28 contiki-srf06-cc26xx.a(sicslowpan.o)
 .text.send_packet
                0x00000000000077d0       0x24 contiki-srf06-cc26xx.a(sicslowpan.o)
 .text.packet_sent
                0x00000000000077f4       0x28 contiki-srf06-cc26xx.a(sicslowpan.o)
 .text.store_fragment
                0x000000000000781c       0x68 contiki-srf06-cc26xx.a(sicslowpan.o)
 .text.add_fragment
                0x0000000000007884      0x19c contiki-srf06-cc26xx.a(sicslowpan.o)
 .text.uncompress_addr
                0x0000000000007a20       0xb8 contiki-srf06-cc26xx.a(sicslowpan.o)
 .text.input    0x0000000000007ad8      0x660 contiki-srf06-cc26xx.a(sicslowpan.o)
 .text.output   0x0000000000008138      0x730 contiki-srf06-cc26xx.a(sicslowpan.o)
 .text.start_periodic_tcp_timer
                0x0000000000008868       0x1c contiki-srf06-cc26xx.a(tcpip.o)
 .text.tcpip_set_outputfunc
                0x0000000000008884        0xc contiki-srf06-cc26xx.a(tcpip.o)
                0x0000000000008884                tcpip_set_outputfunc
 .text.tcpip_icmp6_call
                0x0000000000008890       0x28 contiki-srf06-cc26xx.a(tcpip.o)
                0x0000000000008890                tcpip_icmp6_call
 .text.tcpip_input
                0x00000000000088b8       0x24 contiki-srf06-cc26xx.a(tcpip.o)
                0x00000000000088b8                tcpip_input
 .text.tcpip_ipv6_output
                0x00000000000088dc       0xbc contiki-srf06-cc26xx.a(tcpip.o)
                0x00000000000088dc                tcpip_ipv6_output
 .text.process_thread_tcpip_process
                0x0000000000008998      0x1c8 contiki-srf06-cc26xx.a(tcpip.o)
 .text.tcpip_uipcall
                0x0000000000008b60       0x70 contiki-srf06-cc26xx.a(tcpip.o)
                0x0000000000008b60                tcpip_uipcall
 .text.lollipop_greater_than
                0x0000000000008bd0       0x3c contiki-srf06-cc26xx.a(rpl-dag.o)
 .text.rpl_set_preferred_parent
                0x0000000000008c0c       0x2c contiki-srf06-cc26xx.a(rpl-dag.o)
 .text.set_ip_from_prefix
                0x0000000000008c38       0x2c contiki-srf06-cc26xx.a(rpl-dag.o)
 .text.check_prefix
                0x0000000000008c64       0x78 contiki-srf06-cc26xx.a(rpl-dag.o)
 .text.find_parent_any_dag_any_instance
                0x0000000000008cdc       0x1c contiki-srf06-cc26xx.a(rpl-dag.o)
 .text.rpl_dag_init
                0x0000000000008cf8       0x14 contiki-srf06-cc26xx.a(rpl-dag.o)
                0x0000000000008cf8                rpl_dag_init
 .text.rpl_get_parent
                0x0000000000008d0c       0x10 contiki-srf06-cc26xx.a(rpl-dag.o)
                0x0000000000008d0c                rpl_get_parent
 .text.rpl_rank_via_parent
                0x0000000000008d1c       0x1c contiki-srf06-cc26xx.a(rpl-dag.o)
                0x0000000000008d1c                rpl_rank_via_parent
 .text.rpl_get_parent_ipaddr
                0x0000000000008d38       0x18 contiki-srf06-cc26xx.a(rpl-dag.o)
                0x0000000000008d38                rpl_get_parent_ipaddr
 .text.rpl_get_parent_link_stats
                0x0000000000008d50       0x18 contiki-srf06-cc26xx.a(rpl-dag.o)
                0x0000000000008d50                rpl_get_parent_link_stats
 .text.best_parent
                0x0000000000008d68       0x98 contiki-srf06-cc26xx.a(rpl-dag.o)
 .text.rpl_parent_is_fresh
                0x0000000000008e00       0x10 contiki-srf06-cc26xx.a(rpl-dag.o)
                0x0000000000008e00                rpl_parent_is_fresh
 .text.rpl_parent_is_reachable
                0x0000000000008e10       0x40 contiki-srf06-cc26xx.a(rpl-dag.o)
                0x0000000000008e10                rpl_parent_is_reachable
 .text.rpl_repair_root
                0x0000000000008e50       0x5c contiki-srf06-cc26xx.a(rpl-dag.o)
                0x0000000000008e50                rpl_repair_root
 .text.rpl_set_prefix
                0x0000000000008eac       0x98 contiki-srf06-cc26xx.a(rpl-dag.o)
                0x0000000000008eac                rpl_set_prefix
 .text.rpl_set_default_route
                0x0000000000008f44       0x30 contiki-srf06-cc26xx.a(rpl-dag.o)
                0x0000000000008f44                rpl_set_default_route
 .text.rpl_alloc_instance
                0x0000000000008f74       0x34 contiki-srf06-cc26xx.a(rpl-dag.o)
                0x0000000000008f74                rpl_alloc_instance
 .text.rpl_alloc_dag
                0x0000000000008fa8       0x5c contiki-srf06-cc26xx.a(rpl-dag.o)
                0x0000000000008fa8                rpl_alloc_dag
 .text.rpl_add_parent
                0x0000000000009004       0x30 contiki-srf06-cc26xx.a(rpl-dag.o)
                0x0000000000009004                rpl_add_parent
 .text.rpl_find_parent
                0x0000000000009034       0x18 contiki-srf06-cc26xx.a(rpl-dag.o)
                0x0000000000009034                rpl_find_parent
 .text.rpl_find_parent_any_dag
                0x000000000000904c       0x20 contiki-srf06-cc26xx.a(rpl-dag.o)
                0x000000000000904c                rpl_find_parent_any_dag
 .text.rpl_select_parent
                0x000000000000906c       0x58 contiki-srf06-cc26xx.a(rpl-dag.o)
                0x000000000000906c                rpl_select_parent
 .text.rpl_select_dag
                0x00000000000090c4      0x184 contiki-srf06-cc26xx.a(rpl-dag.o)
                0x00000000000090c4                rpl_select_dag
 .text.rpl_nullify_parent
                0x0000000000009248       0x58 contiki-srf06-cc26xx.a(rpl-dag.o)
                0x0000000000009248                rpl_nullify_parent
 .text.rpl_remove_parent
                0x00000000000092a0       0x1c contiki-srf06-cc26xx.a(rpl-dag.o)
                0x00000000000092a0                rpl_remove_parent
 .text.nbr_callback
                0x00000000000092bc        0x4 contiki-srf06-cc26xx.a(rpl-dag.o)
 .text.remove_parents.constprop.6
                0x00000000000092c0       0x44 contiki-srf06-cc26xx.a(rpl-dag.o)
 .text.rpl_free_dag
                0x0000000000009304       0x3c contiki-srf06-cc26xx.a(rpl-dag.o)
                0x0000000000009304                rpl_free_dag
 .text.rpl_move_parent
                0x0000000000009340       0x58 contiki-srf06-cc26xx.a(rpl-dag.o)
                0x0000000000009340                rpl_move_parent
 .text.rpl_get_dag
                0x0000000000009398       0x3c contiki-srf06-cc26xx.a(rpl-dag.o)
                0x0000000000009398                rpl_get_dag
 .text.rpl_get_any_dag
                0x00000000000093d4       0x18 contiki-srf06-cc26xx.a(rpl-dag.o)
                0x00000000000093d4                rpl_get_any_dag
 .text.rpl_get_instance
                0x00000000000093ec       0x20 contiki-srf06-cc26xx.a(rpl-dag.o)
                0x00000000000093ec                rpl_get_instance
 .text.rpl_join_instance
                0x000000000000940c      0x168 contiki-srf06-cc26xx.a(rpl-dag.o)
                0x000000000000940c                rpl_join_instance
 .text.rpl_local_repair
                0x0000000000009574       0x90 contiki-srf06-cc26xx.a(rpl-dag.o)
                0x0000000000009574                rpl_local_repair
 .text.rpl_process_parent_event
                0x0000000000009604       0x9c contiki-srf06-cc26xx.a(rpl-dag.o)
                0x0000000000009604                rpl_process_parent_event
 .text.rpl_add_dag
                0x00000000000096a0      0x154 contiki-srf06-cc26xx.a(rpl-dag.o)
                0x00000000000096a0                rpl_add_dag
 .text.rpl_recalculate_ranks
                0x00000000000097f4       0x50 contiki-srf06-cc26xx.a(rpl-dag.o)
                0x00000000000097f4                rpl_recalculate_ranks
 .text.rpl_process_dio
                0x0000000000009844      0x334 contiki-srf06-cc26xx.a(rpl-dag.o)
                0x0000000000009844                rpl_process_dio
 .text.new_dio_interval
                0x0000000000009b78       0x60 contiki-srf06-cc26xx.a(rpl-timers.o)
 .text.handle_periodic_timer
                0x0000000000009bd8       0x58 contiki-srf06-cc26xx.a(rpl-timers.o)
 .text.set_dao_lifetime_timer
                0x0000000000009c30       0x48 contiki-srf06-cc26xx.a(rpl-timers.o)
 .text.handle_unicast_dio_timer
                0x0000000000009c78       0x1c contiki-srf06-cc26xx.a(rpl-timers.o)
 .text.handle_dio_timer
                0x0000000000009c94       0x8c contiki-srf06-cc26xx.a(rpl-timers.o)
 .text.schedule_dao
                0x0000000000009d20       0x54 contiki-srf06-cc26xx.a(rpl-timers.o)
 .text.handle_dao_timer
                0x0000000000009d74       0x5c contiki-srf06-cc26xx.a(rpl-timers.o)
 .text.rpl_reset_periodic_timer
                0x0000000000009dd0       0x3c contiki-srf06-cc26xx.a(rpl-timers.o)
                0x0000000000009dd0                rpl_reset_periodic_timer
 .text.rpl_reset_dio_timer
                0x0000000000009e0c       0x1c contiki-srf06-cc26xx.a(rpl-timers.o)
                0x0000000000009e0c                rpl_reset_dio_timer
 .text.rpl_schedule_dao
                0x0000000000009e28        0x8 contiki-srf06-cc26xx.a(rpl-timers.o)
                0x0000000000009e28                rpl_schedule_dao
 .text.rpl_schedule_unicast_dio_immediately
                0x0000000000009e30       0x14 contiki-srf06-cc26xx.a(rpl-timers.o)
                0x0000000000009e30                rpl_schedule_unicast_dio_immediately
 .text.get_probing_delay
                0x0000000000009e44       0x4c contiki-srf06-cc26xx.a(rpl-timers.o)
                0x0000000000009e44                get_probing_delay
 .text.get_probing_target
                0x0000000000009e90       0xdc contiki-srf06-cc26xx.a(rpl-timers.o)
                0x0000000000009e90                get_probing_target
 .text.rpl_schedule_probing
                0x0000000000009f6c       0x20 contiki-srf06-cc26xx.a(rpl-timers.o)
                0x0000000000009f6c                rpl_schedule_probing
 .text.handle_probing_timer
                0x0000000000009f8c       0x34 contiki-srf06-cc26xx.a(rpl-timers.o)
 .text.update_hbh_header
                0x0000000000009fc0       0xcc contiki-srf06-cc26xx.a(rpl-ext-header.)
 .text.insert_hbh_header.isra.0
                0x000000000000a08c       0xac contiki-srf06-cc26xx.a(rpl-ext-header.)
 .text.rpl_verify_hbh_header
                0x000000000000a138       0xf0 contiki-srf06-cc26xx.a(rpl-ext-header.)
                0x000000000000a138                rpl_verify_hbh_header
 .text.rpl_remove_header
                0x000000000000a228       0x7c contiki-srf06-cc26xx.a(rpl-ext-header.)
                0x000000000000a228                rpl_remove_header
 .text.rpl_update_header
                0x000000000000a2a4       0x74 contiki-srf06-cc26xx.a(rpl-ext-header.)
                0x000000000000a2a4                rpl_update_header
 .text.rpl_get_mode
                0x000000000000a318        0xc contiki-srf06-cc26xx.a(rpl.o)
                0x000000000000a318                rpl_get_mode
 .text.rpl_purge_routes
                0x000000000000a324       0x7c contiki-srf06-cc26xx.a(rpl.o)
                0x000000000000a324                rpl_purge_routes
 .text.rpl_remove_routes
                0x000000000000a3a0       0x24 contiki-srf06-cc26xx.a(rpl.o)
                0x000000000000a3a0                rpl_remove_routes
 .text.rpl_remove_routes_by_nexthop
                0x000000000000a3c4       0x34 contiki-srf06-cc26xx.a(rpl.o)
                0x000000000000a3c4                rpl_remove_routes_by_nexthop
 .text.rpl_add_route
                0x000000000000a3f8       0x38 contiki-srf06-cc26xx.a(rpl.o)
                0x000000000000a3f8                rpl_add_route
 .text.rpl_link_neighbor_callback
                0x000000000000a430       0x60 contiki-srf06-cc26xx.a(rpl.o)
                0x000000000000a430                rpl_link_neighbor_callback
 .text.rpl_ipv6_neighbor_callback
                0x000000000000a490       0x30 contiki-srf06-cc26xx.a(rpl.o)
                0x000000000000a490                rpl_ipv6_neighbor_callback
 .text.rpl_purge_dags
                0x000000000000a4c0       0x40 contiki-srf06-cc26xx.a(rpl.o)
                0x000000000000a4c0                rpl_purge_dags
 .text.rpl_init
                0x000000000000a500       0x4c contiki-srf06-cc26xx.a(rpl.o)
                0x000000000000a500                rpl_init
 .text.reset    0x000000000000a54c        0x4 contiki-srf06-cc26xx.a(rpl-mrhof.o)
 .text.update_metric_container
                0x000000000000a550        0x8 contiki-srf06-cc26xx.a(rpl-mrhof.o)
 .text.parent_link_metric
                0x000000000000a558       0x14 contiki-srf06-cc26xx.a(rpl-mrhof.o)
 .text.parent_has_usable_link
                0x000000000000a56c       0x18 contiki-srf06-cc26xx.a(rpl-mrhof.o)
 .text.best_dag
                0x000000000000a584       0x2c contiki-srf06-cc26xx.a(rpl-mrhof.o)
 .text.parent_path_cost
                0x000000000000a5b0       0x4c contiki-srf06-cc26xx.a(rpl-mrhof.o)
 .text.parent_is_acceptable
                0x000000000000a5fc       0x34 contiki-srf06-cc26xx.a(rpl-mrhof.o)
 .text.rank_via_parent
                0x000000000000a630       0x3c contiki-srf06-cc26xx.a(rpl-mrhof.o)
 .text.best_parent
                0x000000000000a66c       0x70 contiki-srf06-cc26xx.a(rpl-mrhof.o)
 .text.NOROM_PowerCtrlSourceSet
                0x000000000000a6dc       0x30 contiki-srf06-cc26xx.a(pwr_ctrl.o)
                0x000000000000a6dc                NOROM_PowerCtrlSourceSet
 .text.TrimAfterColdResetWakeupFromShutDown
                0x000000000000a70c       0xe4 contiki-srf06-cc26xx.a(setup.o)
 .text.NOROM_SetupTrimDevice
                0x000000000000a7f0       0xa4 contiki-srf06-cc26xx.a(setup.o)
                0x000000000000a7f0                NOROM_SetupTrimDevice
 .text.NOROM_AONRTCCurrentCompareValueGet
                0x000000000000a894       0x24 contiki-srf06-cc26xx.a(aon_rtc.o)
                0x000000000000a894                NOROM_AONRTCCurrentCompareValueGet
 .text.NOROM_OSCClockSourceSet
                0x000000000000a8b8       0x50 contiki-srf06-cc26xx.a(osc.o)
                0x000000000000a8b8                NOROM_OSCClockSourceSet
 .text.NOROM_OSCClockSourceGet
                0x000000000000a908       0x24 contiki-srf06-cc26xx.a(osc.o)
                0x000000000000a908                NOROM_OSCClockSourceGet
 .text.NOROM_AONBatMonTemperatureGetDegC
                0x000000000000a92c       0x30 contiki-srf06-cc26xx.a(aon_batmon.o)
                0x000000000000a92c                NOROM_AONBatMonTemperatureGetDegC
 .text.NOROM_SysCtrlSetRechargeBeforePowerDown
                0x000000000000a95c      0x274 contiki-srf06-cc26xx.a(sys_ctrl.o)
                0x000000000000a95c                NOROM_SysCtrlSetRechargeBeforePowerDown
 .text.NOROM_SysCtrlAdjustRechargeAfterPowerDown
                0x000000000000abd0       0x64 contiki-srf06-cc26xx.a(sys_ctrl.o)
                0x000000000000abd0                NOROM_SysCtrlAdjustRechargeAfterPowerDown
 .text.NOROM_SysCtrl_DCDC_VoltageConditionalControl
                0x000000000000ac34       0x7c contiki-srf06-cc26xx.a(sys_ctrl.o)
                0x000000000000ac34                NOROM_SysCtrl_DCDC_VoltageConditionalControl
 .text.SafeHapiVoid
                0x000000000000acb0       0x2c contiki-srf06-cc26xx.a(adi.o)
                0x000000000000acb0                SafeHapiVoid
 .text.NOROM_CPUcpsid
                0x000000000000acdc        0x8 contiki-srf06-cc26xx.a(cpu.o)
                0x000000000000acdc                NOROM_CPUcpsid
 .text.NOROM_CPUcpsie
                0x000000000000ace4        0x8 contiki-srf06-cc26xx.a(cpu.o)
                0x000000000000ace4                NOROM_CPUcpsie
 .text.NOROM_CPUdelay
                0x000000000000acec        0x8 contiki-srf06-cc26xx.a(cpu.o)
                0x000000000000acec                NOROM_CPUdelay
 .text.NOROM_DDI32RegWrite
                0x000000000000acf4       0x34 contiki-srf06-cc26xx.a(ddi.o)
                0x000000000000acf4                NOROM_DDI32RegWrite
 .text.NOROM_DDI16BitfieldWrite
                0x000000000000ad28       0x4c contiki-srf06-cc26xx.a(ddi.o)
                0x000000000000ad28                NOROM_DDI16BitfieldWrite
 .text.NOROM_DDI16BitfieldRead
                0x000000000000ad74       0x48 contiki-srf06-cc26xx.a(ddi.o)
                0x000000000000ad74                NOROM_DDI16BitfieldRead
 .text.NOROM_ChipInfo_GetSupportedProtocol_BV
                0x000000000000adbc       0x10 contiki-srf06-cc26xx.a(chipinfo.o)
                0x000000000000adbc                NOROM_ChipInfo_GetSupportedProtocol_BV
 .text.NOROM_ChipInfo_GetChipFamily
                0x000000000000adcc       0x50 contiki-srf06-cc26xx.a(chipinfo.o)
                0x000000000000adcc                NOROM_ChipInfo_GetChipFamily
 .text.NOROM_ChipInfo_GetChipType
                0x000000000000ae1c       0x5c contiki-srf06-cc26xx.a(chipinfo.o)
                0x000000000000ae1c                NOROM_ChipInfo_GetChipType
 .text.NOROM_ChipInfo_GetHwRevision
                0x000000000000ae78       0x70 contiki-srf06-cc26xx.a(chipinfo.o)
                0x000000000000ae78                NOROM_ChipInfo_GetHwRevision
 .text.NOROM_ThisCodeIsBuiltForCC26xxHwRev22AndLater_HaltIfViolated
                0x000000000000aee8       0x14 contiki-srf06-cc26xx.a(chipinfo.o)
                0x000000000000aee8                NOROM_ThisCodeIsBuiltForCC26xxHwRev22AndLater_HaltIfViolated
 .text.NOROM_TRNGConfigure
                0x000000000000aefc       0x38 contiki-srf06-cc26xx.a(trng.o)
                0x000000000000aefc                NOROM_TRNGConfigure
 .text.queuebuf_init
                0x000000000000af34       0x1c contiki-srf06-cc26xx.a(queuebuf.o)
                0x000000000000af34                queuebuf_init
 .text.queuebuf_numfree
                0x000000000000af50        0xc contiki-srf06-cc26xx.a(queuebuf.o)
                0x000000000000af50                queuebuf_numfree
 .text.queuebuf_new_from_packetbuf
                0x000000000000af5c       0x48 contiki-srf06-cc26xx.a(queuebuf.o)
                0x000000000000af5c                queuebuf_new_from_packetbuf
 .text.queuebuf_update_attr_from_packetbuf
                0x000000000000afa4        0xc contiki-srf06-cc26xx.a(queuebuf.o)
                0x000000000000afa4                queuebuf_update_attr_from_packetbuf
 .text.queuebuf_update_from_packetbuf
                0x000000000000afb0       0x1c contiki-srf06-cc26xx.a(queuebuf.o)
                0x000000000000afb0                queuebuf_update_from_packetbuf
 .text.queuebuf_free
                0x000000000000afcc       0x2c contiki-srf06-cc26xx.a(queuebuf.o)
                0x000000000000afcc                queuebuf_free
 .text.queuebuf_to_packetbuf
                0x000000000000aff8       0x30 contiki-srf06-cc26xx.a(queuebuf.o)
                0x000000000000aff8                queuebuf_to_packetbuf
 .text.queuebuf_attr
                0x000000000000b028        0xc contiki-srf06-cc26xx.a(queuebuf.o)
                0x000000000000b028                queuebuf_attr
 .text.nbr_set_bit
                0x000000000000b034       0x4c contiki-srf06-cc26xx.a(nbr-table.o)
 .text.index_from_lladdr
                0x000000000000b080       0x50 contiki-srf06-cc26xx.a(nbr-table.o)
 .text.nbr_get_bit.constprop.0
                0x000000000000b0d0       0x2c contiki-srf06-cc26xx.a(nbr-table.o)
 .text.remove_key
                0x000000000000b0fc       0xa0 contiki-srf06-cc26xx.a(nbr-table.o)
 .text.nbr_table_register
                0x000000000000b19c       0x2c contiki-srf06-cc26xx.a(nbr-table.o)
                0x000000000000b19c                nbr_table_register
 .text.nbr_table_next
                0x000000000000b1c8       0x70 contiki-srf06-cc26xx.a(nbr-table.o)
                0x000000000000b1c8                nbr_table_next
 .text.nbr_table_head
                0x000000000000b238       0x58 contiki-srf06-cc26xx.a(nbr-table.o)
                0x000000000000b238                nbr_table_head
 .text.nbr_table_add_lladdr
                0x000000000000b290      0x13c contiki-srf06-cc26xx.a(nbr-table.o)
                0x000000000000b290                nbr_table_add_lladdr
 .text.nbr_table_get_from_lladdr
                0x000000000000b3cc       0x34 contiki-srf06-cc26xx.a(nbr-table.o)
                0x000000000000b3cc                nbr_table_get_from_lladdr
 .text.nbr_table_remove
                0x000000000000b400       0x2c contiki-srf06-cc26xx.a(nbr-table.o)
                0x000000000000b400                nbr_table_remove
 .text.nbr_table_lock
                0x000000000000b42c       0x14 contiki-srf06-cc26xx.a(nbr-table.o)
                0x000000000000b42c                nbr_table_lock
 .text.nbr_table_unlock
                0x000000000000b440       0x14 contiki-srf06-cc26xx.a(nbr-table.o)
                0x000000000000b440                nbr_table_unlock
 .text.nbr_table_get_lladdr
                0x000000000000b454       0x30 contiki-srf06-cc26xx.a(nbr-table.o)
                0x000000000000b454                nbr_table_get_lladdr
 .text.nbr_table_update_lladdr
                0x000000000000b484       0x54 contiki-srf06-cc26xx.a(nbr-table.o)
                0x000000000000b484                nbr_table_update_lladdr
 .text.packetbuf_copyto
                0x000000000000b4d8       0x50 contiki-srf06-cc26xx.a(packetbuf.o)
                0x000000000000b4d8                packetbuf_copyto
 .text.packetbuf_hdralloc
                0x000000000000b528       0x58 contiki-srf06-cc26xx.a(packetbuf.o)
                0x000000000000b528                packetbuf_hdralloc
 .text.packetbuf_hdrreduce
                0x000000000000b580       0x2c contiki-srf06-cc26xx.a(packetbuf.o)
                0x000000000000b580                packetbuf_hdrreduce
 .text.packetbuf_set_datalen
                0x000000000000b5ac        0xc contiki-srf06-cc26xx.a(packetbuf.o)
                0x000000000000b5ac                packetbuf_set_datalen
 .text.packetbuf_dataptr
                0x000000000000b5b8       0x20 contiki-srf06-cc26xx.a(packetbuf.o)
                0x000000000000b5b8                packetbuf_dataptr
 .text.packetbuf_hdrptr
                0x000000000000b5d8        0x8 contiki-srf06-cc26xx.a(packetbuf.o)
                0x000000000000b5d8                packetbuf_hdrptr
 .text.packetbuf_datalen
                0x000000000000b5e0        0xc contiki-srf06-cc26xx.a(packetbuf.o)
                0x000000000000b5e0                packetbuf_datalen
 .text.packetbuf_totlen
                0x000000000000b5ec       0x24 contiki-srf06-cc26xx.a(packetbuf.o)
                0x000000000000b5ec                packetbuf_totlen
 .text.packetbuf_attr_clear
                0x000000000000b610       0x34 contiki-srf06-cc26xx.a(packetbuf.o)
                0x000000000000b610                packetbuf_attr_clear
 .text.packetbuf_clear
                0x000000000000b644       0x20 contiki-srf06-cc26xx.a(packetbuf.o)
                0x000000000000b644                packetbuf_clear
 .text.packetbuf_copyfrom
                0x000000000000b664       0x40 contiki-srf06-cc26xx.a(packetbuf.o)
                0x000000000000b664                packetbuf_copyfrom
 .text.packetbuf_attr_copyto
                0x000000000000b6a4       0x44 contiki-srf06-cc26xx.a(packetbuf.o)
                0x000000000000b6a4                packetbuf_attr_copyto
 .text.packetbuf_attr_copyfrom
                0x000000000000b6e8       0x44 contiki-srf06-cc26xx.a(packetbuf.o)
                0x000000000000b6e8                packetbuf_attr_copyfrom
 .text.packetbuf_set_attr
                0x000000000000b72c       0x10 contiki-srf06-cc26xx.a(packetbuf.o)
                0x000000000000b72c                packetbuf_set_attr
 .text.packetbuf_attr
                0x000000000000b73c        0xc contiki-srf06-cc26xx.a(packetbuf.o)
                0x000000000000b73c                packetbuf_attr
 .text.packetbuf_set_addr
                0x000000000000b748       0x18 contiki-srf06-cc26xx.a(packetbuf.o)
                0x000000000000b748                packetbuf_set_addr
 .text.packetbuf_addr
                0x000000000000b760       0x10 contiki-srf06-cc26xx.a(packetbuf.o)
                0x000000000000b760                packetbuf_addr
 .text.packetbuf_holds_broadcast
                0x000000000000b770       0x10 contiki-srf06-cc26xx.a(packetbuf.o)
                0x000000000000b770                packetbuf_holds_broadcast
 .text.netstack_init
                0x000000000000b780       0x38 contiki-srf06-cc26xx.a(netstack.o)
                0x000000000000b780                netstack_init
 .text.linkaddr_copy
                0x000000000000b7b8        0xc contiki-srf06-cc26xx.a(linkaddr.o)
                0x000000000000b7b8                linkaddr_copy
 .text.linkaddr_cmp
                0x000000000000b7c4       0x10 contiki-srf06-cc26xx.a(linkaddr.o)
                0x000000000000b7c4                linkaddr_cmp
 .text.periodic
                0x000000000000b7d4       0x2c contiki-srf06-cc26xx.a(link-stats.o)
 .text.link_stats_from_lladdr
                0x000000000000b800        0xc contiki-srf06-cc26xx.a(link-stats.o)
                0x000000000000b800                link_stats_from_lladdr
 .text.link_stats_is_fresh
                0x000000000000b80c       0x28 contiki-srf06-cc26xx.a(link-stats.o)
                0x000000000000b80c                link_stats_is_fresh
 .text.link_stats_packet_sent
                0x000000000000b834       0xbc contiki-srf06-cc26xx.a(link-stats.o)
                0x000000000000b834                link_stats_packet_sent
 .text.link_stats_input_callback
                0x000000000000b8f0       0x5c contiki-srf06-cc26xx.a(link-stats.o)
                0x000000000000b8f0                link_stats_input_callback
 .text.link_stats_init
                0x000000000000b94c       0x28 contiki-srf06-cc26xx.a(link-stats.o)
                0x000000000000b94c                link_stats_init
 .text.input_packet
                0x000000000000b974        0xc contiki-srf06-cc26xx.a(csma.o)
 .text.on       0x000000000000b980        0xc contiki-srf06-cc26xx.a(csma.o)
 .text.off      0x000000000000b98c        0xc contiki-srf06-cc26xx.a(csma.o)
 .text.channel_check_interval
                0x000000000000b998       0x10 contiki-srf06-cc26xx.a(csma.o)
 .text.transmit_packet_list
                0x000000000000b9a8       0x34 contiki-srf06-cc26xx.a(csma.o)
 .text.schedule_transmission
                0x000000000000b9dc       0x58 contiki-srf06-cc26xx.a(csma.o)
 .text.send_packet
                0x000000000000ba34      0x154 contiki-srf06-cc26xx.a(csma.o)
 .text.init     0x000000000000bb88       0x24 contiki-srf06-cc26xx.a(csma.o)
 .text.tx_done  0x000000000000bbac       0x94 contiki-srf06-cc26xx.a(csma.o)
 .text.packet_sent
                0x000000000000bc40       0xe8 contiki-srf06-cc26xx.a(csma.o)
 .text.mac_call_sent_callback
                0x000000000000bd28       0x10 contiki-srf06-cc26xx.a(mac.o)
                0x000000000000bd28                mac_call_sent_callback
 .text.parse    0x000000000000bd38       0xa0 contiki-srf06-cc26xx.a(framer-802154.o)
 .text.create_frame.isra.0
                0x000000000000bdd8      0x144 contiki-srf06-cc26xx.a(framer-802154.o)
 .text.create   0x000000000000bf1c        0x8 contiki-srf06-cc26xx.a(framer-802154.o)
 .text.hdr_length
                0x000000000000bf24        0x8 contiki-srf06-cc26xx.a(framer-802154.o)
 .text.duty_cycle
                0x000000000000bf2c        0x4 contiki-srf06-cc26xx.a(contikimac.o)
 .text.init     0x000000000000bf30       0x40 contiki-srf06-cc26xx.a(contikimac.o)
 .text.on       0x000000000000bf70       0x2c contiki-srf06-cc26xx.a(contikimac.o)
 .text.off      0x000000000000bf9c       0x38 contiki-srf06-cc26xx.a(contikimac.o)
 .text.recv_burst_off
                0x000000000000bfd4       0x14 contiki-srf06-cc26xx.a(contikimac.o)
 .text.powercycle_turn_radio_off.part.2
                0x000000000000bfe8       0x10 contiki-srf06-cc26xx.a(contikimac.o)
 .text.turn_off
                0x000000000000bff8       0x48 contiki-srf06-cc26xx.a(contikimac.o)
 .text.turn_on  0x000000000000c040       0x40 contiki-srf06-cc26xx.a(contikimac.o)
 .text.schedule_powercycle_fixed.part.5
                0x000000000000c080       0x2c contiki-srf06-cc26xx.a(contikimac.o)
 .text.input_packet
                0x000000000000c0ac       0xac contiki-srf06-cc26xx.a(contikimac.o)
 .text.send_packet.isra.8
                0x000000000000c158      0x228 contiki-srf06-cc26xx.a(contikimac.o)
 .text.qsend_list
                0x000000000000c380       0xec contiki-srf06-cc26xx.a(contikimac.o)
 .text.qsend_packet
                0x000000000000c46c       0x24 contiki-srf06-cc26xx.a(contikimac.o)
 .text.powercycle_wrapper
                0x000000000000c490      0x234 contiki-srf06-cc26xx.a(contikimac.o)
 .text.init     0x000000000000c6c4        0x4 contiki-srf06-cc26xx.a(nullsec.o)
 .text.input    0x000000000000c6c8        0xc contiki-srf06-cc26xx.a(nullsec.o)
 .text.send     0x000000000000c6d4       0x20 contiki-srf06-cc26xx.a(nullsec.o)
 .text.sensor_common_read_reg
                0x000000000000c6f4       0x1c contiki-srf06-cc26xx.a(sensor-common.o)
                0x000000000000c6f4                sensor_common_read_reg
 .text.sensor_common_write_reg
                0x000000000000c710       0x38 contiki-srf06-cc26xx.a(sensor-common.o)
                0x000000000000c710                sensor_common_write_reg
 .text.sensor_common_set_error_data
                0x000000000000c748       0x10 contiki-srf06-cc26xx.a(sensor-common.o)
                0x000000000000c748                sensor_common_set_error_data
 .text.buzzer_init
                0x000000000000c758        0xc contiki-srf06-cc26xx.a(buzzer.o)
                0x000000000000c758                buzzer_init
 .text.buzzer_stop
                0x000000000000c764       0x74 contiki-srf06-cc26xx.a(buzzer.o)
                0x000000000000c764                buzzer_stop
 .text.aux_ctrl_power_up
                0x000000000000c7d8       0x28 contiki-srf06-cc26xx.a(aux-ctrl.o)
                0x000000000000c7d8                aux_ctrl_power_up
 .text.aux_ctrl_register_consumer
                0x000000000000c800       0x40 contiki-srf06-cc26xx.a(aux-ctrl.o)
                0x000000000000c800                aux_ctrl_register_consumer
 .text.aux_ctrl_power_down
                0x000000000000c840       0x6c contiki-srf06-cc26xx.a(aux-ctrl.o)
                0x000000000000c840                aux_ctrl_power_down
 .text.aux_ctrl_unregister_consumer
                0x000000000000c8ac       0x28 contiki-srf06-cc26xx.a(aux-ctrl.o)
                0x000000000000c8ac                aux_ctrl_unregister_consumer
 .text.process_thread_rf_core_process
                0x000000000000c8d4       0x58 contiki-srf06-cc26xx.a(rf-core.o)
 .text.rf_core_is_accessible
                0x000000000000c92c       0x10 contiki-srf06-cc26xx.a(rf-core.o)
                0x000000000000c92c                rf_core_is_accessible
 .text.rf_core_send_cmd
                0x000000000000c93c       0xa4 contiki-srf06-cc26xx.a(rf-core.o)
                0x000000000000c93c                rf_core_send_cmd
 .text.rf_core_wait_cmd_done
                0x000000000000c9e0       0x30 contiki-srf06-cc26xx.a(rf-core.o)
                0x000000000000c9e0                rf_core_wait_cmd_done
 .text.rf_core_power_up
                0x000000000000ca10       0xcc contiki-srf06-cc26xx.a(rf-core.o)
                0x000000000000ca10                rf_core_power_up
 .text.rf_core_start_rat
                0x000000000000cadc       0x68 contiki-srf06-cc26xx.a(rf-core.o)
                0x000000000000cadc                rf_core_start_rat
 .text.rf_core_stop_rat
                0x000000000000cb44       0x7c contiki-srf06-cc26xx.a(rf-core.o)
                0x000000000000cb44                rf_core_stop_rat
 .text.rf_core_power_down
                0x000000000000cbc0       0xec contiki-srf06-cc26xx.a(rf-core.o)
                0x000000000000cbc0                rf_core_power_down
 .text.rf_core_set_modesel
                0x000000000000ccac       0x44 contiki-srf06-cc26xx.a(rf-core.o)
                0x000000000000ccac                rf_core_set_modesel
 .text.rf_core_boot
                0x000000000000ccf0       0x1c contiki-srf06-cc26xx.a(rf-core.o)
                0x000000000000ccf0                rf_core_boot
 .text.rf_core_restart_rat
                0x000000000000cd0c       0x18 contiki-srf06-cc26xx.a(rf-core.o)
                0x000000000000cd0c                rf_core_restart_rat
 .text.rf_core_setup_interrupts
                0x000000000000cd24       0x74 contiki-srf06-cc26xx.a(rf-core.o)
                0x000000000000cd24                rf_core_setup_interrupts
 .text.rf_core_cmd_done_en
                0x000000000000cd98       0x28 contiki-srf06-cc26xx.a(rf-core.o)
                0x000000000000cd98                rf_core_cmd_done_en
 .text.rf_core_cmd_done_dis
                0x000000000000cdc0       0x18 contiki-srf06-cc26xx.a(rf-core.o)
                0x000000000000cdc0                rf_core_cmd_done_dis
 .text.rf_core_get_last_radio_op
                0x000000000000cdd8        0xc contiki-srf06-cc26xx.a(rf-core.o)
                0x000000000000cdd8                rf_core_get_last_radio_op
 .text.rf_core_init_radio_op
                0x000000000000cde4       0x20 contiki-srf06-cc26xx.a(rf-core.o)
                0x000000000000cde4                rf_core_init_radio_op
 .text.rf_core_primary_mode_register
                0x000000000000ce04        0xc contiki-srf06-cc26xx.a(rf-core.o)
                0x000000000000ce04                rf_core_primary_mode_register
 .text.RFCCPE1IntHandler
                0x000000000000ce10       0x28 contiki-srf06-cc26xx.a(rf-core.o)
                0x000000000000ce10                RFCCPE1IntHandler
 .text.RFCCPE0IntHandler
                0x000000000000ce38       0x5c contiki-srf06-cc26xx.a(rf-core.o)
                0x000000000000ce38                RFCCPE0IntHandler
 .text.rf_ble_is_active
                0x000000000000ce94        0xc contiki-srf06-cc26xx.a(rf-ble.o)
                0x000000000000ce94                rf_ble_is_active
 .text.memb_init
                0x000000000000cea0       0x24 contiki-srf06-cc26xx.a(memb.o)
                0x000000000000cea0                memb_init
 .text.memb_alloc
                0x000000000000cec4       0x3c contiki-srf06-cc26xx.a(memb.o)
                0x000000000000cec4                memb_alloc
 .text.memb_free
                0x000000000000cf00       0x44 contiki-srf06-cc26xx.a(memb.o)
                0x000000000000cf00                memb_free
 .text.memb_inmemb
                0x000000000000cf44       0x1c contiki-srf06-cc26xx.a(memb.o)
                0x000000000000cf44                memb_inmemb
 .text.memb_numfree
                0x000000000000cf60       0x1c contiki-srf06-cc26xx.a(memb.o)
                0x000000000000cf60                memb_numfree
 .text.echo_reply_input
                0x000000000000cf7c       0xb0 contiki-srf06-cc26xx.a(uip-icmp6.o)
 .text.echo_request_input
                0x000000000000d02c       0xb8 contiki-srf06-cc26xx.a(uip-icmp6.o)
 .text.uip_icmp6_input
                0x000000000000d0e4       0x3c contiki-srf06-cc26xx.a(uip-icmp6.o)
                0x000000000000d0e4                uip_icmp6_input
 .text.uip_icmp6_register_input_handler
                0x000000000000d120        0xc contiki-srf06-cc26xx.a(uip-icmp6.o)
                0x000000000000d120                uip_icmp6_register_input_handler
 .text.uip_icmp6_error_output
                0x000000000000d12c      0x150 contiki-srf06-cc26xx.a(uip-icmp6.o)
                0x000000000000d12c                uip_icmp6_error_output
 .text.uip_icmp6_send
                0x000000000000d27c       0x84 contiki-srf06-cc26xx.a(uip-icmp6.o)
                0x000000000000d27c                uip_icmp6_send
 .text.uip_icmp6_init
                0x000000000000d300       0x24 contiki-srf06-cc26xx.a(uip-icmp6.o)
                0x000000000000d300                uip_icmp6_init
 .text.uip_ds6_list_loop
                0x000000000000d324       0x60 contiki-srf06-cc26xx.a(uip-ds6.o)
                0x000000000000d324                uip_ds6_list_loop
 .text.uip_ds6_prefix_add
                0x000000000000d384       0x6c contiki-srf06-cc26xx.a(uip-ds6.o)
                0x000000000000d384                uip_ds6_prefix_add
 .text.uip_ds6_is_addr_onlink
                0x000000000000d3f0       0x3c contiki-srf06-cc26xx.a(uip-ds6.o)
                0x000000000000d3f0                uip_ds6_is_addr_onlink
 .text.uip_ds6_addr_lookup
                0x000000000000d42c       0x30 contiki-srf06-cc26xx.a(uip-ds6.o)
                0x000000000000d42c                uip_ds6_addr_lookup
 .text.uip_ds6_get_link_local
                0x000000000000d45c       0x44 contiki-srf06-cc26xx.a(uip-ds6.o)
                0x000000000000d45c                uip_ds6_get_link_local
 .text.uip_ds6_maddr_add
                0x000000000000d4a0       0x50 contiki-srf06-cc26xx.a(uip-ds6.o)
                0x000000000000d4a0                uip_ds6_maddr_add
 .text.uip_ds6_addr_add
                0x000000000000d4f0       0xa8 contiki-srf06-cc26xx.a(uip-ds6.o)
                0x000000000000d4f0                uip_ds6_addr_add
 .text.uip_ds6_maddr_lookup
                0x000000000000d598       0x30 contiki-srf06-cc26xx.a(uip-ds6.o)
                0x000000000000d598                uip_ds6_maddr_lookup
 .text.uip_ds6_addr_rm
                0x000000000000d5c8       0x48 contiki-srf06-cc26xx.a(uip-ds6.o)
                0x000000000000d5c8                uip_ds6_addr_rm
 .text.uip_ds6_periodic
                0x000000000000d610       0x5c contiki-srf06-cc26xx.a(uip-ds6.o)
                0x000000000000d610                uip_ds6_periodic
 .text.uip_ds6_select_src
                0x000000000000d66c       0xf4 contiki-srf06-cc26xx.a(uip-ds6.o)
                0x000000000000d66c                uip_ds6_select_src
 .text.uip_ds6_set_addr_iid
                0x000000000000d760       0x14 contiki-srf06-cc26xx.a(uip-ds6.o)
                0x000000000000d760                uip_ds6_set_addr_iid
 .text.uip_ds6_compute_reachable_time
                0x000000000000d774       0x28 contiki-srf06-cc26xx.a(uip-ds6.o)
                0x000000000000d774                uip_ds6_compute_reachable_time
 .text.uip_ds6_init
                0x000000000000d79c       0xf8 contiki-srf06-cc26xx.a(uip-ds6.o)
                0x000000000000d79c                uip_ds6_init
 .text.call_route_callback
                0x000000000000d894       0x50 contiki-srf06-cc26xx.a(uip-ds6-route.o)
 .text.uip_ds6_route_init
                0x000000000000d8e4       0x4c contiki-srf06-cc26xx.a(uip-ds6-route.o)
                0x000000000000d8e4                uip_ds6_route_init
 .text.uip_ds6_route_nexthop
                0x000000000000d930       0x1c contiki-srf06-cc26xx.a(uip-ds6-route.o)
                0x000000000000d930                uip_ds6_route_nexthop
 .text.uip_ds6_route_head
                0x000000000000d94c        0xc contiki-srf06-cc26xx.a(uip-ds6-route.o)
                0x000000000000d94c                uip_ds6_route_head
 .text.uip_ds6_route_next
                0x000000000000d958        0x8 contiki-srf06-cc26xx.a(uip-ds6-route.o)
                0x000000000000d958                uip_ds6_route_next
 .text.uip_ds6_route_is_nexthop
                0x000000000000d960       0x20 contiki-srf06-cc26xx.a(uip-ds6-route.o)
                0x000000000000d960                uip_ds6_route_is_nexthop
 .text.uip_ds6_route_lookup
                0x000000000000d980       0x78 contiki-srf06-cc26xx.a(uip-ds6-route.o)
                0x000000000000d980                uip_ds6_route_lookup
 .text.uip_ds6_route_rm
                0x000000000000d9f8       0xac contiki-srf06-cc26xx.a(uip-ds6-route.o)
                0x000000000000d9f8                uip_ds6_route_rm
 .text.rm_routelist
                0x000000000000daa4       0x38 contiki-srf06-cc26xx.a(uip-ds6-route.o)
 .text.rm_routelist_callback
                0x000000000000dadc        0x4 contiki-srf06-cc26xx.a(uip-ds6-route.o)
 .text.uip_ds6_route_add
                0x000000000000dae0      0x12c contiki-srf06-cc26xx.a(uip-ds6-route.o)
                0x000000000000dae0                uip_ds6_route_add
 .text.uip_ds6_defrt_rm
                0x000000000000dc0c       0x48 contiki-srf06-cc26xx.a(uip-ds6-route.o)
                0x000000000000dc0c                uip_ds6_defrt_rm
 .text.uip_ds6_defrt_lookup
                0x000000000000dc54       0x34 contiki-srf06-cc26xx.a(uip-ds6-route.o)
                0x000000000000dc54                uip_ds6_defrt_lookup
 .text.uip_ds6_defrt_add
                0x000000000000dc88       0x5c contiki-srf06-cc26xx.a(uip-ds6-route.o)
                0x000000000000dc88                uip_ds6_defrt_add
 .text.uip_ds6_defrt_choose
                0x000000000000dce4       0x34 contiki-srf06-cc26xx.a(uip-ds6-route.o)
                0x000000000000dce4                uip_ds6_defrt_choose
 .text.uip_ds6_defrt_periodic
                0x000000000000dd18       0x3c contiki-srf06-cc26xx.a(uip-ds6-route.o)
                0x000000000000dd18                uip_ds6_defrt_periodic
 .text.uip_ds6_nbr_rm
                0x000000000000dd54       0x20 contiki-srf06-cc26xx.a(uip-ds6-nbr.o)
                0x000000000000dd54                uip_ds6_nbr_rm
 .text.uip_ds6_neighbors_init
                0x000000000000dd74       0x1c contiki-srf06-cc26xx.a(uip-ds6-nbr.o)
                0x000000000000dd74                uip_ds6_neighbors_init
 .text.uip_ds6_nbr_add
                0x000000000000dd90       0x38 contiki-srf06-cc26xx.a(uip-ds6-nbr.o)
                0x000000000000dd90                uip_ds6_nbr_add
 .text.uip_ds6_nbr_get_ll
                0x000000000000ddc8       0x10 contiki-srf06-cc26xx.a(uip-ds6-nbr.o)
                0x000000000000ddc8                uip_ds6_nbr_get_ll
 .text.uip_ds6_nbr_lookup
                0x000000000000ddd8       0x3c contiki-srf06-cc26xx.a(uip-ds6-nbr.o)
                0x000000000000ddd8                uip_ds6_nbr_lookup
 .text.uip_ds6_nbr_ipaddr_from_lladdr
                0x000000000000de14       0x10 contiki-srf06-cc26xx.a(uip-ds6-nbr.o)
                0x000000000000de14                uip_ds6_nbr_ipaddr_from_lladdr
 .text.uip_ds6_nbr_lladdr_from_ipaddr
                0x000000000000de24       0x1c contiki-srf06-cc26xx.a(uip-ds6-nbr.o)
                0x000000000000de24                uip_ds6_nbr_lladdr_from_ipaddr
 .text.uip_ds6_link_neighbor_callback
                0x000000000000de40       0x34 contiki-srf06-cc26xx.a(uip-ds6-nbr.o)
                0x000000000000de40                uip_ds6_link_neighbor_callback
 .text.uip_debug_ipaddr_print
                0x000000000000de74       0xb0 contiki-srf06-cc26xx.a(uip-debug.o)
                0x000000000000de74                uip_debug_ipaddr_print
 .text.get32    0x000000000000df24       0x20 contiki-srf06-cc26xx.a(rpl-icmp6.o)
 .text.dao_ack_input
                0x000000000000df44       0x14 contiki-srf06-cc26xx.a(rpl-icmp6.o)
 .text.dao_output_target_seq
                0x000000000000df58      0x12c contiki-srf06-cc26xx.a(rpl-icmp6.o)
 .text.dio_input
                0x000000000000e084      0x270 contiki-srf06-cc26xx.a(rpl-icmp6.o)
 .text.rpl_icmp6_update_nbr_table
                0x000000000000e2f4       0x38 contiki-srf06-cc26xx.a(rpl-icmp6.o)
                0x000000000000e2f4                rpl_icmp6_update_nbr_table
 .text.dao_input
                0x000000000000e32c      0x2ec contiki-srf06-cc26xx.a(rpl-icmp6.o)
 .text.dis_output
                0x000000000000e618       0x58 contiki-srf06-cc26xx.a(rpl-icmp6.o)
                0x000000000000e618                dis_output
 .text.dio_output
                0x000000000000e670      0x2e8 contiki-srf06-cc26xx.a(rpl-icmp6.o)
                0x000000000000e670                dio_output
 .text.dis_input
                0x000000000000e958       0x54 contiki-srf06-cc26xx.a(rpl-icmp6.o)
 .text.dao_output
                0x000000000000e9ac       0x90 contiki-srf06-cc26xx.a(rpl-icmp6.o)
                0x000000000000e9ac                dao_output
 .text.dao_output_target
                0x000000000000ea3c        0xc contiki-srf06-cc26xx.a(rpl-icmp6.o)
                0x000000000000ea3c                dao_output_target
 .text.rpl_icmp6_register_handlers
                0x000000000000ea48       0x30 contiki-srf06-cc26xx.a(rpl-icmp6.o)
                0x000000000000ea48                rpl_icmp6_register_handlers
 .text.update_nbr
                0x000000000000ea78      0x11c contiki-srf06-cc26xx.a(rpl-nbr-policy.)
 .text.handle_periodic_timer
                0x000000000000eb94       0x14 contiki-srf06-cc26xx.a(rpl-nbr-policy.)
 .text.find_removable_dio
                0x000000000000eba8       0x40 contiki-srf06-cc26xx.a(rpl-nbr-policy.)
                0x000000000000eba8                find_removable_dio
 .text.find_removable_dao
                0x000000000000ebe8       0x38 contiki-srf06-cc26xx.a(rpl-nbr-policy.)
                0x000000000000ebe8                find_removable_dao
 .text.rpl_nbr_policy_find_removable
                0x000000000000ec20       0x40 contiki-srf06-cc26xx.a(rpl-nbr-policy.)
                0x000000000000ec20                rpl_nbr_policy_find_removable
 .text.NOROM_SetupGetTrimForXoscHfCtl.part.3
                0x000000000000ec60       0x20 contiki-srf06-cc26xx.a(setup_rom.o)
 .text.NOROM_SetupGetTrimForRadcExtCfg.part.4
                0x000000000000ec80       0x20 contiki-srf06-cc26xx.a(setup_rom.o)
 .text.NOROM_SetupAfterColdResetWakeupFromShutDownCfg1
                0x000000000000eca0       0x7c contiki-srf06-cc26xx.a(setup_rom.o)
                0x000000000000eca0                NOROM_SetupAfterColdResetWakeupFromShutDownCfg1
 .text.NOROM_SetupAfterColdResetWakeupFromShutDownCfg3
                0x000000000000ed1c      0x194 contiki-srf06-cc26xx.a(setup_rom.o)
                0x000000000000ed1c                NOROM_SetupAfterColdResetWakeupFromShutDownCfg3
 .text.NOROM_SetupGetTrimForAnabypassValue1
                0x000000000000eeb0       0x64 contiki-srf06-cc26xx.a(setup_rom.o)
                0x000000000000eeb0                NOROM_SetupGetTrimForAnabypassValue1
 .text.NOROM_SetupGetTrimForAmpcompCtrl
                0x000000000000ef14       0x74 contiki-srf06-cc26xx.a(setup_rom.o)
                0x000000000000ef14                NOROM_SetupGetTrimForAmpcompCtrl
 .text.NOROM_SetupAfterColdResetWakeupFromShutDownCfg2
                0x000000000000ef88      0x194 contiki-srf06-cc26xx.a(setup_rom.o)
                0x000000000000ef88                NOROM_SetupAfterColdResetWakeupFromShutDownCfg2
 .text.NOROM_SetupSetCacheModeAccordingToCcfgSetting
                0x000000000000f11c       0x6c contiki-srf06-cc26xx.a(setup_rom.o)
                0x000000000000f11c                NOROM_SetupSetCacheModeAccordingToCcfgSetting
 .text.mac_sequence_is_duplicate
                0x000000000000f188       0x4c contiki-srf06-cc26xx.a(mac-sequence.o)
                0x000000000000f188                mac_sequence_is_duplicate
 .text.mac_sequence_register_seqno
                0x000000000000f1d4       0x64 contiki-srf06-cc26xx.a(mac-sequence.o)
                0x000000000000f1d4                mac_sequence_register_seqno
 .text.frame802154_get_pan_id
                0x000000000000f238        0xc contiki-srf06-cc26xx.a(frame802154.o)
                0x000000000000f238                frame802154_get_pan_id
 .text.frame802154_has_panid
                0x000000000000f244       0xb8 contiki-srf06-cc26xx.a(frame802154.o)
                0x000000000000f244                frame802154_has_panid
 .text.field_len
                0x000000000000f2fc       0x9c contiki-srf06-cc26xx.a(frame802154.o)
 .text.frame802154_is_broadcast_addr
                0x000000000000f398       0x20 contiki-srf06-cc26xx.a(frame802154.o)
                0x000000000000f398                frame802154_is_broadcast_addr
 .text.frame802154_hdrlen
                0x000000000000f3b8       0x34 contiki-srf06-cc26xx.a(frame802154.o)
                0x000000000000f3b8                frame802154_hdrlen
 .text.frame802154_create_fcf
                0x000000000000f3ec       0x64 contiki-srf06-cc26xx.a(frame802154.o)
                0x000000000000f3ec                frame802154_create_fcf
 .text.frame802154_create
                0x000000000000f450       0xb8 contiki-srf06-cc26xx.a(frame802154.o)
                0x000000000000f450                frame802154_create
 .text.frame802154_parse_fcf
                0x000000000000f508       0x4c contiki-srf06-cc26xx.a(frame802154.o)
                0x000000000000f508                frame802154_parse_fcf
 .text.frame802154_parse
                0x000000000000f554      0x134 contiki-srf06-cc26xx.a(frame802154.o)
                0x000000000000f554                frame802154_parse
 .text.stimer_set
                0x000000000000f688       0x10 contiki-srf06-cc26xx.a(stimer.o)
                0x000000000000f688                stimer_set
 .text.stimer_expired
                0x000000000000f698       0x20 contiki-srf06-cc26xx.a(stimer.o)
                0x000000000000f698                stimer_expired
 .text.exp2     0x000000000000f6b8       0x10 /usr/lib/gcc/arm-none-eabi/4.9.3/../../../arm-none-eabi/lib/armv7-m/libm.a(lib_a-w_exp2.o)
                0x000000000000f6b8                exp2
 .text.pow      0x000000000000f6c8      0x2f0 /usr/lib/gcc/arm-none-eabi/4.9.3/../../../arm-none-eabi/lib/armv7-m/libm.a(lib_a-w_pow.o)
                0x000000000000f6c8                pow
 .text.__ieee754_sqrt
                0x000000000000f9b8      0x18c /usr/lib/gcc/arm-none-eabi/4.9.3/../../../arm-none-eabi/lib/armv7-m/libm.a(lib_a-e_sqrt.o)
                0x000000000000f9b8                __ieee754_sqrt
 .text.fabs     0x000000000000fb44        0x8 /usr/lib/gcc/arm-none-eabi/4.9.3/../../../arm-none-eabi/lib/armv7-m/libm.a(lib_a-s_fabs.o)
                0x000000000000fb44                fabs
 .text.finite   0x000000000000fb4c        0xc /usr/lib/gcc/arm-none-eabi/4.9.3/../../../arm-none-eabi/lib/armv7-m/libm.a(lib_a-s_finite.o)
                0x000000000000fb4c                finite
 .text.__fpclassifyd
                0x000000000000fb58       0x58 /usr/lib/gcc/arm-none-eabi/4.9.3/../../../arm-none-eabi/lib/armv7-m/libm.a(lib_a-s_fpclassify.o)
                0x000000000000fb58                __fpclassifyd
 .text.matherr  0x000000000000fbb0        0x4 /usr/lib/gcc/arm-none-eabi/4.9.3/../../../arm-none-eabi/lib/armv7-m/libm.a(lib_a-s_matherr.o)
                0x000000000000fbb0                matherr
 .text.nan      0x000000000000fbb4        0xc /usr/lib/gcc/arm-none-eabi/4.9.3/../../../arm-none-eabi/lib/armv7-m/libm.a(lib_a-s_nan.o)
                0x000000000000fbb4                nan
 .text.rint     0x000000000000fbc0      0x11c /usr/lib/gcc/arm-none-eabi/4.9.3/../../../arm-none-eabi/lib/armv7-m/libm.a(lib_a-s_rint.o)
                0x000000000000fbc0                rint
 .text.copysign
                0x000000000000fcdc       0x10 /usr/lib/gcc/arm-none-eabi/4.9.3/../../../arm-none-eabi/lib/armv7-m/libm.a(lib_a-s_copysign.o)
                0x000000000000fcdc                copysign
 .text          0x000000000000fcec      0x370 /usr/lib/gcc/arm-none-eabi/4.9.3/armv7-m/libgcc.a(_arm_addsubdf3.o)
                0x000000000000fcec                __aeabi_drsub
                0x000000000000fcf4                __aeabi_dsub
                0x000000000000fcf4                __subdf3
                0x000000000000fcf8                __adddf3
                0x000000000000fcf8                __aeabi_dadd
                0x000000000000ff70                __aeabi_ui2d
                0x000000000000ff70                __floatunsidf
                0x000000000000ff90                __floatsidf
                0x000000000000ff90                __aeabi_i2d
                0x000000000000ffb4                __extendsfdf2
                0x000000000000ffb4                __aeabi_f2d
                0x000000000000fff0                __aeabi_ul2d
                0x000000000000fff0                __floatundidf
                0x0000000000010000                __floatdidf
                0x0000000000010000                __aeabi_l2d
 .text          0x000000000001005c      0x424 /usr/lib/gcc/arm-none-eabi/4.9.3/armv7-m/libgcc.a(_arm_muldivdf3.o)
                0x000000000001005c                __aeabi_dmul
                0x000000000001005c                __muldf3
                0x00000000000102b0                __aeabi_ddiv
                0x00000000000102b0                __divdf3
 .text          0x0000000000010480      0x110 /usr/lib/gcc/arm-none-eabi/4.9.3/armv7-m/libgcc.a(_arm_cmpdf2.o)
                0x0000000000010480                __gtdf2
                0x0000000000010480                __gedf2
                0x0000000000010488                __ltdf2
                0x0000000000010488                __ledf2
                0x0000000000010490                __cmpdf2
                0x0000000000010490                __eqdf2
                0x0000000000010490                __nedf2
                0x000000000001050c                __aeabi_cdrcmple
                0x000000000001051c                __aeabi_cdcmple
                0x000000000001051c                __aeabi_cdcmpeq
                0x000000000001052c                __aeabi_dcmpeq
                0x0000000000010540                __aeabi_dcmplt
                0x0000000000010554                __aeabi_dcmple
                0x0000000000010568                __aeabi_dcmpge
                0x000000000001057c                __aeabi_dcmpgt
 .text          0x0000000000010590       0xa0 /usr/lib/gcc/arm-none-eabi/4.9.3/armv7-m/libgcc.a(_arm_truncdfsf2.o)
                0x0000000000010590                __aeabi_d2f
                0x0000000000010590                __truncdfsf2
 .text          0x0000000000010630      0x21c /usr/lib/gcc/arm-none-eabi/4.9.3/armv7-m/libgcc.a(_arm_addsubsf3.o)
                0x0000000000010630                __aeabi_frsub
                0x0000000000010638                __subsf3
                0x0000000000010638                __aeabi_fsub
                0x000000000001063c                __aeabi_fadd
                0x000000000001063c                __addsf3
                0x000000000001079c                __aeabi_ui2f
                0x000000000001079c                __floatunsisf
                0x00000000000107a4                __aeabi_i2f
                0x00000000000107a4                __floatsisf
                0x00000000000107c0                __floatundisf
                0x00000000000107c0                __aeabi_ul2f
                0x00000000000107d0                __floatdisf
                0x00000000000107d0                __aeabi_l2f
 .text          0x000000000001084c      0x2a0 /usr/lib/gcc/arm-none-eabi/4.9.3/armv7-m/libgcc.a(_arm_muldivsf3.o)
                0x000000000001084c                __mulsf3
                0x000000000001084c                __aeabi_fmul
                0x00000000000109b4                __divsf3
                0x00000000000109b4                __aeabi_fdiv
 .text          0x0000000000010aec       0x4c /usr/lib/gcc/arm-none-eabi/4.9.3/armv7-m/libgcc.a(_arm_fixsfsi.o)
                0x0000000000010aec                __fixsfsi
                0x0000000000010aec                __aeabi_f2iz
 .text          0x0000000000010b38       0x30 /usr/lib/gcc/arm-none-eabi/4.9.3/armv7-m/libgcc.a(_aeabi_uldivmod.o)
                0x0000000000010b38                __aeabi_uldivmod
 .text          0x0000000000010b68       0x60 /usr/lib/gcc/arm-none-eabi/4.9.3/armv7-m/libgcc.a(bpabi.o)
                0x0000000000010b68                __gnu_ldivmod_helper
                0x0000000000010b98                __gnu_uldivmod_helper
 .text          0x0000000000010bc8        0x4 /usr/lib/gcc/arm-none-eabi/4.9.3/armv7-m/libgcc.a(_dvmd_tls.o)
                0x0000000000010bc8                __aeabi_ldiv0
                0x0000000000010bc8                __aeabi_idiv0
 .text          0x0000000000010bcc      0x2ac /usr/lib/gcc/arm-none-eabi/4.9.3/armv7-m/libgcc.a(_divdi3.o)
                0x0000000000010bcc                __divdi3
 .text          0x0000000000010e78      0x270 /usr/lib/gcc/arm-none-eabi/4.9.3/armv7-m/libgcc.a(_udivdi3.o)
                0x0000000000010e78                __udivdi3
 .text.__errno  0x00000000000110e8        0xc /usr/lib/gcc/arm-none-eabi/4.9.3/../../../arm-none-eabi/lib/armv7-m/libc.a(lib_a-errno.o)
                0x00000000000110e8                __errno
 .text.memcmp   0x00000000000110f4       0x64 /usr/lib/gcc/arm-none-eabi/4.9.3/../../../arm-none-eabi/lib/armv7-m/libc.a(lib_a-memcmp.o)
                0x00000000000110f4                memcmp
 .text          0x0000000000011158       0xec /usr/lib/gcc/arm-none-eabi/4.9.3/../../../arm-none-eabi/lib/armv7-m/libc.a(lib_a-memcpy.o)
                0x0000000000011158                memcpy
 .text.memmove  0x0000000000011244       0xc8 /usr/lib/gcc/arm-none-eabi/4.9.3/../../../arm-none-eabi/lib/armv7-m/libc.a(lib_a-memmove.o)
                0x0000000000011244                memmove
 .text.memset   0x000000000001130c       0x9c /usr/lib/gcc/arm-none-eabi/4.9.3/../../../arm-none-eabi/lib/armv7-m/libc.a(lib_a-memset.o)
                0x000000000001130c                memset
 .text.strlen   0x00000000000113a8       0x5c /usr/lib/gcc/arm-none-eabi/4.9.3/../../../arm-none-eabi/lib/armv7-m/libc.a(lib_a-strlen.o)
                0x00000000000113a8                strlen
 *(SORT(.rodata*))
 *fill*         0x0000000000011404        0x4 00000000
 .rodata.dp_h   0x0000000000011408       0x10 /usr/lib/gcc/arm-none-eabi/4.9.3/../../../arm-none-eabi/lib/armv7-m/libm.a(lib_a-e_pow.o)
 .rodata.dp_l   0x0000000000011418       0x10 /usr/lib/gcc/arm-none-eabi/4.9.3/../../../arm-none-eabi/lib/armv7-m/libm.a(lib_a-e_pow.o)
 .rodata.bp     0x0000000000011428       0x10 /usr/lib/gcc/arm-none-eabi/4.9.3/../../../arm-none-eabi/lib/armv7-m/libm.a(lib_a-e_pow.o)
 .rodata.TWO52  0x0000000000011438       0x10 /usr/lib/gcc/arm-none-eabi/4.9.3/../../../arm-none-eabi/lib/armv7-m/libm.a(lib_a-s_rint.o)
 .rodata.autostart_processes
                0x0000000000011448        0x8 cc26xx-erase-flash.co
                0x0000000000011448                autostart_processes
 .rodata.str1.4
                0x0000000000011450       0x4e cc26xx-erase-flash.co
 *fill*         0x000000000001149e        0x2 00000000
 .rodata.str1.4
                0x00000000000114a0       0xee contiki-srf06-cc26xx.a(contiki-main.o)
 *fill*         0x000000000001158e        0x2 00000000
 .rodata.str1.4
                0x0000000000011590        0x8 contiki-srf06-cc26xx.a(sensors.o)
 .rodata.str1.4
                0x0000000000011598        0x7 contiki-srf06-cc26xx.a(bmp-280-sensor.)
 *fill*         0x000000000001159f        0x1 00000000
 .rodata.bmp_280_sensor
                0x00000000000115a0       0x10 contiki-srf06-cc26xx.a(bmp-280-sensor.)
                0x00000000000115a0                bmp_280_sensor
 .rodata.tmp_007_sensor
                0x00000000000115b0       0x10 contiki-srf06-cc26xx.a(tmp-007-sensor.)
                0x00000000000115b0                tmp_007_sensor