Archive member included to satisfy reference by file (symbol)

contiki-srf06-cc26xx.a(contiki-main.o)
                              obj_srf06-cc26xx/startup_gcc.o (main)
contiki-srf06-cc26xx.a(sensors.o)
                              cc26xx-data-collection.co (sensors_event)
contiki-srf06-cc26xx.a(leds.o)
                              contiki-srf06-cc26xx.a(contiki-main.o) (leds_init)
contiki-srf06-cc26xx.a(leds-arch.o)
                              contiki-srf06-cc26xx.a(leds.o) (leds_arch_init)
contiki-srf06-cc26xx.a(sensortag-senso)
                              contiki-srf06-cc26xx.a(sensors.o) (sensors_flags)
contiki-srf06-cc26xx.a(bmp-280-sensor.)
                              cc26xx-data-collection.co (bmp_280_sensor)
contiki-srf06-cc26xx.a(tmp-007-sensor.)
                              cc26xx-data-collection.co (tmp_007_sensor)
contiki-srf06-cc26xx.a(opt-3001-sensor)
                              cc26xx-data-collection.co (opt_3001_sensor)
contiki-srf06-cc26xx.a(hdc-1000-sensor)
                              cc26xx-data-collection.co (hdc_1000_sensor)
contiki-srf06-cc26xx.a(mpu-9250-sensor)
                              cc26xx-data-collection.co (mpu_9250_sensor)
contiki-srf06-cc26xx.a(button-sensor.o)
                              cc26xx-data-collection.co (button_right_sensor)
contiki-srf06-cc26xx.a(reed-relay.o)
                              cc26xx-data-collection.co (reed_relay_sensor)
contiki-srf06-cc26xx.a(buzzer.o)
                              cc26xx-data-collection.co (buzzer_state)
contiki-srf06-cc26xx.a(board.o)
                              contiki-srf06-cc26xx.a(contiki-main.o) (board_init)
contiki-srf06-cc26xx.a(board-i2c.o)
                              contiki-srf06-cc26xx.a(board.o) (board_i2c_wakeup)
contiki-srf06-cc26xx.a(cfs-coffee.o)
                              cc26xx-data-collection.co (cfs_open)
contiki-srf06-cc26xx.a(xmem.o)
                              contiki-srf06-cc26xx.a(cfs-coffee.o) (xmem_pread)
contiki-srf06-cc26xx.a(clock.o)
                              contiki-srf06-cc26xx.a(contiki-main.o) (clock_init)
contiki-srf06-cc26xx.a(rtimer-arch.o)
                              contiki-srf06-cc26xx.a(mpu-9250-sensor) (rtimer_arch_now)
contiki-srf06-cc26xx.a(soc-rtc.o)
                              contiki-srf06-cc26xx.a(contiki-main.o) (soc_rtc_init)
contiki-srf06-cc26xx.a(contiki-watchdo)
                              contiki-srf06-cc26xx.a(contiki-main.o) (watchdog_init)
contiki-srf06-cc26xx.a(putchar.o)
                              contiki-srf06-cc26xx.a(contiki-main.o) (putchar)
contiki-srf06-cc26xx.a(ieee-addr.o)
                              contiki-srf06-cc26xx.a(contiki-main.o) (ieee_addr_cpy_to)
contiki-srf06-cc26xx.a(batmon-sensor.o)
                              cc26xx-data-collection.co (batmon_sensor)
contiki-srf06-cc26xx.a(cc26xx-uart.o)
                              contiki-srf06-cc26xx.a(contiki-main.o) (cc26xx_uart_init)
contiki-srf06-cc26xx.a(lpm.o)
                              contiki-srf06-cc26xx.a(contiki-main.o) (lpm_drop)
contiki-srf06-cc26xx.a(gpio-interrupt.)
                              contiki-srf06-cc26xx.a(button-sensor.o) (gpio_interrupt_register_handler)
contiki-srf06-cc26xx.a(oscillators.o)
                              contiki-srf06-cc26xx.a(contiki-main.o) (oscillators_select_lf_xosc)
contiki-srf06-cc26xx.a(ieee-mode.o)
                              cc26xx-data-collection.co (ieee_mode_driver)
contiki-srf06-cc26xx.a(random.o)
                              contiki-srf06-cc26xx.a(contiki-main.o) (random_init)
contiki-srf06-cc26xx.a(soc-trng.o)
                              contiki-srf06-cc26xx.a(random.o) (soc_trng_rand_synchronous)
contiki-srf06-cc26xx.a(dbg-printf.o)
                              cc26xx-data-collection.co (printf)
contiki-srf06-cc26xx.a(strformat.o)
                              contiki-srf06-cc26xx.a(dbg-printf.o) (format_str_v)
contiki-srf06-cc26xx.a(autostart.o)
                              contiki-srf06-cc26xx.a(contiki-main.o) (autostart_start)
contiki-srf06-cc26xx.a(energest.o)
                              contiki-srf06-cc26xx.a(contiki-main.o) (energest_init)
contiki-srf06-cc26xx.a(ctimer.o)
                              contiki-srf06-cc26xx.a(contiki-main.o) (ctimer_init)
contiki-srf06-cc26xx.a(etimer.o)
                              contiki-srf06-cc26xx.a(clock.o) (etimer_request_poll)
contiki-srf06-cc26xx.a(process.o)
                              contiki-srf06-cc26xx.a(sensors.o) (process_alloc_event)
contiki-srf06-cc26xx.a(rtimer.o)
                              contiki-srf06-cc26xx.a(contiki-main.o) (rtimer_init)
contiki-srf06-cc26xx.a(timer.o)
                              contiki-srf06-cc26xx.a(button-sensor.o) (timer_set)
contiki-srf06-cc26xx.a(serial-line.o)
                              cc26xx-data-collection.co (serial_line_event_message)
contiki-srf06-cc26xx.a(list.o)
                              contiki-srf06-cc26xx.a(lpm.o) (list_init)
contiki-srf06-cc26xx.a(ringbuf.o)
[...]
Memory Configuration

Name             Origin             Length             Attributes
FLASH            0x0000000000000000 0x000000000001ffa8 xr
FLASH_CCFG       0x000000000001ffa8 0x0000000000000058 xr
SRAM             0x0000000020000000 0x0000000000005000 xrw
GPRAM            0x0000000011000000 0x0000000000002000 xrw
*default*        0x0000000000000000 0xffffffffffffffff

Linker script and memory map

LOAD obj_srf06-cc26xx/fault-handlers.o
LOAD obj_srf06-cc26xx/ccfg.o
LOAD obj_srf06-cc26xx/startup_gcc.o
LOAD cc26xx-data-collection.co
LOAD contiki-srf06-cc26xx.a
LOAD /usr/lib/gcc/arm-none-eabi/4.9.3/../../../arm-none-eabi/lib/armv7-m/libm.a
START GROUP
LOAD /usr/lib/gcc/arm-none-eabi/4.9.3/armv7-m/libgcc.a
LOAD /usr/lib/gcc/arm-none-eabi/4.9.3/../../../arm-none-eabi/lib/armv7-m/libc.a
END GROUP
                0x0000000020005000                _estack = (ORIGIN (SRAM) + LENGTH (SRAM))
                0x0000000000000000                _Min_Heap_Size = 0x0
                0x0000000000000100                _Min_Stack_Size = 0x100

.text           0x0000000000000000     0xd8fc
                0x0000000000000000                _text = .
 *(SORT(.vectors))
 .vectors       0x0000000000000000       0xc8 obj_srf06-cc26xx/startup_gcc.o
                0x0000000000000000                g_pfnVectors
 *(SORT(.text*))
 .text.value    0x00000000000000c8       0xb0 contiki-srf06-cc26xx.a(opt-3001-sensor)
 .text.value    0x0000000000000178       0x9c contiki-srf06-cc26xx.a(hdc-1000-sensor)
 *fill*         0x0000000000000214        0x4 00000000
 .text.value    0x0000000000000218      0x238 contiki-srf06-cc26xx.a(mpu-9250-sensor)
 .text.__ieee754_pow
                0x0000000000000450      0xaa0 /usr/lib/gcc/arm-none-eabi/4.9.3/../../../arm-none-eabi/lib/armv7-m/libm.a(lib_a-e_pow.o)
                0x0000000000000450                __ieee754_pow
 .text.scalbn   0x0000000000000ef0       0xf0 /usr/lib/gcc/arm-none-eabi/4.9.3/../../../arm-none-eabi/lib/armv7-m/libm.a(lib_a-s_scalbn.o)
                0x0000000000000ef0                scalbn
 .text.FaultISR
                0x0000000000000fe0       0x18 obj_srf06-cc26xx/fault-handlers.o
                0x0000000000000fe0                FaultISR
 .text.NmiSRHandler
                0x0000000000000ff8        0x4 obj_srf06-cc26xx/startup_gcc.o
                0x0000000000000ff8                NmiSR
 .text.IntDefaultHandler
                0x0000000000000ffc        0x4 obj_srf06-cc26xx/startup_gcc.o
                0x0000000000000ffc                SSI0IntHandler
                0x0000000000000ffc                SWEvent0IntHandler
                0x0000000000000ffc                uDMAIntHandler
                0x0000000000000ffc                WatchdogIntHandler
                0x0000000000000ffc                RFCHardwareIntHandler
                0x0000000000000ffc                Timer1BIntHandler
                0x0000000000000ffc                I2SIntHandler
                0x0000000000000ffc                Timer2BIntHandler
                0x0000000000000ffc                Timer2AIntHandler
                0x0000000000000ffc                Timer1AIntHandler
                0x0000000000000ffc                AONIntHandler
                0x0000000000000ffc                AUXSWEvent0IntHandler
                0x0000000000000ffc                AUXADCIntHandler
                0x0000000000000ffc                PendSVIntHandler
                0x0000000000000ffc                AUXSWEvent1IntHandler
                0x0000000000000ffc                SVCallIntHandler
                0x0000000000000ffc                MPUFaultIntHandler
                0x0000000000000ffc                SysTickIntHandler
                0x0000000000000ffc                BusFaultIntHandler
                0x0000000000000ffc                AONProgIntHandler
                0x0000000000000ffc                AUXCompAIntHandler
                0x0000000000000ffc                SSI1IntHandler
                0x0000000000000ffc                FlashIntHandler
                0x0000000000000ffc                uDMAErrIntHandler
                0x0000000000000ffc                UsageFaultIntHandler
                0x0000000000000ffc                RFCCmdAckIntHandler
                0x0000000000000ffc                CryptoIntHandler
                0x0000000000000ffc                Timer0AIntHandler
                0x0000000000000ffc                I2CIntHandler
                0x0000000000000ffc                DebugMonIntHandler
                0x0000000000000ffc                Timer0BIntHandler
                0x0000000000000ffc                AUXCombEventIntHandler
                0x0000000000000ffc                Timer3AIntHandler
                0x0000000000000ffc                DynProgIntHandler
                0x0000000000000ffc                Timer3BIntHandler
 .text.ResetISR
                0x0000000000001000       0x5c obj_srf06-cc26xx/startup_gcc.o
                0x0000000000001000                ResetISR
 .text.free_sink_busy_before
                0x000000000000105c       0x1c cc26xx-data-collection.co
 .text.free_sink_busy_after
                0x0000000000001078       0x14 cc26xx-data-collection.co
 .text.init_bmp_reading
                0x000000000000108c       0x10 cc26xx-data-collection.co
 .text.init_opt_reading
                0x000000000000109c       0x10 cc26xx-data-collection.co
 .text.init_tmp_reading
                0x00000000000010ac       0x10 cc26xx-data-collection.co
 .text.init_mpu_reading
                0x00000000000010bc       0x10 cc26xx-data-collection.co
 .text.get_mpu_reading
                0x00000000000010cc      0x108 cc26xx-data-collection.co
 .text.process_thread_cc26xx_data_collection_process
                0x00000000000011d4      0xbf4 cc26xx-data-collection.co
 .text.broadcast_recv
                0x0000000000001dc8      0x224 cc26xx-data-collection.co
 .text.process_thread_sync_data
                0x0000000000001fec      0x188 cc26xx-data-collection.co
 .text.fade     0x0000000000002174       0x64 contiki-srf06-cc26xx.a(contiki-main.o)
 .text.startup.main
                0x00000000000021d8      0x22c contiki-srf06-cc26xx.a(contiki-main.o)
                0x00000000000021d8                main
 .text.process_thread_sensors_process
                0x0000000000002404       0xf8 contiki-srf06-cc26xx.a(sensors.o)
 .text.sensors_changed
                0x00000000000024fc       0x50 contiki-srf06-cc26xx.a(sensors.o)
                0x00000000000024fc                sensors_changed
 .text.leds_init
                0x000000000000254c       0x14 contiki-srf06-cc26xx.a(leds.o)
                0x000000000000254c                leds_init
 .text.leds_on  0x0000000000002560       0x14 contiki-srf06-cc26xx.a(leds.o)
                0x0000000000002560                leds_on
 .text.leds_off
                0x0000000000002574       0x14 contiki-srf06-cc26xx.a(leds.o)
                0x0000000000002574                leds_off
 .text.leds_arch_init
                0x0000000000002588       0x38 contiki-srf06-cc26xx.a(leds-arch.o)
                0x0000000000002588                leds_arch_init
 .text.leds_arch_set
                0x00000000000025c0       0x34 contiki-srf06-cc26xx.a(leds-arch.o)
                0x00000000000025c0                leds_arch_set
 .text.status   0x00000000000025f4       0x14 contiki-srf06-cc26xx.a(bmp-280-sensor.)
 .text.notify_ready
                0x0000000000002608       0x14 contiki-srf06-cc26xx.a(bmp-280-sensor.)
 .text.enable_sensor
                0x000000000000261c       0x2c contiki-srf06-cc26xx.a(bmp-280-sensor.)
 .text.configure
                0x0000000000002648       0x94 contiki-srf06-cc26xx.a(bmp-280-sensor.)
 .text.value    0x00000000000026dc      0x15c contiki-srf06-cc26xx.a(bmp-280-sensor.)
 .text.status   0x0000000000002838       0x14 contiki-srf06-cc26xx.a(tmp-007-sensor.)
 .text.notify_ready
                0x000000000000284c       0x14 contiki-srf06-cc26xx.a(tmp-007-sensor.)
 .text.enable_sensor
                0x0000000000002860       0x2c contiki-srf06-cc26xx.a(tmp-007-sensor.)
 .text.configure
                0x000000000000288c       0x94 contiki-srf06-cc26xx.a(tmp-007-sensor.)
 .text.value    0x0000000000002920       0xec contiki-srf06-cc26xx.a(tmp-007-sensor.)
 .text.status   0x0000000000002a0c        0xc contiki-srf06-cc26xx.a(opt-3001-sensor)
 .text.enable_sensor
                0x0000000000002a18       0x44 contiki-srf06-cc26xx.a(opt-3001-sensor)
 .text.notify_ready
                0x0000000000002a5c       0x54 contiki-srf06-cc26xx.a(opt-3001-sensor)
 .text.configure
                0x0000000000002ab0       0x4c contiki-srf06-cc26xx.a(opt-3001-sensor)
 .text.status   0x0000000000002afc       0x14 contiki-srf06-cc26xx.a(hdc-1000-sensor)
 .text.notify_ready
                0x0000000000002b10       0x60 contiki-srf06-cc26xx.a(hdc-1000-sensor)
 .text.configure
                0x0000000000002b70       0xb8 contiki-srf06-cc26xx.a(hdc-1000-sensor)
 .text.acc_convert
                0x0000000000002c28       0x70 contiki-srf06-cc26xx.a(mpu-9250-sensor)
 .text.status   0x0000000000002c98       0x14 contiki-srf06-cc26xx.a(mpu-9250-sensor)
 .text.sensor_sleep
                0x0000000000002cac       0x38 contiki-srf06-cc26xx.a(mpu-9250-sensor)
 .text.set_bypass
                0x0000000000002ce4       0x5c contiki-srf06-cc26xx.a(mpu-9250-sensor)
 .text.int_status
                0x0000000000002d40       0x28 contiki-srf06-cc26xx.a(mpu-9250-sensor)
 .text.configure
                0x0000000000002d68       0xdc contiki-srf06-cc26xx.a(mpu-9250-sensor)
 .text.notify_ready
                0x0000000000002e44       0x14 contiki-srf06-cc26xx.a(mpu-9250-sensor)
 .text.mag_read
                0x0000000000002e58      0x13c contiki-srf06-cc26xx.a(mpu-9250-sensor)
                0x0000000000002e58                mag_read
 .text.mag_init
                0x0000000000002f94       0xcc contiki-srf06-cc26xx.a(mpu-9250-sensor)
                0x0000000000002f94                mag_init
 .text.initialise
                0x0000000000003060      0x1a8 contiki-srf06-cc26xx.a(mpu-9250-sensor)
 .text.status.part.0
                0x0000000000003208       0x14 contiki-srf06-cc26xx.a(button-sensor.o)
 .text.value_left
                0x000000000000321c       0x24 contiki-srf06-cc26xx.a(button-sensor.o)
 .text.value_right
                0x0000000000003240       0x24 contiki-srf06-cc26xx.a(button-sensor.o)
 .text.status_left
                0x0000000000003264       0x10 contiki-srf06-cc26xx.a(button-sensor.o)
 .text.status_right
                0x0000000000003274       0x10 contiki-srf06-cc26xx.a(button-sensor.o)
 .text.config_buttons
                0x0000000000003284       0x84 contiki-srf06-cc26xx.a(button-sensor.o)
 .text.config_left
                0x0000000000003308        0xc contiki-srf06-cc26xx.a(button-sensor.o)
 .text.config_right
                0x0000000000003314        0xc contiki-srf06-cc26xx.a(button-sensor.o)
 .text.button_press_handler
                0x0000000000003320       0x98 contiki-srf06-cc26xx.a(button-sensor.o)
 .text.value    0x00000000000033b8       0x10 contiki-srf06-cc26xx.a(reed-relay.o)
 .text.status   0x00000000000033c8       0x20 contiki-srf06-cc26xx.a(reed-relay.o)
 .text.configure
                0x00000000000033e8       0x6c contiki-srf06-cc26xx.a(reed-relay.o)
 .text.reed_interrupt_handler
                0x0000000000003454       0x28 contiki-srf06-cc26xx.a(reed-relay.o)
 .text.buzzer_init
                0x000000000000347c        0xc contiki-srf06-cc26xx.a(buzzer.o)
                0x000000000000347c                buzzer_init
 .text.buzzer_state
                0x0000000000003488        0xc contiki-srf06-cc26xx.a(buzzer.o)
                0x0000000000003488                buzzer_state
 .text.buzzer_start
                0x0000000000003494       0xa4 contiki-srf06-cc26xx.a(buzzer.o)
                0x0000000000003494                buzzer_start
 .text.buzzer_stop
                0x0000000000003538       0x74 contiki-srf06-cc26xx.a(buzzer.o)
                0x0000000000003538                buzzer_stop
 .text.power_domains_on
                0x00000000000035ac       0x20 contiki-srf06-cc26xx.a(board.o)
 .text.lpm_wakeup_handler
                0x00000000000035cc        0x4 contiki-srf06-cc26xx.a(board.o)
 .text.shutdown_handler
                0x00000000000035d0       0x68 contiki-srf06-cc26xx.a(board.o)
 .text.board_init
                0x0000000000003638      0x118 contiki-srf06-cc26xx.a(board.o)
                0x0000000000003638                board_init
 .text.i2c_status
                0x0000000000003750       0x34 contiki-srf06-cc26xx.a(board-i2c.o)
 .text.accessible
                0x0000000000003784       0x24 contiki-srf06-cc26xx.a(board-i2c.o)
 .text.board_i2c_wakeup
                0x00000000000037a8       0x5c contiki-srf06-cc26xx.a(board-i2c.o)
                0x00000000000037a8                board_i2c_wakeup
 .text.board_i2c_shutdown
                0x0000000000003804       0xa4 contiki-srf06-cc26xx.a(board-i2c.o)
                0x0000000000003804                board_i2c_shutdown
 .text.board_i2c_write
                0x00000000000038a8      0x138 contiki-srf06-cc26xx.a(board-i2c.o)
                0x00000000000038a8                board_i2c_write
 .text.board_i2c_write_single
                0x00000000000039e0       0x70 contiki-srf06-cc26xx.a(board-i2c.o)
                0x00000000000039e0                board_i2c_write_single
 .text.board_i2c_read
                0x0000000000003a50      0x118 contiki-srf06-cc26xx.a(board-i2c.o)
                0x0000000000003a50                board_i2c_read
 .text.board_i2c_write_read
                0x0000000000003b68      0x1cc contiki-srf06-cc26xx.a(board-i2c.o)
                0x0000000000003b68                board_i2c_write_read
 .text.board_i2c_select
                0x0000000000003d34       0xdc contiki-srf06-cc26xx.a(board-i2c.o)
                0x0000000000003d34                board_i2c_select
 .text.find_contiguous_pages
                0x0000000000003e10       0xac contiki-srf06-cc26xx.a(cfs-coffee.o)
 .text.file_end
                0x0000000000003ebc       0x64 contiki-srf06-cc26xx.a(cfs-coffee.o)
 .text.read_log_page
                0x0000000000003f20      0x170 contiki-srf06-cc26xx.a(cfs-coffee.o)
 .text.load_file.isra.1
                0x0000000000004090       0x54 contiki-srf06-cc26xx.a(cfs-coffee.o)
 .text.find_file
                0x00000000000040e4       0xcc contiki-srf06-cc26xx.a(cfs-coffee.o)
 .text.remove_by_page.isra.3
                0x00000000000041b0       0xc0 contiki-srf06-cc26xx.a(cfs-coffee.o)
 .text.cfs_close.part.6
                0x0000000000004270       0x20 contiki-srf06-cc26xx.a(cfs-coffee.o)
 .text.reserve  0x0000000000004290      0x2f4 contiki-srf06-cc26xx.a(cfs-coffee.o)
 .text.cfs_open
                0x0000000000004584       0xac contiki-srf06-cc26xx.a(cfs-coffee.o)
                0x0000000000004584                cfs_open
 .text.cfs_close
                0x0000000000004630       0x1c contiki-srf06-cc26xx.a(cfs-coffee.o)
                0x0000000000004630                cfs_close
 .text.cfs_seek
                0x000000000000464c       0x6c contiki-srf06-cc26xx.a(cfs-coffee.o)
                0x000000000000464c                cfs_seek
 .text.cfs_remove
                0x00000000000046b8       0x20 contiki-srf06-cc26xx.a(cfs-coffee.o)
                0x00000000000046b8                cfs_remove
 .text.cfs_read
                0x00000000000046d8      0x104 contiki-srf06-cc26xx.a(cfs-coffee.o)
                0x00000000000046d8                cfs_read
 .text.merge_log
                0x00000000000047dc      0x1b0 contiki-srf06-cc26xx.a(cfs-coffee.o)
 .text.cfs_write
                0x000000000000498c      0x40c contiki-srf06-cc26xx.a(cfs-coffee.o)
                0x000000000000498c                cfs_write
 .text.cfs_coffee_reserve
                0x0000000000004d98       0x1c contiki-srf06-cc26xx.a(cfs-coffee.o)
                0x0000000000004d98                cfs_coffee_reserve
 .text.xmem_pread
                0x0000000000004db4       0x48 contiki-srf06-cc26xx.a(xmem.o)
                0x0000000000004db4                xmem_pread
 .text.xmem_pwrite
                0x0000000000004dfc       0x7c contiki-srf06-cc26xx.a(xmem.o)
                0x0000000000004dfc                xmem_pwrite
 .text.xmem_erase
                0x0000000000004e78       0x40 contiki-srf06-cc26xx.a(xmem.o)
                0x0000000000004e78                xmem_erase
 .text.power_domain_on
                0x0000000000004eb8       0x20 contiki-srf06-cc26xx.a(clock.o)
 .text.clock_init
                0x0000000000004ed8       0x98 contiki-srf06-cc26xx.a(clock.o)
                0x0000000000004ed8                clock_init
 .text.clock_time
                0x0000000000004f70       0x34 contiki-srf06-cc26xx.a(clock.o)
                0x0000000000004f70                clock_time
 .text.clock_update
                0x0000000000004fa4       0x3c contiki-srf06-cc26xx.a(clock.o)
                0x0000000000004fa4                clock_update
 .text.clock_seconds
                0x0000000000004fe0       0x18 contiki-srf06-cc26xx.a(clock.o)
                0x0000000000004fe0                clock_seconds
 .text.rtimer_arch_init
                0x0000000000004ff8        0x4 contiki-srf06-cc26xx.a(rtimer-arch.o)
                0x0000000000004ff8                rtimer_arch_init
 .text.rtimer_arch_schedule
                0x0000000000004ffc        0x8 contiki-srf06-cc26xx.a(rtimer-arch.o)
                0x0000000000004ffc                rtimer_arch_schedule
 .text.rtimer_arch_now
                0x0000000000005004        0x4 contiki-srf06-cc26xx.a(rtimer-arch.o)
                0x0000000000005004                rtimer_arch_now
 .text.soc_rtc_init
                0x0000000000005008       0xa0 contiki-srf06-cc26xx.a(soc-rtc.o)
                0x0000000000005008                soc_rtc_init
 .text.soc_rtc_schedule_one_shot
                0x00000000000050a8       0x70 contiki-srf06-cc26xx.a(soc-rtc.o)
                0x00000000000050a8                soc_rtc_schedule_one_shot
 .text.soc_rtc_last_isr_time
                0x0000000000005118        0xc contiki-srf06-cc26xx.a(soc-rtc.o)
                0x0000000000005118                soc_rtc_last_isr_time
 .text.AONRTCIntHandler
                0x0000000000005124       0x88 contiki-srf06-cc26xx.a(soc-rtc.o)
                0x0000000000005124                AONRTCIntHandler
 .text.lock_config
                0x00000000000051ac       0x18 contiki-srf06-cc26xx.a(contiki-watchdo)
 .text.unlock_config
                0x00000000000051c4       0x2c contiki-srf06-cc26xx.a(contiki-watchdo)
 .text.watchdog_init
                0x00000000000051f0       0x1c contiki-srf06-cc26xx.a(contiki-watchdo)
                0x00000000000051f0                watchdog_init
 .text.watchdog_start
                0x000000000000520c       0x30 contiki-srf06-cc26xx.a(contiki-watchdo)
                0x000000000000520c                watchdog_start
 .text.watchdog_periodic
                0x000000000000523c       0x1c contiki-srf06-cc26xx.a(contiki-watchdo)
                0x000000000000523c                watchdog_periodic
 .text.watchdog_reboot
                0x0000000000005258        0x8 contiki-srf06-cc26xx.a(contiki-watchdo)
                0x0000000000005258                watchdog_reboot
 .text.putchar  0x0000000000005260       0x10 contiki-srf06-cc26xx.a(putchar.o)
                0x0000000000005260                putchar
 .text.puts     0x0000000000005270       0x30 contiki-srf06-cc26xx.a(putchar.o)
                0x0000000000005270                puts
 .text.dbg_send_bytes
                0x00000000000052a0       0x40 contiki-srf06-cc26xx.a(putchar.o)
                0x00000000000052a0                dbg_send_bytes
 .text.ieee_addr_cpy_to
                0x00000000000052e0       0x40 contiki-srf06-cc26xx.a(ieee-addr.o)
                0x00000000000052e0                ieee_addr_cpy_to
 .text.configure
                0x0000000000005320       0x34 contiki-srf06-cc26xx.a(batmon-sensor.o)
 .text.status   0x0000000000005354       0x14 contiki-srf06-cc26xx.a(batmon-sensor.o)
 .text.value    0x0000000000005368       0x24 contiki-srf06-cc26xx.a(batmon-sensor.o)
 .text.power_and_clock
                0x000000000000538c       0x40 contiki-srf06-cc26xx.a(cc26xx-uart.o)
 .text.enable   0x00000000000053cc       0xf4 contiki-srf06-cc26xx.a(cc26xx-uart.o)
 .text.accessible
                0x00000000000054c0       0x24 contiki-srf06-cc26xx.a(cc26xx-uart.o)
 .text.lpm_drop_handler
                0x00000000000054e4       0xcc contiki-srf06-cc26xx.a(cc26xx-uart.o)
 .text.cc26xx_uart_init
                0x00000000000055b0       0x28 contiki-srf06-cc26xx.a(cc26xx-uart.o)
                0x00000000000055b0                cc26xx_uart_init
 .text.cc26xx_uart_write_byte
                0x00000000000055d8       0x28 contiki-srf06-cc26xx.a(cc26xx-uart.o)
                0x00000000000055d8                cc26xx_uart_write_byte
 .text.cc26xx_uart_set_input
                0x0000000000005600       0x64 contiki-srf06-cc26xx.a(cc26xx-uart.o)
                0x0000000000005600                cc26xx_uart_set_input
 .text.cc26xx_uart_busy
                0x0000000000005664       0x18 contiki-srf06-cc26xx.a(cc26xx-uart.o)
                0x0000000000005664                cc26xx_uart_busy
 .text.UART0IntHandler
                0x000000000000567c       0x54 contiki-srf06-cc26xx.a(cc26xx-uart.o)
                0x000000000000567c                UART0IntHandler
 .text.lpm_sleep
                0x00000000000056d0       0x14 contiki-srf06-cc26xx.a(lpm.o)
                0x00000000000056d0                lpm_sleep
 .text.lpm_drop
                0x00000000000056e4      0x25c contiki-srf06-cc26xx.a(lpm.o)
                0x00000000000056e4                lpm_drop
 .text.lpm_register_module
                0x0000000000005940        0xc contiki-srf06-cc26xx.a(lpm.o)
                0x0000000000005940                lpm_register_module
 .text.lpm_unregister_module
                0x000000000000594c        0xc contiki-srf06-cc26xx.a(lpm.o)
                0x000000000000594c                lpm_unregister_module
 .text.lpm_init
                0x0000000000005958       0x20 contiki-srf06-cc26xx.a(lpm.o)
                0x0000000000005958                lpm_init
 .text.lpm_pin_set_default_state
                0x0000000000005978       0x2c contiki-srf06-cc26xx.a(lpm.o)
                0x0000000000005978                lpm_pin_set_default_state
 .text.gpio_interrupt_register_handler
                0x00000000000059a4       0x2c contiki-srf06-cc26xx.a(gpio-interrupt.)
                0x00000000000059a4                gpio_interrupt_register_handler
 .text.gpio_interrupt_init
                0x00000000000059d0       0x24 contiki-srf06-cc26xx.a(gpio-interrupt.)
                0x00000000000059d0                gpio_interrupt_init
 .text.GPIOIntHandler
                0x00000000000059f4       0x30 contiki-srf06-cc26xx.a(gpio-interrupt.)
                0x00000000000059f4                GPIOIntHandler
 .text.oscillators_select_lf_xosc
                0x0000000000005a24       0x50 contiki-srf06-cc26xx.a(oscillators.o)
                0x0000000000005a24                oscillators_select_lf_xosc
 .text.oscillators_request_hf_xosc
                0x0000000000005a74       0x30 contiki-srf06-cc26xx.a(oscillators.o)
                0x0000000000005a74                oscillators_request_hf_xosc
 .text.oscillators_switch_to_hf_xosc
                0x0000000000005aa4       0x34 contiki-srf06-cc26xx.a(oscillators.o)
                0x0000000000005aa4                oscillators_switch_to_hf_xosc
 .text.oscillators_switch_to_hf_rc
                0x0000000000005ad8       0x38 contiki-srf06-cc26xx.a(oscillators.o)
                0x0000000000005ad8                oscillators_switch_to_hf_rc
 .text.request  0x0000000000005b10       0x20 contiki-srf06-cc26xx.a(ieee-mode.o)
 .text.rx_on    0x0000000000005b30       0x60 contiki-srf06-cc26xx.a(ieee-mode.o)
 .text.prepare  0x0000000000005b90       0x1c contiki-srf06-cc26xx.a(ieee-mode.o)
 .text.rf_radio_setup
                0x0000000000005bac       0x64 contiki-srf06-cc26xx.a(ieee-mode.o)
 .text.soft_on  0x0000000000005c10       0x18 contiki-srf06-cc26xx.a(ieee-mode.o)
 .text.pending_packet
                0x0000000000005c28       0x48 contiki-srf06-cc26xx.a(ieee-mode.o)
 .text.soft_off
                0x0000000000005c70       0x44 contiki-srf06-cc26xx.a(ieee-mode.o)
 .text.get_object
                0x0000000000005cb4       0x4c contiki-srf06-cc26xx.a(ieee-mode.o)
 .text.transmitting
                0x0000000000005d00       0x4c contiki-srf06-cc26xx.a(ieee-mode.o)
 .text.rx_off   0x0000000000005d4c       0x6c contiki-srf06-cc26xx.a(ieee-mode.o)
 .text.set_object
                0x0000000000005db8       0x60 contiki-srf06-cc26xx.a(ieee-mode.o)
 .text.get_cca_info
                0x0000000000005e18       0x50 contiki-srf06-cc26xx.a(ieee-mode.o)
 .text.check_rat_overflow
                0x0000000000005e68       0x80 contiki-srf06-cc26xx.a(ieee-mode.o)
 .text.receiving_packet
                0x0000000000005ee8       0x34 contiki-srf06-cc26xx.a(ieee-mode.o)
 .text.off      0x0000000000005f1c       0x6c contiki-srf06-cc26xx.a(ieee-mode.o)
 .text.on       0x0000000000005f88       0xac contiki-srf06-cc26xx.a(ieee-mode.o)
 .text.set_value
                0x0000000000006034      0x168 contiki-srf06-cc26xx.a(ieee-mode.o)
 .text.get_value
                0x000000000000619c      0x188 contiki-srf06-cc26xx.a(ieee-mode.o)
 .text.transmit
                0x0000000000006324       0xec contiki-srf06-cc26xx.a(ieee-mode.o)
 .text.send     0x0000000000006410       0x24 contiki-srf06-cc26xx.a(ieee-mode.o)
 .text.channel_clear
                0x0000000000006434       0x68 contiki-srf06-cc26xx.a(ieee-mode.o)
 .text.read_frame
                0x000000000000649c      0x1a0 contiki-srf06-cc26xx.a(ieee-mode.o)
 .text.handle_rat_overflow
                0x000000000000663c       0x60 contiki-srf06-cc26xx.a(ieee-mode.o)
 .text.init     0x000000000000669c      0x118 contiki-srf06-cc26xx.a(ieee-mode.o)
 .text.random_rand
                0x00000000000067b4        0xc contiki-srf06-cc26xx.a(random.o)
                0x00000000000067b4                random_rand
 .text.random_init
                0x00000000000067c0        0x4 contiki-srf06-cc26xx.a(random.o)
                0x00000000000067c0                random_init
 .text.power_up
                0x00000000000067c4       0x40 contiki-srf06-cc26xx.a(soc-trng.o)
 .text.request  0x0000000000006804       0x14 contiki-srf06-cc26xx.a(soc-trng.o)
 .text.process_thread_soc_trng_process
                0x0000000000006818       0x94 contiki-srf06-cc26xx.a(soc-trng.o)
 .text.accessible
                0x00000000000068ac       0x24 contiki-srf06-cc26xx.a(soc-trng.o)
 .text.soc_trng_rand_synchronous
                0x00000000000068d0       0xc4 contiki-srf06-cc26xx.a(soc-trng.o)
                0x00000000000068d0                soc_trng_rand_synchronous
 .text.TRNGIntHandler
                0x0000000000006994       0x50 contiki-srf06-cc26xx.a(soc-trng.o)
                0x0000000000006994                TRNGIntHandler
 .text.soc_trng_init
                0x00000000000069e4       0x28 contiki-srf06-cc26xx.a(soc-trng.o)
                0x00000000000069e4                soc_trng_init
 .text.write_str
                0x0000000000006a0c       0x14 contiki-srf06-cc26xx.a(dbg-printf.o)
 .text.printf   0x0000000000006a20       0x24 contiki-srf06-cc26xx.a(dbg-printf.o)
                0x0000000000006a20                printf
 .text.fill_space
                0x0000000000006a44       0x3c contiki-srf06-cc26xx.a(strformat.o)
 .text.format_str_v
                0x0000000000006a80      0x95c contiki-srf06-cc26xx.a(strformat.o)
                0x0000000000006a80                format_str_v
 .text.autostart_start
                0x00000000000073dc       0x18 contiki-srf06-cc26xx.a(autostart.o)
                0x00000000000073dc                autostart_start
 .text.energest_init
                0x00000000000073f4        0x4 contiki-srf06-cc26xx.a(energest.o)
                0x00000000000073f4                energest_init
 .text.process_thread_ctimer_process
                0x00000000000073f8       0x94 contiki-srf06-cc26xx.a(ctimer.o)
 .text.ctimer_init
                0x000000000000748c       0x28 contiki-srf06-cc26xx.a(ctimer.o)
                0x000000000000748c                ctimer_init
 .text.ctimer_set_with_process
                0x00000000000074b4       0x4c contiki-srf06-cc26xx.a(ctimer.o)
                0x00000000000074b4                ctimer_set_with_process
 .text.ctimer_set
                0x0000000000007500       0x18 contiki-srf06-cc26xx.a(ctimer.o)
                0x0000000000007500                ctimer_set
 .text.ctimer_stop
                0x0000000000007518       0x34 contiki-srf06-cc26xx.a(ctimer.o)
                0x0000000000007518                ctimer_stop
 .text.update_time
                0x000000000000754c       0x44 contiki-srf06-cc26xx.a(etimer.o)
 .text.process_thread_etimer_process
                0x0000000000007590       0xc8 contiki-srf06-cc26xx.a(etimer.o)
 .text.add_timer
                0x0000000000007658       0x54 contiki-srf06-cc26xx.a(etimer.o)
 .text.etimer_request_poll
                0x00000000000076ac        0xc contiki-srf06-cc26xx.a(etimer.o)
                0x00000000000076ac                etimer_request_poll
 .text.etimer_set
                0x00000000000076b8       0x14 contiki-srf06-cc26xx.a(etimer.o)
                0x00000000000076b8                etimer_set
 .text.etimer_reset
                0x00000000000076cc       0x14 contiki-srf06-cc26xx.a(etimer.o)
                0x00000000000076cc                etimer_reset
 .text.etimer_expired
                0x00000000000076e0        0xc contiki-srf06-cc26xx.a(etimer.o)
                0x00000000000076e0                etimer_expired
 .text.etimer_pending
                0x00000000000076ec       0x10 contiki-srf06-cc26xx.a(etimer.o)
                0x00000000000076ec                etimer_pending
 .text.etimer_next_expiration_time
                0x00000000000076fc       0x14 contiki-srf06-cc26xx.a(etimer.o)
                0x00000000000076fc                etimer_next_expiration_time
 .text.etimer_stop
                0x0000000000007710       0x4c contiki-srf06-cc26xx.a(etimer.o)
                0x0000000000007710                etimer_stop
 .text.exit_process
                0x000000000000775c       0xb0 contiki-srf06-cc26xx.a(process.o)
 .text.call_process.part.0
                0x000000000000780c       0x38 contiki-srf06-cc26xx.a(process.o)
 .text.do_poll  0x0000000000007844       0x3c contiki-srf06-cc26xx.a(process.o)
 .text.process_alloc_event
                0x0000000000007880       0x10 contiki-srf06-cc26xx.a(process.o)
                0x0000000000007880                process_alloc_event
 .text.process_init
                0x0000000000007890       0x34 contiki-srf06-cc26xx.a(process.o)
                0x0000000000007890                process_init
 .text.process_run
                0x00000000000078c4       0xac contiki-srf06-cc26xx.a(process.o)
                0x00000000000078c4                process_run
 .text.process_nevents
                0x0000000000007970       0x14 contiki-srf06-cc26xx.a(process.o)
                0x0000000000007970                process_nevents
 .text.process_post
                0x0000000000007984       0x40 contiki-srf06-cc26xx.a(process.o)
                0x0000000000007984                process_post
 .text.process_post_synch
                0x00000000000079c4       0x18 contiki-srf06-cc26xx.a(process.o)
                0x00000000000079c4                process_post_synch
 .text.process_start
                0x00000000000079dc       0x40 contiki-srf06-cc26xx.a(process.o)
                0x00000000000079dc                process_start
 .text.process_poll
                0x0000000000007a1c       0x18 contiki-srf06-cc26xx.a(process.o)
                0x0000000000007a1c                process_poll
 .text.rtimer_init
                0x0000000000007a34        0x4 contiki-srf06-cc26xx.a(rtimer.o)
                0x0000000000007a34                rtimer_init
 .text.rtimer_run_next
                0x0000000000007a38       0x28 contiki-srf06-cc26xx.a(rtimer.o)
                0x0000000000007a38                rtimer_run_next
 .text.timer_set
                0x0000000000007a60       0x10 contiki-srf06-cc26xx.a(timer.o)
                0x0000000000007a60                timer_set
 .text.timer_reset
                0x0000000000007a70        0xc contiki-srf06-cc26xx.a(timer.o)
                0x0000000000007a70                timer_reset
 .text.timer_expired
                0x0000000000007a7c       0x1c contiki-srf06-cc26xx.a(timer.o)
                0x0000000000007a7c                timer_expired
 .text.process_thread_serial_line_process
                0x0000000000007a98       0xac contiki-srf06-cc26xx.a(serial-line.o)
 .text.serial_line_input_byte
                0x0000000000007b44       0x54 contiki-srf06-cc26xx.a(serial-line.o)
                0x0000000000007b44                serial_line_input_byte
 .text.serial_line_init
                0x0000000000007b98       0x24 contiki-srf06-cc26xx.a(serial-line.o)
                0x0000000000007b98                serial_line_init
 .text.list_init
                0x0000000000007bbc        0x8 contiki-srf06-cc26xx.a(list.o)
                0x0000000000007bbc                list_init
 .text.list_head
                0x0000000000007bc4        0x4 contiki-srf06-cc26xx.a(list.o)
                0x0000000000007bc4                list_head
 .text.list_add
                0x0000000000007bc8       0x48 contiki-srf06-cc26xx.a(list.o)
                0x0000000000007bc8                list_add
 .text.list_push
                0x0000000000007c10       0x40 contiki-srf06-cc26xx.a(list.o)
                0x0000000000007c10                list_push
 .text.list_remove
                0x0000000000007c50       0x2c contiki-srf06-cc26xx.a(list.o)
                0x0000000000007c50                list_remove
 .text.list_length
                0x0000000000007c7c       0x14 contiki-srf06-cc26xx.a(list.o)
                0x0000000000007c7c                list_length
 .text.list_item_next
                0x0000000000007c90        0x8 contiki-srf06-cc26xx.a(list.o)
                0x0000000000007c90                list_item_next
 .text.ringbuf_init
                0x0000000000007c98       0x10 contiki-srf06-cc26xx.a(ringbuf.o)
                0x0000000000007c98                ringbuf_init
 .text.ringbuf_put
                0x0000000000007ca8       0x30 contiki-srf06-cc26xx.a(ringbuf.o)
                0x0000000000007ca8                ringbuf_put
 .text.ringbuf_get
                0x0000000000007cd8       0x28 contiki-srf06-cc26xx.a(ringbuf.o)
                0x0000000000007cd8                ringbuf_get
 .text.sent_by_abc
                0x0000000000007d00        0xc contiki-srf06-cc26xx.a(broadcast.o)
 .text.recv_from_abc
                0x0000000000007d0c       0x24 contiki-srf06-cc26xx.a(broadcast.o)
 .text.broadcast_open
                0x0000000000007d30       0x24 contiki-srf06-cc26xx.a(broadcast.o)
                0x0000000000007d30                broadcast_open
 .text.broadcast_close
                0x0000000000007d54        0x4 contiki-srf06-cc26xx.a(broadcast.o)
                0x0000000000007d54                broadcast_close
 .text.broadcast_send
                0x0000000000007d58       0x1c contiki-srf06-cc26xx.a(broadcast.o)
                0x0000000000007d58                broadcast_send
 .text.channel_init
                0x0000000000007d74        0xc contiki-srf06-cc26xx.a(channel.o)
                0x0000000000007d74                channel_init
 .text.channel_open
                0x0000000000007d80       0x10 contiki-srf06-cc26xx.a(channel.o)
                0x0000000000007d80                channel_open
 .text.channel_close
                0x0000000000007d90        0xc contiki-srf06-cc26xx.a(channel.o)
                0x0000000000007d90                channel_close
 .text.channel_lookup
                0x0000000000007d9c       0x30 contiki-srf06-cc26xx.a(channel.o)
                0x0000000000007d9c                channel_lookup
 .text.channel_set_attributes
                0x0000000000007dcc       0x18 contiki-srf06-cc26xx.a(channel.o)
                0x0000000000007dcc                channel_set_attributes
 .text.packet_sent
                0x0000000000007de4       0x38 contiki-srf06-cc26xx.a(rime.o)
 .text.input    0x0000000000007e1c       0x38 contiki-srf06-cc26xx.a(rime.o)
 .text.init     0x0000000000007e54       0x28 contiki-srf06-cc26xx.a(rime.o)
 .text.rime_output
                0x0000000000007e7c       0x24 contiki-srf06-cc26xx.a(rime.o)
                0x0000000000007e7c                rime_output
 .text.NOROM_PowerCtrlSourceSet
                0x0000000000007ea0       0x30 contiki-srf06-cc26xx.a(pwr_ctrl.o)
                0x0000000000007ea0                NOROM_PowerCtrlSourceSet
 .text.TrimAfterColdResetWakeupFromShutDown
                0x0000000000007ed0       0xe4 contiki-srf06-cc26xx.a(setup.o)
 .text.NOROM_SetupTrimDevice
                0x0000000000007fb4       0xa4 contiki-srf06-cc26xx.a(setup.o)
                0x0000000000007fb4                NOROM_SetupTrimDevice
 .text.NOROM_AONRTCCurrentCompareValueGet
                0x0000000000008058       0x24 contiki-srf06-cc26xx.a(aon_rtc.o)
                0x0000000000008058                NOROM_AONRTCCurrentCompareValueGet
 .text.NOROM_OSCClockSourceSet
                0x000000000000807c       0x50 contiki-srf06-cc26xx.a(osc.o)
                0x000000000000807c                NOROM_OSCClockSourceSet
 .text.NOROM_OSCClockSourceGet
                0x00000000000080cc       0x24 contiki-srf06-cc26xx.a(osc.o)
                0x00000000000080cc                NOROM_OSCClockSourceGet
 .text.NOROM_AONBatMonTemperatureGetDegC
                0x00000000000080f0       0x30 contiki-srf06-cc26xx.a(aon_batmon.o)
                0x00000000000080f0                NOROM_AONBatMonTemperatureGetDegC
 .text.NOROM_SysCtrlSetRechargeBeforePowerDown
                0x0000000000008120      0x274 contiki-srf06-cc26xx.a(sys_ctrl.o)
                0x0000000000008120                NOROM_SysCtrlSetRechargeBeforePowerDown
 .text.NOROM_SysCtrlAdjustRechargeAfterPowerDown
                0x0000000000008394       0x64 contiki-srf06-cc26xx.a(sys_ctrl.o)
                0x0000000000008394                NOROM_SysCtrlAdjustRechargeAfterPowerDown
 .text.NOROM_SysCtrl_DCDC_VoltageConditionalControl
                0x00000000000083f8       0x7c contiki-srf06-cc26xx.a(sys_ctrl.o)
                0x00000000000083f8                NOROM_SysCtrl_DCDC_VoltageConditionalControl
 .text.SafeHapiVoid
                0x0000000000008474       0x2c contiki-srf06-cc26xx.a(adi.o)
                0x0000000000008474                SafeHapiVoid
 .text.NOROM_CPUcpsid
                0x00000000000084a0        0x8 contiki-srf06-cc26xx.a(cpu.o)
                0x00000000000084a0                NOROM_CPUcpsid
 .text.NOROM_CPUcpsie
                0x00000000000084a8        0x8 contiki-srf06-cc26xx.a(cpu.o)
                0x00000000000084a8                NOROM_CPUcpsie
 .text.NOROM_CPUdelay
                0x00000000000084b0        0x8 contiki-srf06-cc26xx.a(cpu.o)
                0x00000000000084b0                NOROM_CPUdelay
 .text.NOROM_DDI32RegWrite
                0x00000000000084b8       0x34 contiki-srf06-cc26xx.a(ddi.o)
                0x00000000000084b8                NOROM_DDI32RegWrite
 .text.NOROM_DDI16BitfieldWrite
                0x00000000000084ec       0x4c contiki-srf06-cc26xx.a(ddi.o)
                0x00000000000084ec                NOROM_DDI16BitfieldWrite
 .text.NOROM_DDI16BitfieldRead
                0x0000000000008538       0x48 contiki-srf06-cc26xx.a(ddi.o)
                0x0000000000008538                NOROM_DDI16BitfieldRead
 .text.NOROM_ChipInfo_GetSupportedProtocol_BV
                0x0000000000008580       0x10 contiki-srf06-cc26xx.a(chipinfo.o)
                0x0000000000008580                NOROM_ChipInfo_GetSupportedProtocol_BV
 .text.NOROM_ChipInfo_GetChipFamily
                0x0000000000008590       0x50 contiki-srf06-cc26xx.a(chipinfo.o)
                0x0000000000008590                NOROM_ChipInfo_GetChipFamily
 .text.NOROM_ChipInfo_GetChipType
                0x00000000000085e0       0x5c contiki-srf06-cc26xx.a(chipinfo.o)
                0x00000000000085e0                NOROM_ChipInfo_GetChipType
 .text.NOROM_ChipInfo_GetHwRevision
                0x000000000000863c       0x70 contiki-srf06-cc26xx.a(chipinfo.o)
                0x000000000000863c                NOROM_ChipInfo_GetHwRevision
 .text.NOROM_ThisCodeIsBuiltForCC26xxHwRev22AndLater_HaltIfViolated
                0x00000000000086ac       0x14 contiki-srf06-cc26xx.a(chipinfo.o)
                0x00000000000086ac                NOROM_ThisCodeIsBuiltForCC26xxHwRev22AndLater_HaltIfViolated
 .text.NOROM_TRNGConfigure
                0x00000000000086c0       0x38 contiki-srf06-cc26xx.a(trng.o)
                0x00000000000086c0                NOROM_TRNGConfigure
 .text.queuebuf_init
                0x00000000000086f8       0x1c contiki-srf06-cc26xx.a(queuebuf.o)
                0x00000000000086f8                queuebuf_init
 .text.queuebuf_new_from_packetbuf
                0x0000000000008714       0x48 contiki-srf06-cc26xx.a(queuebuf.o)
                0x0000000000008714                queuebuf_new_from_packetbuf
 .text.queuebuf_update_attr_from_packetbuf
                0x000000000000875c        0xc contiki-srf06-cc26xx.a(queuebuf.o)
                0x000000000000875c                queuebuf_update_attr_from_packetbuf
 .text.queuebuf_free
                0x0000000000008768       0x2c contiki-srf06-cc26xx.a(queuebuf.o)
                0x0000000000008768                queuebuf_free
 .text.queuebuf_to_packetbuf
                0x0000000000008794       0x30 contiki-srf06-cc26xx.a(queuebuf.o)
                0x0000000000008794                queuebuf_to_packetbuf
 .text.queuebuf_attr
                0x00000000000087c4        0xc contiki-srf06-cc26xx.a(queuebuf.o)
                0x00000000000087c4                queuebuf_attr
 .text.packetbuf_compact
                0x00000000000087d0       0x4c contiki-srf06-cc26xx.a(packetbuf.o)
                0x00000000000087d0                packetbuf_compact
 .text.packetbuf_copyto
                0x000000000000881c       0x50 contiki-srf06-cc26xx.a(packetbuf.o)
                0x000000000000881c                packetbuf_copyto
 .text.packetbuf_hdralloc
                0x000000000000886c       0x58 contiki-srf06-cc26xx.a(packetbuf.o)
                0x000000000000886c                packetbuf_hdralloc
 .text.packetbuf_hdrreduce
                0x00000000000088c4       0x2c contiki-srf06-cc26xx.a(packetbuf.o)
                0x00000000000088c4                packetbuf_hdrreduce
 .text.packetbuf_set_datalen
                0x00000000000088f0        0xc contiki-srf06-cc26xx.a(packetbuf.o)
                0x00000000000088f0                packetbuf_set_datalen
 .text.packetbuf_dataptr
                0x00000000000088fc       0x20 contiki-srf06-cc26xx.a(packetbuf.o)
                0x00000000000088fc                packetbuf_dataptr
 .text.packetbuf_hdrptr
                0x000000000000891c        0x8 contiki-srf06-cc26xx.a(packetbuf.o)
                0x000000000000891c                packetbuf_hdrptr
 .text.packetbuf_datalen
                0x0000000000008924        0xc contiki-srf06-cc26xx.a(packetbuf.o)
                0x0000000000008924                packetbuf_datalen
 .text.packetbuf_totlen
                0x0000000000008930       0x24 contiki-srf06-cc26xx.a(packetbuf.o)
                0x0000000000008930                packetbuf_totlen
 .text.packetbuf_attr_clear
                0x0000000000008954       0x30 contiki-srf06-cc26xx.a(packetbuf.o)
                0x0000000000008954                packetbuf_attr_clear
 .text.packetbuf_clear
                0x0000000000008984       0x20 contiki-srf06-cc26xx.a(packetbuf.o)
                0x0000000000008984                packetbuf_clear
 .text.packetbuf_copyfrom
                0x00000000000089a4       0x40 contiki-srf06-cc26xx.a(packetbuf.o)
                0x00000000000089a4                packetbuf_copyfrom
 .text.packetbuf_attr_copyto
                0x00000000000089e4       0x3c contiki-srf06-cc26xx.a(packetbuf.o)
                0x00000000000089e4                packetbuf_attr_copyto
 .text.packetbuf_attr_copyfrom
                0x0000000000008a20       0x3c contiki-srf06-cc26xx.a(packetbuf.o)
                0x0000000000008a20                packetbuf_attr_copyfrom
 .text.packetbuf_set_attr
                0x0000000000008a5c       0x10 contiki-srf06-cc26xx.a(packetbuf.o)
                0x0000000000008a5c                packetbuf_set_attr
 .text.packetbuf_attr
                0x0000000000008a6c        0xc contiki-srf06-cc26xx.a(packetbuf.o)
                0x0000000000008a6c                packetbuf_attr
 .text.packetbuf_set_addr
                0x0000000000008a78       0x18 contiki-srf06-cc26xx.a(packetbuf.o)
                0x0000000000008a78                packetbuf_set_addr
 .text.packetbuf_addr
                0x0000000000008a90       0x10 contiki-srf06-cc26xx.a(packetbuf.o)
                0x0000000000008a90                packetbuf_addr
 .text.packetbuf_holds_broadcast
                0x0000000000008aa0       0x10 contiki-srf06-cc26xx.a(packetbuf.o)
                0x0000000000008aa0                packetbuf_holds_broadcast
 .text.netstack_init
                0x0000000000008ab0       0x38 contiki-srf06-cc26xx.a(netstack.o)
                0x0000000000008ab0                netstack_init
 .text.linkaddr_copy
                0x0000000000008ae8        0x8 contiki-srf06-cc26xx.a(linkaddr.o)
                0x0000000000008ae8                linkaddr_copy
 .text.linkaddr_cmp
                0x0000000000008af0       0x10 contiki-srf06-cc26xx.a(linkaddr.o)
                0x0000000000008af0                linkaddr_cmp
 .text.input_packet
                0x0000000000008b00        0xc contiki-srf06-cc26xx.a(csma.o)
 .text.on       0x0000000000008b0c        0xc contiki-srf06-cc26xx.a(csma.o)
 .text.off      0x0000000000008b18        0xc contiki-srf06-cc26xx.a(csma.o)
 .text.channel_check_interval
                0x0000000000008b24       0x10 contiki-srf06-cc26xx.a(csma.o)
 .text.transmit_packet_list
                0x0000000000008b34       0x34 contiki-srf06-cc26xx.a(csma.o)
 .text.schedule_transmission
                0x0000000000008b68       0x58 contiki-srf06-cc26xx.a(csma.o)
 .text.send_packet
                0x0000000000008bc0      0x164 contiki-srf06-cc26xx.a(csma.o)
 .text.init     0x0000000000008d24       0x24 contiki-srf06-cc26xx.a(csma.o)
 .text.tx_done  0x0000000000008d48       0x94 contiki-srf06-cc26xx.a(csma.o)
 .text.packet_sent
                0x0000000000008ddc       0xe8 contiki-srf06-cc26xx.a(csma.o)
 .text.mac_call_sent_callback
                0x0000000000008ec4       0x10 contiki-srf06-cc26xx.a(mac.o)
                0x0000000000008ec4                mac_call_sent_callback
 .text.on       0x0000000000008ed4        0xc contiki-srf06-cc26xx.a(nullrdc.o)
 .text.channel_check_interval
                0x0000000000008ee0        0x4 contiki-srf06-cc26xx.a(nullrdc.o)
 .text.init     0x0000000000008ee4        0xc contiki-srf06-cc26xx.a(nullrdc.o)
 .text.send_one_packet
                0x0000000000008ef0      0x114 contiki-srf06-cc26xx.a(nullrdc.o)
 .text.send_list
                0x0000000000009004       0x24 contiki-srf06-cc26xx.a(nullrdc.o)
 .text.send_packet
                0x0000000000009028        0x4 contiki-srf06-cc26xx.a(nullrdc.o)
 .text.off      0x000000000000902c       0x1c contiki-srf06-cc26xx.a(nullrdc.o)
 .text.packet_input
                0x0000000000009048       0x54 contiki-srf06-cc26xx.a(nullrdc.o)
 .text.init     0x000000000000909c        0x4 contiki-srf06-cc26xx.a(nullsec.o)
 .text.input    0x00000000000090a0        0xc contiki-srf06-cc26xx.a(nullsec.o)
 .text.send     0x00000000000090ac       0x20 contiki-srf06-cc26xx.a(nullsec.o)
 .text.sensor_common_read_reg
                0x00000000000090cc       0x1c contiki-srf06-cc26xx.a(sensor-common.o)
                0x00000000000090cc                sensor_common_read_reg
 .text.sensor_common_write_reg
                0x00000000000090e8       0x38 contiki-srf06-cc26xx.a(sensor-common.o)
                0x00000000000090e8                sensor_common_write_reg
 .text.sensor_common_set_error_data
                0x0000000000009120       0x10 contiki-srf06-cc26xx.a(sensor-common.o)
                0x0000000000009120                sensor_common_set_error_data
 .text.write_enable
                0x0000000000009130       0x2c contiki-srf06-cc26xx.a(ext-flash.o)
 .text.verify_part
                0x000000000000915c       0x7c contiki-srf06-cc26xx.a(ext-flash.o)
 .text.wait_ready
                0x00000000000091d8       0x64 contiki-srf06-cc26xx.a(ext-flash.o)
 .text.power_down
                0x000000000000923c       0x50 contiki-srf06-cc26xx.a(ext-flash.o)
 .text.ext_flash_open
                0x000000000000928c       0x60 contiki-srf06-cc26xx.a(ext-flash.o)
                0x000000000000928c                ext_flash_open
 .text.ext_flash_close
                0x00000000000092ec       0x10 contiki-srf06-cc26xx.a(ext-flash.o)
                0x00000000000092ec                ext_flash_close
 .text.ext_flash_read
                0x00000000000092fc       0x54 contiki-srf06-cc26xx.a(ext-flash.o)
                0x00000000000092fc                ext_flash_read
 .text.ext_flash_write
                0x0000000000009350       0x98 contiki-srf06-cc26xx.a(ext-flash.o)
                0x0000000000009350                ext_flash_write
 .text.ext_flash_erase
                0x00000000000093e8       0x90 contiki-srf06-cc26xx.a(ext-flash.o)
                0x00000000000093e8                ext_flash_erase
 .text.ext_flash_init
                0x0000000000009478       0x14 contiki-srf06-cc26xx.a(ext-flash.o)
                0x0000000000009478                ext_flash_init
 .text.accessible
                0x000000000000948c       0x24 contiki-srf06-cc26xx.a(board-spi.o)
 .text.board_spi_write
                0x00000000000094b0       0x3c contiki-srf06-cc26xx.a(board-spi.o)
                0x00000000000094b0                board_spi_write
 .text.board_spi_read
                0x00000000000094ec       0x48 contiki-srf06-cc26xx.a(board-spi.o)
                0x00000000000094ec                board_spi_read
 .text.board_spi_flush
                0x0000000000009534       0x24 contiki-srf06-cc26xx.a(board-spi.o)
                0x0000000000009534                board_spi_flush
 .text.board_spi_open
                0x0000000000009558       0xc0 contiki-srf06-cc26xx.a(board-spi.o)
                0x0000000000009558                board_spi_open
 .text.board_spi_close
                0x0000000000009618       0x70 contiki-srf06-cc26xx.a(board-spi.o)
                0x0000000000009618                board_spi_close
 .text.aux_ctrl_power_up
                0x0000000000009688       0x28 contiki-srf06-cc26xx.a(aux-ctrl.o)
                0x0000000000009688                aux_ctrl_power_up
 .text.aux_ctrl_register_consumer
                0x00000000000096b0       0x40 contiki-srf06-cc26xx.a(aux-ctrl.o)
                0x00000000000096b0                aux_ctrl_register_consumer
 .text.aux_ctrl_power_down
                0x00000000000096f0       0x6c contiki-srf06-cc26xx.a(aux-ctrl.o)
                0x00000000000096f0                aux_ctrl_power_down
 .text.aux_ctrl_unregister_consumer
                0x000000000000975c       0x28 contiki-srf06-cc26xx.a(aux-ctrl.o)
                0x000000000000975c                aux_ctrl_unregister_consumer
 .text.process_thread_rf_core_process
                0x0000000000009784       0x58 contiki-srf06-cc26xx.a(rf-core.o)
 .text.rf_core_is_accessible
                0x00000000000097dc       0x10 contiki-srf06-cc26xx.a(rf-core.o)
                0x00000000000097dc                rf_core_is_accessible
 .text.rf_core_send_cmd
                0x00000000000097ec       0xa4 contiki-srf06-cc26xx.a(rf-core.o)
                0x00000000000097ec                rf_core_send_cmd
 .text.rf_core_wait_cmd_done
                0x0000000000009890       0x30 contiki-srf06-cc26xx.a(rf-core.o)
                0x0000000000009890                rf_core_wait_cmd_done
 .text.rf_core_power_up
                0x00000000000098c0       0xcc contiki-srf06-cc26xx.a(rf-core.o)
                0x00000000000098c0                rf_core_power_up
 .text.rf_core_start_rat
                0x000000000000998c       0x68 contiki-srf06-cc26xx.a(rf-core.o)
                0x000000000000998c                rf_core_start_rat
 .text.rf_core_stop_rat
                0x00000000000099f4       0x7c contiki-srf06-cc26xx.a(rf-core.o)
                0x00000000000099f4                rf_core_stop_rat
 .text.rf_core_power_down
                0x0000000000009a70       0xec contiki-srf06-cc26xx.a(rf-core.o)
                0x0000000000009a70                rf_core_power_down
 .text.rf_core_set_modesel
                0x0000000000009b5c       0x44 contiki-srf06-cc26xx.a(rf-core.o)
                0x0000000000009b5c                rf_core_set_modesel
 .text.rf_core_boot
                0x0000000000009ba0       0x1c contiki-srf06-cc26xx.a(rf-core.o)
                0x0000000000009ba0                rf_core_boot
 .text.rf_core_restart_rat
                0x0000000000009bbc       0x18 contiki-srf06-cc26xx.a(rf-core.o)
                0x0000000000009bbc                rf_core_restart_rat
 .text.rf_core_setup_interrupts
                0x0000000000009bd4       0x74 contiki-srf06-cc26xx.a(rf-core.o)
                0x0000000000009bd4                rf_core_setup_interrupts
 .text.rf_core_cmd_done_en
                0x0000000000009c48       0x28 contiki-srf06-cc26xx.a(rf-core.o)
                0x0000000000009c48                rf_core_cmd_done_en
 .text.rf_core_cmd_done_dis
                0x0000000000009c70       0x18 contiki-srf06-cc26xx.a(rf-core.o)
                0x0000000000009c70                rf_core_cmd_done_dis
 .text.rf_core_get_last_radio_op
                0x0000000000009c88        0xc contiki-srf06-cc26xx.a(rf-core.o)
                0x0000000000009c88                rf_core_get_last_radio_op
 .text.rf_core_init_radio_op
                0x0000000000009c94       0x20 contiki-srf06-cc26xx.a(rf-core.o)
                0x0000000000009c94                rf_core_init_radio_op
 .text.rf_core_primary_mode_register
                0x0000000000009cb4        0xc contiki-srf06-cc26xx.a(rf-core.o)
                0x0000000000009cb4                rf_core_primary_mode_register
 .text.RFCCPE1IntHandler
                0x0000000000009cc0       0x28 contiki-srf06-cc26xx.a(rf-core.o)
                0x0000000000009cc0                RFCCPE1IntHandler
 .text.RFCCPE0IntHandler
                0x0000000000009ce8       0x5c contiki-srf06-cc26xx.a(rf-core.o)
                0x0000000000009ce8                RFCCPE0IntHandler
 .text.rf_ble_is_active
                0x0000000000009d44        0xc contiki-srf06-cc26xx.a(rf-ble.o)
                0x0000000000009d44                rf_ble_is_active
 .text.memb_init
                0x0000000000009d50       0x24 contiki-srf06-cc26xx.a(memb.o)
                0x0000000000009d50                memb_init
 .text.memb_alloc
                0x0000000000009d74       0x3c contiki-srf06-cc26xx.a(memb.o)
                0x0000000000009d74                memb_alloc
 .text.memb_free
                0x0000000000009db0       0x44 contiki-srf06-cc26xx.a(memb.o)
                0x0000000000009db0                memb_free
 .text.memb_inmemb
                0x0000000000009df4       0x1c contiki-srf06-cc26xx.a(memb.o)
                0x0000000000009df4                memb_inmemb
 .text.adv_packet_sent
                0x0000000000009e10        0x4 contiki-srf06-cc26xx.a(broadcast-annou)
 .text.set_timers
                0x0000000000009e14       0x3c contiki-srf06-cc26xx.a(broadcast-annou)
 .text.send_timer
                0x0000000000009e50       0x18 contiki-srf06-cc26xx.a(broadcast-annou)
 .text.send_adv
                0x0000000000009e68       0x58 contiki-srf06-cc26xx.a(broadcast-annou)
 .text.adv_packet_received
                0x0000000000009ec0       0x48 contiki-srf06-cc26xx.a(broadcast-annou)
 .text.new_announcement
                0x0000000000009f08       0x18 contiki-srf06-cc26xx.a(broadcast-annou)
 .text.broadcast_announcement_init
                0x0000000000009f20       0x30 contiki-srf06-cc26xx.a(broadcast-annou)
                0x0000000000009f20                broadcast_announcement_init
 .text.abc_open
                0x0000000000009f50       0x20 contiki-srf06-cc26xx.a(abc.o)
                0x0000000000009f50                abc_open
 .text.abc_close
                0x0000000000009f70        0x4 contiki-srf06-cc26xx.a(abc.o)
                0x0000000000009f70                abc_close
 .text.abc_send
                0x0000000000009f74        0x4 contiki-srf06-cc26xx.a(abc.o)
                0x0000000000009f74                abc_send
 .text.abc_input
                0x0000000000009f78        0xc contiki-srf06-cc26xx.a(abc.o)
                0x0000000000009f78                abc_input
 .text.abc_sent
                0x0000000000009f84        0xc contiki-srf06-cc26xx.a(abc.o)
                0x0000000000009f84                abc_sent
 .text.announcement_init
                0x0000000000009f90        0xc contiki-srf06-cc26xx.a(announcement.o)
                0x0000000000009f90                announcement_init
 .text.announcement_register_observer_callback
                0x0000000000009f9c        0xc contiki-srf06-cc26xx.a(announcement.o)
                0x0000000000009f9c                announcement_register_observer_callback
 .text.announcement_list
                0x0000000000009fa8        0xc contiki-srf06-cc26xx.a(announcement.o)
                0x0000000000009fa8                announcement_list
 .text.announcement_heard
                0x0000000000009fb4       0x3c contiki-srf06-cc26xx.a(announcement.o)
                0x0000000000009fb4                announcement_heard
 .text.chameleon_init
                0x0000000000009ff0        0x4 contiki-srf06-cc26xx.a(chameleon.o)
                0x0000000000009ff0                chameleon_init
 .text.chameleon_parse
                0x0000000000009ff4       0x1c contiki-srf06-cc26xx.a(chameleon.o)
                0x0000000000009ff4                chameleon_parse
 .text.chameleon_create
                0x000000000000a010       0x20 contiki-srf06-cc26xx.a(chameleon.o)
                0x000000000000a010                chameleon_create
 .text.chameleon_hdrsize
                0x000000000000a030        0xc contiki-srf06-cc26xx.a(chameleon.o)
                0x000000000000a030                chameleon_hdrsize
 .text.NOROM_SetupGetTrimForXoscHfCtl.part.3
                0x000000000000a03c       0x20 contiki-srf06-cc26xx.a(setup_rom.o)
 .text.NOROM_SetupGetTrimForRadcExtCfg.part.4
                0x000000000000a05c       0x20 contiki-srf06-cc26xx.a(setup_rom.o)
 .text.NOROM_SetupAfterColdResetWakeupFromShutDownCfg1
                0x000000000000a07c       0x7c contiki-srf06-cc26xx.a(setup_rom.o)
                0x000000000000a07c                NOROM_SetupAfterColdResetWakeupFromShutDownCfg1
 .text.NOROM_SetupAfterColdResetWakeupFromShutDownCfg3
                0x000000000000a0f8      0x194 contiki-srf06-cc26xx.a(setup_rom.o)
                0x000000000000a0f8                NOROM_SetupAfterColdResetWakeupFromShutDownCfg3
 .text.NOROM_SetupGetTrimForAnabypassValue1
                0x000000000000a28c       0x64 contiki-srf06-cc26xx.a(setup_rom.o)
                0x000000000000a28c                NOROM_SetupGetTrimForAnabypassValue1
 .text.NOROM_SetupGetTrimForAmpcompCtrl
                0x000000000000a2f0       0x74 contiki-srf06-cc26xx.a(setup_rom.o)
                0x000000000000a2f0                NOROM_SetupGetTrimForAmpcompCtrl
 .text.NOROM_SetupAfterColdResetWakeupFromShutDownCfg2
                0x000000000000a364      0x194 contiki-srf06-cc26xx.a(setup_rom.o)
                0x000000000000a364                NOROM_SetupAfterColdResetWakeupFromShutDownCfg2
 .text.NOROM_SetupSetCacheModeAccordingToCcfgSetting
                0x000000000000a4f8       0x6c contiki-srf06-cc26xx.a(setup_rom.o)
                0x000000000000a4f8                NOROM_SetupSetCacheModeAccordingToCcfgSetting
 .text.mac_sequence_is_duplicate
                0x000000000000a564       0x50 contiki-srf06-cc26xx.a(mac-sequence.o)
                0x000000000000a564                mac_sequence_is_duplicate
 .text.mac_sequence_register_seqno
                0x000000000000a5b4       0x6c contiki-srf06-cc26xx.a(mac-sequence.o)
                0x000000000000a5b4                mac_sequence_register_seqno
 .text.parse    0x000000000000a620       0xa4 contiki-srf06-cc26xx.a(framer-802154.o)
 .text.create_frame.isra.0
                0x000000000000a6c4      0x140 contiki-srf06-cc26xx.a(framer-802154.o)
 .text.create   0x000000000000a804        0x8 contiki-srf06-cc26xx.a(framer-802154.o)
 .text.hdr_length
                0x000000000000a80c        0x8 contiki-srf06-cc26xx.a(framer-802154.o)
 .text.header_size
                0x000000000000a814       0x1c contiki-srf06-cc26xx.a(chameleon-bitop)
 .text.get_bits
                0x000000000000a830       0xa8 contiki-srf06-cc26xx.a(chameleon-bitop)
                0x000000000000a830                get_bits
 .text.unpack_header
                0x000000000000a8d8       0xb8 contiki-srf06-cc26xx.a(chameleon-bitop)
 .text.set_bits
                0x000000000000a990       0xcc contiki-srf06-cc26xx.a(chameleon-bitop)
                0x000000000000a990                set_bits
 .text.pack_header
                0x000000000000aa5c       0xa8 contiki-srf06-cc26xx.a(chameleon-bitop)
 .text.frame802154_get_pan_id
                0x000000000000ab04        0xc contiki-srf06-cc26xx.a(frame802154.o)
                0x000000000000ab04                frame802154_get_pan_id
 .text.frame802154_has_panid
                0x000000000000ab10       0xb8 contiki-srf06-cc26xx.a(frame802154.o)
                0x000000000000ab10                frame802154_has_panid
 .text.field_len
                0x000000000000abc8       0x9c contiki-srf06-cc26xx.a(frame802154.o)
 .text.frame802154_is_broadcast_addr
                0x000000000000ac64       0x20 contiki-srf06-cc26xx.a(frame802154.o)
                0x000000000000ac64                frame802154_is_broadcast_addr
 .text.frame802154_hdrlen
                0x000000000000ac84       0x34 contiki-srf06-cc26xx.a(frame802154.o)
                0x000000000000ac84                frame802154_hdrlen
 .text.frame802154_create_fcf
                0x000000000000acb8       0x64 contiki-srf06-cc26xx.a(frame802154.o)
                0x000000000000acb8                frame802154_create_fcf
 .text.frame802154_create
                0x000000000000ad1c       0xb8 contiki-srf06-cc26xx.a(frame802154.o)
                0x000000000000ad1c                frame802154_create
 .text.frame802154_parse_fcf
                0x000000000000add4       0x4c contiki-srf06-cc26xx.a(frame802154.o)
                0x000000000000add4                frame802154_parse_fcf
 .text.frame802154_parse
                0x000000000000ae20      0x134 contiki-srf06-cc26xx.a(frame802154.o)
                0x000000000000ae20                frame802154_parse
 .text.exp2     0x000000000000af54       0x10 /usr/lib/gcc/arm-none-eabi/4.9.3/../../../arm-none-eabi/lib/armv7-m/libm.a(lib_a-w_exp2.o)
                0x000000000000af54                exp2
 .text.pow      0x000000000000af64      0x2f0 /usr/lib/gcc/arm-none-eabi/4.9.3/../../../arm-none-eabi/lib/armv7-m/libm.a(lib_a-w_pow.o)
                0x000000000000af64                pow
 .text.__ieee754_sqrt
                0x000000000000b254      0x18c /usr/lib/gcc/arm-none-eabi/4.9.3/../../../arm-none-eabi/lib/armv7-m/libm.a(lib_a-e_sqrt.o)
                0x000000000000b254                __ieee754_sqrt
 .text.fabs     0x000000000000b3e0        0x8 /usr/lib/gcc/arm-none-eabi/4.9.3/../../../arm-none-eabi/lib/armv7-m/libm.a(lib_a-s_fabs.o)
                0x000000000000b3e0                fabs
 .text.finite   0x000000000000b3e8        0xc /usr/lib/gcc/arm-none-eabi/4.9.3/../../../arm-none-eabi/lib/armv7-m/libm.a(lib_a-s_finite.o)
                0x000000000000b3e8                finite
 .text.__fpclassifyd
                0x000000000000b3f4       0x58 /usr/lib/gcc/arm-none-eabi/4.9.3/../../../arm-none-eabi/lib/armv7-m/libm.a(lib_a-s_fpclassify.o)
                0x000000000000b3f4                __fpclassifyd
 .text.matherr  0x000000000000b44c        0x4 /usr/lib/gcc/arm-none-eabi/4.9.3/../../../arm-none-eabi/lib/armv7-m/libm.a(lib_a-s_matherr.o)
                0x000000000000b44c                matherr
 .text.nan      0x000000000000b450        0xc /usr/lib/gcc/arm-none-eabi/4.9.3/../../../arm-none-eabi/lib/armv7-m/libm.a(lib_a-s_nan.o)
                0x000000000000b450                nan
 .text.rint     0x000000000000b45c      0x11c /usr/lib/gcc/arm-none-eabi/4.9.3/../../../arm-none-eabi/lib/armv7-m/libm.a(lib_a-s_rint.o)
                0x000000000000b45c                rint
 .text.copysign
                0x000000000000b578       0x10 /usr/lib/gcc/arm-none-eabi/4.9.3/../../../arm-none-eabi/lib/armv7-m/libm.a(lib_a-s_copysign.o)
                0x000000000000b578                copysign
 .text          0x000000000000b588      0x370 /usr/lib/gcc/arm-none-eabi/4.9.3/armv7-m/libgcc.a(_arm_addsubdf3.o)
                0x000000000000b588                __aeabi_drsub
                0x000000000000b590                __aeabi_dsub
                0x000000000000b590                __subdf3
                0x000000000000b594                __adddf3
                0x000000000000b594                __aeabi_dadd
                0x000000000000b80c                __aeabi_ui2d
                0x000000000000b80c                __floatunsidf
                0x000000000000b82c                __floatsidf
                0x000000000000b82c                __aeabi_i2d
                0x000000000000b850                __extendsfdf2
                0x000000000000b850                __aeabi_f2d
                0x000000000000b88c                __aeabi_ul2d
                0x000000000000b88c                __floatundidf
                0x000000000000b89c                __floatdidf
                0x000000000000b89c                __aeabi_l2d
 .text          0x000000000000b8f8      0x424 /usr/lib/gcc/arm-none-eabi/4.9.3/armv7-m/libgcc.a(_arm_muldivdf3.o)
                0x000000000000b8f8                __aeabi_dmul
                0x000000000000b8f8                __muldf3
                0x000000000000bb4c                __aeabi_ddiv
                0x000000000000bb4c                __divdf3
 .text          0x000000000000bd1c      0x110 /usr/lib/gcc/arm-none-eabi/4.9.3/armv7-m/libgcc.a(_arm_cmpdf2.o)
                0x000000000000bd1c                __gtdf2
                0x000000000000bd1c                __gedf2
                0x000000000000bd24                __ltdf2
                0x000000000000bd24                __ledf2
                0x000000000000bd2c                __cmpdf2
                0x000000000000bd2c                __eqdf2
                0x000000000000bd2c                __nedf2
                0x000000000000bda8                __aeabi_cdrcmple
                0x000000000000bdb8                __aeabi_cdcmple
                0x000000000000bdb8                __aeabi_cdcmpeq
                0x000000000000bdc8                __aeabi_dcmpeq
                0x000000000000bddc                __aeabi_dcmplt
                0x000000000000bdf0                __aeabi_dcmple
                0x000000000000be04                __aeabi_dcmpge
                0x000000000000be18                __aeabi_dcmpgt
 .text          0x000000000000be2c       0xa0 /usr/lib/gcc/arm-none-eabi/4.9.3/armv7-m/libgcc.a(_arm_truncdfsf2.o)
                0x000000000000be2c                __aeabi_d2f
                0x000000000000be2c                __truncdfsf2
 .text          0x000000000000becc      0x21c /usr/lib/gcc/arm-none-eabi/4.9.3/armv7-m/libgcc.a(_arm_addsubsf3.o)
                0x000000000000becc                __aeabi_frsub
                0x000000000000bed4                __subsf3
                0x000000000000bed4                __aeabi_fsub
                0x000000000000bed8                __aeabi_fadd
                0x000000000000bed8                __addsf3
                0x000000000000c038                __aeabi_ui2f
                0x000000000000c038                __floatunsisf
                0x000000000000c040                __aeabi_i2f
                0x000000000000c040                __floatsisf
                0x000000000000c05c                __floatundisf
                0x000000000000c05c                __aeabi_ul2f
                0x000000000000c06c                __floatdisf
                0x000000000000c06c                __aeabi_l2f
 .text          0x000000000000c0e8      0x2a0 /usr/lib/gcc/arm-none-eabi/4.9.3/armv7-m/libgcc.a(_arm_muldivsf3.o)
                0x000000000000c0e8                __mulsf3
                0x000000000000c0e8                __aeabi_fmul
                0x000000000000c250                __divsf3
                0x000000000000c250                __aeabi_fdiv
 .text          0x000000000000c388       0x4c /usr/lib/gcc/arm-none-eabi/4.9.3/armv7-m/libgcc.a(_arm_fixsfsi.o)
                0x000000000000c388                __fixsfsi
                0x000000000000c388                __aeabi_f2iz
 .text          0x000000000000c3d4       0x30 /usr/lib/gcc/arm-none-eabi/4.9.3/armv7-m/libgcc.a(_aeabi_uldivmod.o)
                0x000000000000c3d4                __aeabi_uldivmod
 .text          0x000000000000c404       0x60 /usr/lib/gcc/arm-none-eabi/4.9.3/armv7-m/libgcc.a(bpabi.o)
                0x000000000000c404                __gnu_ldivmod_helper
                0x000000000000c434                __gnu_uldivmod_helper
 .text          0x000000000000c464        0x4 /usr/lib/gcc/arm-none-eabi/4.9.3/armv7-m/libgcc.a(_dvmd_tls.o)
                0x000000000000c464                __aeabi_ldiv0
                0x000000000000c464                __aeabi_idiv0
 .text          0x000000000000c468      0x2ac /usr/lib/gcc/arm-none-eabi/4.9.3/armv7-m/libgcc.a(_divdi3.o)
                0x000000000000c468                __divdi3
 .text          0x000000000000c714      0x270 /usr/lib/gcc/arm-none-eabi/4.9.3/armv7-m/libgcc.a(_udivdi3.o)
                0x000000000000c714                __udivdi3
 .text.atoi     0x000000000000c984        0x8 /usr/lib/gcc/arm-none-eabi/4.9.3/../../../arm-none-eabi/lib/armv7-m/libc.a(lib_a-atoi.o)
                0x000000000000c984                atoi
 .text.__errno  0x000000000000c98c        0xc /usr/lib/gcc/arm-none-eabi/4.9.3/../../../arm-none-eabi/lib/armv7-m/libc.a(lib_a-errno.o)
                0x000000000000c98c                __errno
 .text.memcmp   0x000000000000c998       0x64 /usr/lib/gcc/arm-none-eabi/4.9.3/../../../arm-none-eabi/lib/armv7-m/libc.a(lib_a-memcmp.o)
                0x000000000000c998                memcmp
 .text          0x000000000000c9fc       0xec /usr/lib/gcc/arm-none-eabi/4.9.3/../../../arm-none-eabi/lib/armv7-m/libc.a(lib_a-memcpy.o)
                0x000000000000c9fc                memcpy
 .text.memset   0x000000000000cae8       0x9c /usr/lib/gcc/arm-none-eabi/4.9.3/../../../arm-none-eabi/lib/armv7-m/libc.a(lib_a-memset.o)
                0x000000000000cae8                memset
 .text          0x000000000000cb84      0x1bc /usr/lib/gcc/arm-none-eabi/4.9.3/../../../arm-none-eabi/lib/armv7-m/libc.a(lib_a-strcmp.o)
                0x000000000000cb84                strcmp
 .text.strlen   0x000000000000cd40       0x5c /usr/lib/gcc/arm-none-eabi/4.9.3/../../../arm-none-eabi/lib/armv7-m/libc.a(lib_a-strlen.o)
                0x000000000000cd40                strlen
 .text.strncpy  0x000000000000cd9c       0x68 /usr/lib/gcc/arm-none-eabi/4.9.3/../../../arm-none-eabi/lib/armv7-m/libc.a(lib_a-strncpy.o)
                0x000000000000cd9c                strncpy
 .text._strtol_r
                0x000000000000ce04      0x11c /usr/lib/gcc/arm-none-eabi/4.9.3/../../../arm-none-eabi/lib/armv7-m/libc.a(lib_a-strtol.o)
                0x000000000000ce04                _strtol_r
 .text.strtol   0x000000000000cf20       0x18 /usr/lib/gcc/arm-none-eabi/4.9.3/../../../arm-none-eabi/lib/armv7-m/libc.a(lib_a-strtol.o)
                0x000000000000cf20                strtol
 *(SORT(.rodata*))
 .rodata.dp_h   0x000000000000cf38       0x10 /usr/lib/gcc/arm-none-eabi/4.9.3/../../../arm-none-eabi/lib/armv7-m/libm.a(lib_a-e_pow.o)
 .rodata.dp_l   0x000000000000cf48       0x10 /usr/lib/gcc/arm-none-eabi/4.9.3/../../../arm-none-eabi/lib/armv7-m/libm.a(lib_a-e_pow.o)
 .rodata.bp     0x000000000000cf58       0x10 /usr/lib/gcc/arm-none-eabi/4.9.3/../../../arm-none-eabi/lib/armv7-m/libm.a(lib_a-e_pow.o)
 .rodata.TWO52  0x000000000000cf68       0x10 /usr/lib/gcc/arm-none-eabi/4.9.3/../../../arm-none-eabi/lib/armv7-m/libm.a(lib_a-s_rint.o)
 .rodata.mapping_id
                0x000000000000cf78       0x12 cc26xx-data-collection.co
 *fill*         0x000000000000cf8a        0x2 00000000
 .rodata.mapping_object
                0x000000000000cf8c       0x24 cc26xx-data-collection.co
 .rodata.str1.4
                0x000000000000cfb0      0x403 cc26xx-data-collection.co
                                        0x407 (size before relaxing)
 *fill*         0x000000000000d3b3        0x1 00000000
 .rodata.broadcast_call
                0x000000000000d3b4        0x8 cc26xx-data-collection.co
 .rodata.autostart_processes
                0x000000000000d3bc        0x8 cc26xx-data-collection.co
                0x000000000000d3bc                autostart_processes
 .rodata.str1.4
                0x000000000000d3c4       0xee contiki-srf06-cc26xx.a(contiki-main.o)
 *fill*         0x000000000000d4b2        0x2 00000000
 .rodata.str1.4
                0x000000000000d4b4        0x8 contiki-srf06-cc26xx.a(sensors.o)
 .rodata.str1.4
                0x000000000000d4bc        0x7 contiki-srf06-cc26xx.a(bmp-280-sensor.)
 *fill*         0x000000000000d4c3        0x1 00000000
 .rodata.bmp_280_sensor
                0x000000000000d4c4       0x10 contiki-srf06-cc26xx.a(bmp-280-sensor.)
                0x000000000000d4c4                bmp_280_sensor
 .rodata.tmp_007_sensor
                0x000000000000d4d4       0x10 contiki-srf06-cc26xx.a(tmp-007-sensor.)
                0x000000000000d4d4                tmp_007_sensor
 .rodata.str1.4
                0x000000000000d4e4        0x7 contiki-srf06-cc26xx.a(tmp-007-sensor.)
 *fill*         0x000000000000d4eb        0x1 00000000
 .rodata.str1.4
                0x000000000000d4ec        0x8 contiki-srf06-cc26xx.a(opt-3001-sensor)
 .rodata.opt_3001_sensor
                0x000000000000d4f4       0x10 contiki-srf06-cc26xx.a(opt-3001-sensor)
                0x000000000000d4f4                opt_3001_sensor
 .rodata.hdc_1000_sensor
                0x000000000000d504       0x10 contiki-srf06-cc26xx.a(hdc-1000-sensor)
                0x000000000000d504                hdc_1000_sensor
 .rodata.str1.4
                0x000000000000d514        0x8 contiki-srf06-cc26xx.a(hdc-1000-sensor)
 .rodata.mpu_9250_sensor
                0x000000000000d51c       0x10 contiki-srf06-cc26xx.a(mpu-9250-sensor)
                0x000000000000d51c                mpu_9250_sensor
 .rodata.str1.4
                0x000000000000d52c        0x8 contiki-srf06-cc26xx.a(mpu-9250-sensor)
 .rodata.str1.4
                0x000000000000d534        0x7 contiki-srf06-cc26xx.a(button-sensor.o)
 *fill*         0x000000000000d53b        0x1 00000000
 .rodata.button_left_sensor
                0x000000000000d53c       0x10 contiki-srf06-cc26xx.a(button-sensor.o)
                0x000000000000d53c                button_left_sensor
 .rodata.button_right_sensor
                0x000000000000d54c       0x10 contiki-srf06-cc26xx.a(button-sensor.o)
                0x000000000000d54c                button_right_sensor
 .rodata.str1.4
                0x000000000000d55c        0x5 contiki-srf06-cc26xx.a(reed-relay.o)
 *fill*         0x000000000000d561        0x3 00000000
 .rodata.reed_relay_sensor
                0x000000000000d564       0x10 contiki-srf06-cc26xx.a(reed-relay.o)
                0x000000000000d564                reed_relay_sensor
 .rodata.str1.4
                0x000000000000d574       0x10 contiki-srf06-cc26xx.a(batmon-sensor.o)
 .rodata.batmon_sensor
                0x000000000000d584       0x10 contiki-srf06-cc26xx.a(batmon-sensor.o)
                0x000000000000d584                batmon_sensor
 .rodata.output_power
                0x000000000000d594       0x68 contiki-srf06-cc26xx.a(ieee-mode.o)
 .rodata.mode_ieee
                0x000000000000d5fc        0x8 contiki-srf06-cc26xx.a(ieee-mode.o)
 .rodata.ieee_mode_driver
                0x000000000000d604       0x38 contiki-srf06-cc26xx.a(ieee-mode.o)
                0x000000000000d604                ieee_mode_driver
 .rodata.str1.4
                0x000000000000d63c       0x1b contiki-srf06-cc26xx.a(soc-trng.o)
 *fill*         0x000000000000d657        0x1 00000000
 .rodata.str1.4
                0x000000000000d658       0x46 contiki-srf06-cc26xx.a(strformat.o)
 *fill*         0x000000000000d69e        0x2 00000000
 .rodata.buffer.4019
                0x000000000000d6a0       0x10 contiki-srf06-cc26xx.a(strformat.o)
 .rodata.buffer.4028
                0x000000000000d6b0       0x10 contiki-srf06-cc26xx.a(strformat.o)
 .rodata.str1.4
                0x000000000000d6c0        0xf contiki-srf06-cc26xx.a(ctimer.o)
 *fill*         0x000000000000d6cf        0x1 00000000
 .rodata.str1.4
                0x000000000000d6d0        0xc contiki-srf06-cc26xx.a(etimer.o)
 .rodata.str1.4
                0x000000000000d6dc        0xe contiki-srf06-cc26xx.a(serial-line.o)
 *fill*         0x000000000000d6ea        0x2 00000000
 .rodata.attributes
                0x000000000000d6ec        0x4 contiki-srf06-cc26xx.a(broadcast.o)
 .rodata.broadcast
                0x000000000000d6f0        0x8 contiki-srf06-cc26xx.a(broadcast.o)
 .rodata.str1.4
                0x000000000000d6f8        0x5 contiki-srf06-cc26xx.a(rime.o)
 *fill*         0x000000000000d6fd        0x3 00000000
 .rodata.rime_driver
                0x000000000000d700        0xc contiki-srf06-cc26xx.a(rime.o)
                0x000000000000d700                rime_driver
 .rodata.linkaddr_null
                0x000000000000d70c        0x2 contiki-srf06-cc26xx.a(linkaddr.o)
                0x000000000000d70c                linkaddr_null
 *fill*         0x000000000000d70e        0x2 00000000
 .rodata.str1.4
                0x000000000000d710        0x5 contiki-srf06-cc26xx.a(csma.o)
 *fill*         0x000000000000d715        0x3 00000000
 .rodata.csma_driver
                0x000000000000d718       0x1c contiki-srf06-cc26xx.a(csma.o)
                0x000000000000d718                csma_driver
 .rodata.str1.4
                0x000000000000d734        0x8 contiki-srf06-cc26xx.a(nullrdc.o)
 .rodata.nullrdc_driver
                0x000000000000d73c       0x20 contiki-srf06-cc26xx.a(nullrdc.o)
                0x000000000000d73c                nullrdc_driver
 .rodata.str1.4
                0x000000000000d75c        0x8 contiki-srf06-cc26xx.a(nullsec.o)
 .rodata.nullsec_driver
                0x000000000000d764       0x10 contiki-srf06-cc26xx.a(nullsec.o)
                0x000000000000d764                nullsec_driver
 .rodata        0x000000000000d774        0x4 contiki-srf06-cc26xx.a(ext-flash.o)
 .rodata.str1.4
                0x000000000000d778       0x46 contiki-srf06-cc26xx.a(rf-core.o)
 *fill*         0x000000000000d7be        0x2 00000000
 .rodata.broadcast_callbacks
                0x000000000000d7c0        0x8 contiki-srf06-cc26xx.a(broadcast-annou)
 .rodata.attributes
                0x000000000000d7c8        0x2 contiki-srf06-cc26xx.a(abc.o)
 *fill*         0x000000000000d7ca        0x2 00000000
 .rodata.framer_802154
                0x000000000000d7cc        0xc contiki-srf06-cc26xx.a(framer-802154.o)
                0x000000000000d7cc                framer_802154
 .rodata.chameleon_bitopt
                0x000000000000d7d8        0xc contiki-srf06-cc26xx.a(chameleon-bitop)
                0x000000000000d7d8                chameleon_bitopt
 .rodata.bitmask
                0x000000000000d7e4        0x9 contiki-srf06-cc26xx.a(chameleon-bitop)
 *fill*         0x000000000000d7ed        0x3 00000000
 .rodata.str1.4
                0x000000000000d7f0        0x4 /usr/lib/gcc/arm-none-eabi/4.9.3/../../../arm-none-eabi/lib/armv7-m/libm.a(lib_a-w_pow.o)
 .rodata.str1.4
                0x000000000000d7f4        0x4 /usr/lib/gcc/arm-none-eabi/4.9.3/../../../arm-none-eabi/lib/armv7-m/libm.a(lib_a-e_pow.o)
 .rodata.str1.4
                0x000000000000d7f4        0x4 /usr/lib/gcc/arm-none-eabi/4.9.3/../../../arm-none-eabi/lib/armv7-m/libc.a(lib_a-impure.o)
 .rodata._ctype_
                0x000000000000d7f8      0x104 /usr/lib/gcc/arm-none-eabi/4.9.3/../../../arm-none-eabi/lib/armv7-m/libc.a(lib_a-ctype_.o)
                0x000000000000d7f8                _ctype_
                0x000000000000d8fc                _etext = .

.glue_7         0x000000000000d8fc        0x0
 .glue_7        0x000000000000d8fc        0x0 linker stubs

.glue_7t        0x000000000000d8fc        0x0
 .glue_7t       0x000000000000d8fc        0x0 linker stubs

.vfp11_veneer   0x000000000000d8fc        0x0
 .vfp11_veneer  0x000000000000d8fc        0x0 linker stubs

.v4_bx          0x000000000000d8fc        0x0
 .v4_bx         0x000000000000d8fc        0x0 linker stubs

.iplt           0x000000000000d8fc        0x0
 .iplt          0x000000000000d8fc        0x0 obj_srf06-cc26xx/startup_gcc.o

.data           0x0000000020000000      0x5ca load address 0x000000000000d8fc
                0x0000000020000000                _data = .
 *(SORT(vtable))
 *(SORT(.data*))
 .data.impure_data
                0x0000000020000000      0x428 /usr/lib/gcc/arm-none-eabi/4.9.3/../../../arm-none-eabi/lib/armv7-m/libc.a(lib_a-impure.o)
 .data.cc26xx_data_collection_loop_interval
                0x0000000020000428        0x4 cc26xx-data-collection.co
                0x0000000020000428                cc26xx_data_collection_loop_interval
 .data.sync_data
                0x000000002000042c       0x10 cc26xx-data-collection.co
                0x000000002000042c                sync_data
 .data.cc26xx_data_collection_process
                0x000000002000043c       0x10 cc26xx-data-collection.co
                0x000000002000043c                cc26xx_data_collection_process
 .data.pressure
                0x000000002000044c        0x4 cc26xx-data-collection.co
 .data.last_magnto_read
                0x0000000020000450        0x4 cc26xx-data-collection.co
 .data.x        0x0000000020000454        0x4 cc26xx-data-collection.co
                0x0000000020000454                x
 .data.temp     0x0000000020000458        0x4 cc26xx-data-collection.co
 .data.light    0x000000002000045c        0x4 cc26xx-data-collection.co
 .data.sensors_process
                0x0000000020000460       0x10 contiki-srf06-cc26xx.a(sensors.o)
                0x0000000020000460                sensors_process
 .data.sensors  0x0000000020000470       0x24 contiki-srf06-cc26xx.a(sensortag-senso)
                0x0000000020000470                sensors
 .data.buzzer_module
                0x0000000020000494       0x14 contiki-srf06-cc26xx.a(buzzer.o)
 .data.sensortag_module
                0x00000000200004a8       0x14 contiki-srf06-cc26xx.a(board.o)
 .data.uart_module
                0x00000000200004bc       0x14 contiki-srf06-cc26xx.a(cc26xx-uart.o)
 .data.cc26xx_rf_lpm_module
                0x00000000200004d0       0x14 contiki-srf06-cc26xx.a(ieee-mode.o)
 .data.ieee_overrides
                0x00000000200004e4       0x2c contiki-srf06-cc26xx.a(ieee-mode.o)
 .data.tx_power_current
                0x0000000020000510        0x4 contiki-srf06-cc26xx.a(ieee-mode.o)
                0x0000000020000510                tx_power_current
 .data.rng_module
                0x0000000020000514       0x14 contiki-srf06-cc26xx.a(soc-trng.o)
 .data.soc_trng_process
                0x0000000020000528       0x10 contiki-srf06-cc26xx.a(soc-trng.o)
                0x0000000020000528                soc_trng_process
 .data.ctxt     0x0000000020000538        0x8 contiki-srf06-cc26xx.a(dbg-printf.o)
 .data.ctimer_process
                0x0000000020000540       0x10 contiki-srf06-cc26xx.a(ctimer.o)
                0x0000000020000540                ctimer_process
 .data.etimer_process
                0x0000000020000550       0x10 contiki-srf06-cc26xx.a(etimer.o)
                0x0000000020000550                etimer_process
 .data.serial_line_process
                0x0000000020000560       0x10 contiki-srf06-cc26xx.a(serial-line.o)
                0x0000000020000560                serial_line_process
 .data.bufmem   0x0000000020000570        0xc contiki-srf06-cc26xx.a(queuebuf.o)
 .data.buframmem
                0x000000002000057c        0xc contiki-srf06-cc26xx.a(queuebuf.o)
 .data.metadata_memb
                0x0000000020000588        0xc contiki-srf06-cc26xx.a(csma.o)
 .data.neighbor_memb
                0x0000000020000594        0xc contiki-srf06-cc26xx.a(csma.o)
 .data.packet_memb
                0x00000000200005a0        0xc contiki-srf06-cc26xx.a(csma.o)
 .data.rf_core_process
                0x00000000200005ac       0x10 contiki-srf06-cc26xx.a(rf-core.o)
                0x00000000200005ac                rf_core_process
 .data._impure_ptr
                0x00000000200005bc        0x4 /usr/lib/gcc/arm-none-eabi/4.9.3/../../../arm-none-eabi/lib/armv7-m/libc.a(lib_a-impure.o)
                0x00000000200005bc                _impure_ptr
 .data.__ctype_ptr__
                0x00000000200005c0        0x4 /usr/lib/gcc/arm-none-eabi/4.9.3/../../../arm-none-eabi/lib/armv7-m/libc.a(lib_a-ctype_.o)
                0x00000000200005c0                __ctype_ptr__
 .data.mac_pan_id
                0x00000000200005c4        0x2 contiki-srf06-cc26xx.a(frame802154.o)
 .data.execute_once_flag
                0x00000000200005c6        0x1 cc26xx-data-collection.co
 .data.interface
                0x00000000200005c7        0x1 contiki-srf06-cc26xx.a(board-i2c.o)
 .data.rng_ready_event
                0x00000000200005c8        0x1 contiki-srf06-cc26xx.a(soc-trng.o)
 .data.__fdlib_version
                0x00000000200005c9        0x1 /usr/lib/gcc/arm-none-eabi/4.9.3/../../../arm-none-eabi/lib/armv7-m/libm.a(lib_a-s_lib_ver.o)
                0x00000000200005c9                __fdlib_version
                0x00000000200005ca                _edata = .

.igot.plt       0x00000000200005cc        0x0 load address 0x000000000000dec6
 .igot.plt      0x00000000200005cc        0x0 obj_srf06-cc26xx/startup_gcc.o

.ARM.exidx      0x000000000000dec8        0x8
 *(SORT(.ARM.exidx*))
 .ARM.exidx     0x000000000000dec8        0x8 /usr/lib/gcc/arm-none-eabi/4.9.3/armv7-m/libgcc.a(_divdi3.o)
 .ARM.exidx     0x000000000000ded0        0x0 /usr/lib/gcc/arm-none-eabi/4.9.3/armv7-m/libgcc.a(_udivdi3.o)
                                          0x8 (size before relaxing)

.bss            0x00000000200005d0     0x1474
                0x00000000200005d0                _bss = .
 *(SORT(.bss*))
 .bss.count     0x00000000200005d0        0x8 contiki-srf06-cc26xx.a(clock.o)
 .bss.last_rat_timestamp64
                0x00000000200005d8        0x8 contiki-srf06-cc26xx.a(ieee-mode.o)
 .bss.rands_cache
                0x00000000200005e0       0x20 contiki-srf06-cc26xx.a(soc-trng.o)
 .bss.opt_timer
                0x0000000020000600       0x20 cc26xx-data-collection.co
 .bss.magnto_enabled
                0x0000000020000620        0x4 cc26xx-data-collection.co
 .bss.bmp_timer
                0x0000000020000624       0x20 cc26xx-data-collection.co
 .bss.mpu_timer
                0x0000000020000644       0x20 cc26xx-data-collection.co
 .bss.start_time_when_get_timestamp
                0x0000000020000664        0x4 cc26xx-data-collection.co
 .bss.broadcast
                0x0000000020000668       0x18 cc26xx-data-collection.co
 .bss.received_packet
                0x0000000020000680       0x18 cc26xx-data-collection.co
 .bss.start     0x0000000020000698        0x4 cc26xx-data-collection.co
 .bss.accel_data
                0x000000002000069c        0xc cc26xx-data-collection.co
 .bss.sink_busy_timer_before
                0x00000000200006a8       0x20 cc26xx-data-collection.co
 .bss.et_test.9566
                0x00000000200006c8       0x10 cc26xx-data-collection.co
 .bss.accel_gyro_enabled
                0x00000000200006d8        0x4 cc26xx-data-collection.co
 .bss.total_size
                0x00000000200006dc        0x4 cc26xx-data-collection.co
                0x00000000200006dc                total_size
 .bss.tmp_timer
                0x00000000200006e0       0x20 cc26xx-data-collection.co
 .bss.timestamp
                0x0000000020000700        0x4 cc26xx-data-collection.co
 .bss.et_test.9539
                0x0000000020000704       0x10 cc26xx-data-collection.co
 .bss.magnto_data
                0x0000000020000714        0xc cc26xx-data-collection.co
 .bss.data_packet
                0x0000000020000720       0x18 cc26xx-data-collection.co
 .bss.gyro_data
                0x0000000020000738        0xc cc26xx-data-collection.co
 .bss.counter   0x0000000020000744        0x4 cc26xx-data-collection.co
 .bss.et        0x0000000020000748       0x10 cc26xx-data-collection.co
 .bss.sink_busy_timer_after
                0x0000000020000758       0x20 cc26xx-data-collection.co
 .bss.events.4848
                0x0000000020000778        0x4 contiki-srf06-cc26xx.a(sensors.o)
 .bss.i.4847    0x000000002000077c        0x4 contiki-srf06-cc26xx.a(sensors.o)
 .bss.inited    0x0000000020000780        0x4 contiki-srf06-cc26xx.a(leds-arch.o)
 .bss.sensor_value
                0x0000000020000784        0x6 contiki-srf06-cc26xx.a(bmp-280-sensor.)
 *fill*         0x000000002000078a        0x2 
 .bss.calibration_data
                0x000000002000078c       0x1c contiki-srf06-cc26xx.a(bmp-280-sensor.)
 .bss.startup_timer
                0x00000000200007a8       0x20 contiki-srf06-cc26xx.a(bmp-280-sensor.)
 .bss.enabled   0x00000000200007c8        0x4 contiki-srf06-cc26xx.a(bmp-280-sensor.)
 .bss.obj_temp_latched
                0x00000000200007cc        0x4 contiki-srf06-cc26xx.a(tmp-007-sensor.)
 .bss.startup_timer
                0x00000000200007d0       0x20 contiki-srf06-cc26xx.a(tmp-007-sensor.)
 .bss.enabled   0x00000000200007f0        0x4 contiki-srf06-cc26xx.a(tmp-007-sensor.)
 .bss.buf       0x00000000200007f4        0x4 contiki-srf06-cc26xx.a(tmp-007-sensor.)
 .bss.amb_temp_latched
                0x00000000200007f8        0x4 contiki-srf06-cc26xx.a(tmp-007-sensor.)
 .bss.startup_timer
                0x00000000200007fc       0x20 contiki-srf06-cc26xx.a(opt-3001-sensor)
 .bss.state     0x000000002000081c        0x4 contiki-srf06-cc26xx.a(opt-3001-sensor)
 .bss.startup_timer
                0x0000000020000820       0x20 contiki-srf06-cc26xx.a(hdc-1000-sensor)
 .bss.enabled   0x0000000020000840        0x4 contiki-srf06-cc26xx.a(hdc-1000-sensor)
 .bss.data      0x0000000020000844        0x4 contiki-srf06-cc26xx.a(hdc-1000-sensor)
 .bss.sensor_value
                0x0000000020000848        0x6 contiki-srf06-cc26xx.a(mpu-9250-sensor)
 *fill*         0x000000002000084e        0x2 
 .bss.startup_timer
                0x0000000020000850       0x20 contiki-srf06-cc26xx.a(mpu-9250-sensor)
 .bss.state     0x0000000020000870        0x4 contiki-srf06-cc26xx.a(mpu-9250-sensor)
 .bss.rawData.8091
                0x0000000020000874        0x3 contiki-srf06-cc26xx.a(mpu-9250-sensor)
 *fill*         0x0000000020000877        0x1 
 .bss.elements  0x0000000020000878        0x4 contiki-srf06-cc26xx.a(mpu-9250-sensor)
 .bss.right_timer
                0x000000002000087c       0x10 contiki-srf06-cc26xx.a(button-sensor.o)
 .bss.left_timer
                0x000000002000088c       0x10 contiki-srf06-cc26xx.a(button-sensor.o)
 .bss.debouncetimer
                0x000000002000089c        0x8 contiki-srf06-cc26xx.a(reed-relay.o)
 .bss.coffee_fd_set
                0x00000000200008a4       0x60 contiki-srf06-cc26xx.a(cfs-coffee.o)
 .bss.coffee_files
                0x0000000020000904       0x48 contiki-srf06-cc26xx.a(cfs-coffee.o)
 .bss.last_isr_time
                0x000000002000094c        0x4 contiki-srf06-cc26xx.a(soc-rtc.o)
 .bss.enabled   0x0000000020000950        0x4 contiki-srf06-cc26xx.a(batmon-sensor.o)
 .bss.input_handler
                0x0000000020000954        0x4 contiki-srf06-cc26xx.a(cc26xx-uart.o)
 .bss.modules_list_list
                0x0000000020000958        0x4 contiki-srf06-cc26xx.a(lpm.o)
 .bss.handlers  0x000000002000095c       0x80 contiki-srf06-cc26xx.a(gpio-interrupt.)
 .bss.rat_overflow_counter
                0x00000000200009dc        0x4 contiki-srf06-cc26xx.a(ieee-mode.o)
 .bss.last_packet_timestamp
                0x00000000200009e0        0x4 contiki-srf06-cc26xx.a(ieee-mode.o)
 .bss.rx_buf_0  0x00000000200009e4       0x90 contiki-srf06-cc26xx.a(ieee-mode.o)
 .bss.rx_buf_1  0x0000000020000a74       0x90 contiki-srf06-cc26xx.a(ieee-mode.o)
 .bss.rx_buf_2  0x0000000020000b04       0x90 contiki-srf06-cc26xx.a(ieee-mode.o)
 .bss.rx_buf_3  0x0000000020000b94       0x90 contiki-srf06-cc26xx.a(ieee-mode.o)
 .bss.last_value.8804
                0x0000000020000c24        0x4 contiki-srf06-cc26xx.a(ieee-mode.o)
 .bss.rx_data_queue
                0x0000000020000c28        0x8 contiki-srf06-cc26xx.a(ieee-mode.o)
 .bss.rat_overflow_timer
                0x0000000020000c30       0x20 contiki-srf06-cc26xx.a(ieee-mode.o)
 .bss.filter_cmd
                0x0000000020000c50        0x8 contiki-srf06-cc26xx.a(ieee-mode.o)
 .bss.rx_read_entry
                0x0000000020000c58        0x4 contiki-srf06-cc26xx.a(ieee-mode.o)
 .bss.last_rat_overflow
                0x0000000020000c5c        0x4 contiki-srf06-cc26xx.a(ieee-mode.o)
 .bss.cmd_ieee_rx_buf
                0x0000000020000c60       0x80 contiki-srf06-cc26xx.a(ieee-mode.o)
 .bss.rf_stats  0x0000000020000ce0       0x10 contiki-srf06-cc26xx.a(ieee-mode.o)
 .bss.tx_buf    0x0000000020000cf0       0xb6 contiki-srf06-cc26xx.a(ieee-mode.o)